05-01 16:20:50.375  4308  4839 D OplusStartingWindowManager: interceptRemoveStartingWindow: packageName=de.on100.help_to_learn_app,  componentName=de.on100.help_to_learn_app/.MainActivity, isSnapshot=false, startingSurfaceRunnable=null, isDrawCompleted=false, hasSurfaceView=false, inTransition=false
05-01 16:20:50.375  4308  4839 D OplusSplitScreenDnDUI: notifyRemoveStartingWindow isSpitScreenDrag = false mDropTargetSurface = null StartingWindowpkgName = de.on100.help_to_learn_app DragPkg = null isLauncherResume = true
05-01 16:20:50.375  4308  4839 D OplusStartingWindowManager: interceptRemoveStartingWindow: hasSplashWindowFlag() return false for activity=ActivityRecord{640a4a6 u0 de.on100.help_to_learn_app/.MainActivity t12468}
05-01 16:20:50.424  4308  4532 I AccessibilityWindowsPopulator: getInsensibleFlag flag = 0 ,task = Task{5ad6f28 #5 type=undefined I=com.android.launcher/.Launcher}
05-01 16:20:50.743  4308  8418 D WindowManagerServiceExtImpl: extractConfigInfoAndRealFlags rotation=0, screenDp=360, residentWS:0, scenario:0, bounds:2414, serverWinBounds:Rect(0, 0 - 1080, 2414), win=Window{8f21530 u0 Splash Screen de.on100.help_to_learn_app}
05-01 16:20:50.743  4308  8418 V WindowManager: Relayout Window{8f21530 u0 Splash Screen de.on100.help_to_learn_app}: viewVisibility=8, oldvis=0, req=1080x2414, vsysui=
05-01 16:20:50.745  4308  8418 I WindowManager: Window{8f21530 u0 Splash Screen de.on100.help_to_learn_app} state from HAS_DRAWN to NO_SURFACE; reason: destroySurface
05-01 16:20:50.749  4308  8418 D QuickBackInputPolicy: hasMultiChildrenInTask: false
05-01 16:20:50.749  4308  8418 D WindowManager: NFW_findFocusedWindowIfNeeded:Window{51419a9 u0 com.android.launcher/com.android.launcher.Launcher} mCurrentFocus:Window{51419a9 u0 com.android.launcher/com.android.launcher.Launcher}
05-01 16:20:50.752  4308  4551 I UserAwareMgr: event is already released: SceneEvent{id=5004, maxWorkDurationMs=2000, caller='[android]', eventFlags=0, fbPriority=1, keyThreads=[KeyThread{name=ll.splashscreen, owner=systemui, schedPolicy=ux, priority=ANIMATOR}, KeyThread{name=ll.splashworker, owner=systemui, schedPolicy=ux, priority=ANIMATOR}, KeyThread{name=HwUiTask, owner=systemui, schedPolicy=ux, priority=LIGHT}, KeyThread{name=RenderThread, owner=systemui, schedPolicy=ux, priority=HEAVY}], vipBinderGroup=null}, callingPid: 4308, appPid: 0
05-01 16:20:50.754  4308  4839 D QuickBackInputPolicy: hasMultiChildrenInTask: false
05-01 16:20:50.754  4308  4839 D WindowManager: NFW_findFocusedWindowIfNeeded:Window{51419a9 u0 com.android.launcher/com.android.launcher.Launcher} mCurrentFocus:Window{51419a9 u0 com.android.launcher/com.android.launcher.Launcher}
05-01 16:20:50.776  4308  4308 D PowerManagerService: userActivityNoUpdateLocked: groupId=0, eventTime=297365284, event=other, flags=0x0, uid=1000
05-01 16:20:50.782  4308  4592 D PowerManagerService: userActivityNoUpdateLocked: groupId=0, eventTime=297365284, event=touch, flags=0x0, uid=1000
05-01 16:20:50.783  4308  4839 D QuickBackInputPolicy: hasMultiChildrenInTask: false
05-01 16:20:50.783  4308  4839 D QuickBackInputPolicy: isInMultiWindowMode and isInSplitScreen is: false isZoomMode: false isMultiWindowModeInPocketStudio is: false
05-01 16:20:50.783  4308  4839 D QuickBackInputPolicy: shouldTriggerBackKeyEvent focusWin=Window{51419a9 u0 com.android.launcher/com.android.launcher.Launcher}, mLaunchEndTimePair=null, processRunning=true, timeThreshold is: 0
05-01 16:20:50.783  4308  4839 D QuickBackInputPolicy: canInterceptKeyEventToHome Window:Window{51419a9 u0 com.android.launcher/com.android.launcher.Launcher}, do nothing!
05-01 16:20:50.796  4308  4308 D PowerManagerService: userActivityNoUpdateLocked: groupId=0, eventTime=297365305, event=other, flags=0x0, uid=1000
05-01 16:20:50.797  4308  4551 W UserAwareMgr: event can not be released, id: 1010, count: 4252, releasePid: 4308
05-01 16:20:50.798  5291  5628 D ShellBackPreview: Finishing gesture with event action: 1
05-01 16:20:50.798  5291  5628 D ShellBackPreview: onGestureFinished called while no gesture is started
05-01 16:20:50.799  4308  4551 I UserAwareMgr: event is already released: SceneEvent{id=3001, maxWorkDurationMs=15000, caller='[systemui]', eventFlags=0, fbPriority=1, keyThreads=[KeyThread{name=GestureUI, owner=systemui, schedPolicy=ux, priority=HEAVY}, KeyThread{name=RenderThread, owner=systemui, schedPolicy=ux, priority=HEAVY}, KeyThread{name=HwUiTask, owner=systemui, schedPolicy=ux, priority=LIGHT}], vipBinderGroup=null}, callingPid: 5291, appPid: 0
05-01 16:20:50.810  4308  6246 D ActivityTaskManager: Skipping, invisible task: Task{5ad6f28 #5 type=undefined I=com.android.launcher/.Launcher}
05-01 16:20:50.810  4308  6246 D OplusSplitScreenManagerService: com.android.settings unSupportsSplitScreen by blockList or ForbidActivityList
05-01 16:20:50.811  4308  6246 D OplusSplitScreenManagerService: com.android.settings unSupportsSplitScreen by blockList or ForbidActivityList
05-01 16:20:50.811  4308  6246 D OplusSplitScreenManagerService: com.android.settings unSupportsSplitScreen by blockList or ForbidActivityList
05-01 16:20:50.811  4308  6246 D ActivityTaskManager: pre-Filtered:de.on100.help_to_learn_app # com.ss.android.ugc.aweme # com.okinc.okex.gp # nu.gpu.nagram # com.android.chrome # com.twitter.android # com.android.settings # com.android.settings # com.android.mms # com.coloros.gallery3d # com.autonavi.minimap # com.coinglass.android # com.android.phone # com.android.vending # com.github.nrfr # moe.shizuku.privileged.api # com.heytap.quicksearchbox # com.alibaba.android.rimet # com.heytap.speechassist # tv.danmaku.bili # com.google.android.googlequicksearchbox # com.v2ray.ang # com.heytap.mydevices # com.phoenix.read # com.tencent.androidqqmail # com.taobao.idlefish # com.coloros.calculator # com.android.chrome # com.oplus.camera # com.android.contacts # com.coloros.calendar # io.farben.CDEC260 # com.android.chrome # com.ichi2.anki # app.revanced.android.youtube # app.revanced.android.gms # com.zhiliaoapp.musically # com.android.chrome # com.android.chrome # com.larus.nova # youqu.android.todesk # com.android.chrome # idm.internet.download.manager.plus # com.heytap.market # 
05-01 16:20:50.811  4308  6246 D ActivityTaskManager: after skip size 44
05-01 16:20:50.811  4308  4839 D OplusWallpaperAnimationManager: cancelSurfaceAnimation reason: play_animation, isAnimating: false, by window: Window{51419a9 u0 com.android.launcher/com.android.launcher.Launcher}
05-01 16:20:50.812  4308  4839 D OplusWallpaperAnimationManager: startScaleAnimation frame: Rect(0, 0 - 1080, 2414) parentFrame: Rect(0, 0 - 1080, 2414) from: 1.2 to: 1.0 duration: 1000 mTargetZoom: -1.0 targetZoom: -1.0 by window: Window{51419a9 u0 com.android.launcher/com.android.launcher.Launcher}
05-01 16:20:50.812  4308  4534 D OplusWallpaperSurfaceAnimation: setAnimationState curState: INITIALIZED
05-01 16:20:50.812  4308  4534 D OplusWallpaperAnimationManager: onAnimationStart
05-01 16:20:50.812  4308  4534 D OplusWallpaperAnimationManager: setSkipUpdateWallpaperPosition skip: true, wallpaper: Window{48d0d7c u0 false com.android.systemui.wallpapers.ImageWallpaper}
05-01 16:20:50.812  4308  4534 D OplusWallpaperSurfaceAnimation: setAnimationState curState: STARTED
05-01 16:20:50.812  4308  6314 I StatusBarManagerService: disableLocked, what:0, pkg:com.android.launcher userId: 0 token:android.os.BinderProxy@78abffb net1:0 net2:0
05-01 16:20:50.813  4308  6246 E OplusAthenaAm: AthenaAmManagerInternal transact code hello:6,flags:0
05-01 16:20:50.813  4308  6246 E OplusAthenaAm: AthenaAmManagerInternal transact code hello:7,flags:0
05-01 16:20:50.813  4308  6246 E OplusAthenaAm: AthenaAmManagerInternal transact code hello:24,flags:0
05-01 16:20:50.819  4308  4532 I AccessibilityWindowsPopulator: getInsensibleFlag flag = 0 ,task = Task{5ad6f28 #5 type=undefined I=com.android.launcher/.Launcher}
05-01 16:20:50.822  4308  8418 V WindowManager: Relayout Window{b3d851 u0 com.coloros.assistantscreen}: viewVisibility=8, oldvis=8, req=1080x2414, vsysui=HIDE_NAVIGATION LAYOUT_STABLE LAYOUT_HIDE_NAVIGATION LAYOUT_FULLSCREEN, x=-1080, y=0
05-01 16:20:50.823  4308  4551 I UserAwareMgr: handleAppChangedToBg, pkgName: com.coloros.assistantscreen, pid: 8806
05-01 16:20:50.823  4308  4551 W UserAwareMgr: app not not found or not visible: {pkgName='com.coloros.assistantscreen', processName='com.coloros.assistantscreen', pid=8806, uid=10163, flags='assistscreen|bg', renderTid=10871, hwuiTids=[4111, 4134], glTids=null, threadInfos=null}
05-01 16:20:50.823  4308  4551 W UserAwareMgr: handleAppChangedToBg process is empty
05-01 16:20:50.825  4308  6246 D ActivityTaskManager: Skipping, invisible task: Task{5ad6f28 #5 type=undefined I=com.android.launcher/.Launcher}
05-01 16:20:50.825  4308  6246 D OplusSplitScreenManagerService: com.android.settings unSupportsSplitScreen by blockList or ForbidActivityList
05-01 16:20:50.825  4308  6246 D OplusSplitScreenManagerService: com.android.settings unSupportsSplitScreen by blockList or ForbidActivityList
05-01 16:20:50.825  4308  6246 D OplusSplitScreenManagerService: com.android.settings unSupportsSplitScreen by blockList or ForbidActivityList
05-01 16:20:50.827  4308  6246 D ActivityTaskManager: pre-Filtered:de.on100.help_to_learn_app # com.ss.android.ugc.aweme # com.okinc.okex.gp # nu.gpu.nagram # com.android.chrome # com.twitter.android # com.android.settings # com.android.settings # com.android.mms # com.coloros.gallery3d # com.autonavi.minimap # com.coinglass.android # com.android.phone # com.android.vending # com.github.nrfr # moe.shizuku.privileged.api # com.heytap.quicksearchbox # com.alibaba.android.rimet # com.heytap.speechassist # tv.danmaku.bili # com.google.android.googlequicksearchbox # com.v2ray.ang # com.heytap.mydevices # com.phoenix.read # com.tencent.androidqqmail # com.taobao.idlefish # com.coloros.calculator # com.android.chrome # com.oplus.camera # com.android.contacts # com.coloros.calendar # io.farben.CDEC260 # com.android.chrome # com.ichi2.anki # app.revanced.android.youtube # app.revanced.android.gms # com.zhiliaoapp.musically # com.android.chrome # com.android.chrome # com.larus.nova # youqu.android.todesk # com.android.chrome # idm.internet.download.manager.plus # com.heytap.market # 
05-01 16:20:50.827  4308  6246 D ActivityTaskManager: after skip size 44
05-01 16:20:50.829  4308  6246 I FlexibleTaskController: destroyFlexibleTaskSurface() called with: transaction = [Task{4777a94 #12468 type=standard I=de.on100.help_to_learn_app/.MainActivity}], reason = [RemoveTask]
05-01 16:20:50.830  4308  6246 D ActivityTaskManager: notifyTaskRemoved, task: Task{4777a94 #12468 type=standard I=de.on100.help_to_learn_app/.MainActivity} trace:com.android.server.wm.RecentTasks.remove:1488 com.android.server.wm.ActivityTaskSupervisor.cleanUpRemovedTask:2061 com.android.server.wm.ActivityTaskSupervisor.removeTask:2025 com.android.server.wm.ActivityTaskSupervisor.removeTask:1946 com.android.server.wm.ActivityTaskManagerService.removeTask:2303 
05-01 16:20:50.831  4308  6246 D SnapshotCache: removeRunningEntry id: 12468, callers=com.android.server.wm.SnapshotCache.onIdRemoved:96 com.android.server.wm.TaskSnapshotController.removeAndDeleteSnapshot:379 com.android.server.wm.Task.removedFromRecents:1447 
05-01 16:20:50.831  4308  6246 E OplusAthenaAm: AthenaAmManagerInternal transact code hello:5,flags:0
05-01 16:20:50.835  4308  6246 I ActivityManager: Force stopping de.on100.help_to_learn_app appid=10434 user=0: o-stop(40)
05-01 16:20:50.836  4308  8418 D CoreBackPreview: Window{52eb60a u0 de.on100.help_to_learn_app/de.on100.help_to_learn_app.MainActivity}: Setting back callback null
05-01 16:20:50.839  4308  4551 I UserAwareMgr: process killed: {pkgName='de.on100.help_to_learn_app', processName='de.on100.help_to_learn_app', pid=10826, uid=10434, flags='bg', renderTid=10870, hwuiTids=null, glTids=null, threadInfos=null}
05-01 16:20:50.839  4308  4551 I UserAwareMgr: handleProcessKilled, pkgName: de.on100.help_to_learn_app, pid: 10826
05-01 16:20:50.840  4308  6246 I ActivityManager: Killing 10826:de.on100.help_to_learn_app/u0a434 (adj 900): stop de.on100.help_to_learn_app due to o-stop(40)
05-01 16:20:50.841  4308  4530 D DisplayManagerService: Drop pending events for gone uid 10434
05-01 16:20:50.845  4308  5982 I OPM     : handleUidGone uid: 10434, disabled: false
05-01 16:20:50.846  4308  6246 W ActivityTaskManager: Force removing ActivityRecord{640a4a6 u0 de.on100.help_to_learn_app/.MainActivity t12468 f}}: app died, no saved state
05-01 16:20:50.846  4308  6246 D ActivityTaskManager: removeAppToken: ActivityRecord{640a4a6 u0 de.on100.help_to_learn_app/.MainActivity t12468 f}} delayed=false parent=Task{4777a94 #12468 type=standard I=de.on100.help_to_learn_app/.MainActivity} animating=false Callers=com.android.server.wm.DisplayContent.removeAppToken:1734 com.android.server.wm.ActivityRecord.removeFromHistory:5106 com.android.server.wm.ActivityRecord.handleAppDied:5454 com.android.server.wm.WindowProcessController.handleAppDied:1632 
05-01 16:20:50.847  4308  6246 D QuickBackInputPolicy: hasMultiChildrenInTask: false
05-01 16:20:50.847  4308  6246 D WindowManager: NFW_findFocusedWindowIfNeeded:Window{51419a9 u0 com.android.launcher/com.android.launcher.Launcher} mCurrentFocus:Window{51419a9 u0 com.android.launcher/com.android.launcher.Launcher}
05-01 16:20:50.848  4308  6246 D OplusMirageWindowManagerService: onTaskRemoved displayid:0 taskId:12468 callers:com.android.server.wm.MirageWindowManagerExtImpl.onTaskRemoved:47 com.android.server.wm.TaskDisplayArea.removeChildTask:394 com.android.server.wm.TaskDisplayArea.removeChild:383 com.android.server.wm.WindowContainer.removeImmediately:1009 com.android.server.wm.TaskFragment.removeImmediately:3674 
05-01 16:20:50.848  4308  6246 I OplusScreenSecurityMask: onStackRemoved task = Task{4777a94 #12468 type=standard I=de.on100.help_to_learn_app/.MainActivity} record = null displayId = 0
05-01 16:20:50.851  4308  4533 D OplusFlexibleWindowMinimizedManagerHelper: onTaskVanished taskInfo:12468 task:Task{4777a94 #12468 type=standard I=de.on100.help_to_learn_app/.MainActivity}
05-01 16:20:50.851  4308  4533 D OplusFlexibleDragToSplitAnimController: visibleFlexibleTaskInfos delete:12468
05-01 16:20:50.851  4308  4533 D FlexibleTaskController: no need releaseFlexibleCaptionView or destroyFlexibleDragLeash when non-caption-view-task vanished, task=Task{4777a94 #12468 type=standard I=de.on100.help_to_learn_app/.MainActivity}
05-01 16:20:50.851  4308  4533 D FlexibleWindowManagerService: notifyFlexibleTaskVanish taskId : 12468 is not taskEmbedded
05-01 16:20:50.851  4308  4533 D FlexibleWindowManagerService: onFlexibleWindowTaskVanished: task = 12468,size:0
05-01 16:20:50.852  4308  4533 D OplusFlexibleWindowMinimizedManagerHelper: onTaskVanished taskInfo:12468 task:Task{4777a94 #12468 type=standard I=de.on100.help_to_learn_app/.MainActivity}
05-01 16:20:50.852  4308  4533 D OplusFlexibleDragToSplitAnimController: visibleFlexibleTaskInfos delete:12468
05-01 16:20:50.852  4308  4533 D FlexibleTaskController: no need releaseFlexibleCaptionView or destroyFlexibleDragLeash when non-caption-view-task vanished, task=Task{4777a94 #12468 type=standard I=de.on100.help_to_learn_app/.MainActivity}
05-01 16:20:50.852  4308  4533 D FlexibleWindowManagerService: notifyFlexibleTaskVanish taskId : 12468 is not taskEmbedded
05-01 16:20:50.852  4308  4533 D FlexibleWindowManagerService: onFlexibleWindowTaskVanished: task = 12468,size:0
05-01 16:20:50.852  4308  5982 I OPM     : handleAppExit info: ApplicationExitInfo(timestamp=5/1/26, 4:20 PM pid=10826 realUid=10434 packageUid=10434 definingUid=10434 user=0 process=de.on100.help_to_learn_app reason=13 (OTHER KILLS BY SYSTEM) subreason=2040 (UNKNOWN) status=0 importance=400 pss=0.00 rss=573MB description=stop de.on100.help_to_learn_app due to o-stop(40) state=empty trace=null
05-01 16:20:50.853  4308  6246 D TaskFragmentExtImpl: shouldDeferResumeUntilRecentsAnimFinished prev=null, next=ActivityRecord{31c5b0e u0 com.android.launcher/.Launcher t5}, task=Task{5ad6f28 #5 type=undefined I=com.android.launcher/.Launcher}
05-01 16:20:50.854  5291  5361 D FlexibleSeekBarManager: removeAlpha for taskId=12468
05-01 16:20:50.856  4308  6246 I AppsFilter: interaction: PackageSetting{549469d com.android.microdroid.empty_payload/10268} -> PackageSetting{bb4e95f de.on100.help_to_learn_app/10434} BLOCKED
05-01 16:20:50.863  4308  6246 I AppsFilter: interaction: PackageSetting{7f8af99 com.github.nrfr/10417} -> PackageSetting{bb4e95f de.on100.help_to_learn_app/10434} BLOCKED
05-01 16:20:50.865  4308  6246 I AppsFilter: interaction: PackageSetting{350263f com.oplus.locationproxy/10176} -> PackageSetting{bb4e95f de.on100.help_to_learn_app/10434} BLOCKED
05-01 16:20:50.866  4308  6246 I AppsFilter: interaction: PackageSetting{881ab0c com.android.certinstaller/10232} -> PackageSetting{bb4e95f de.on100.help_to_learn_app/10434} BLOCKED
05-01 16:20:50.870  4308  6246 I AppsFilter: interaction: PackageSetting{788766a com.oplus.location/10251} -> PackageSetting{bb4e95f de.on100.help_to_learn_app/10434} BLOCKED
05-01 16:20:50.875  4308  4532 V ActivityManager: the actual proc is null, call handleAppDiedLocked for ProcessRecord{1566971 0:de.on100.help_to_learn_app/u0a434}
05-01 16:20:50.878  4308  4788 W UsageStatsService: Unexpected activity event reported! (de.on100.help_to_learn_app/de.on100.help_to_learn_app.MainActivity event : 23 instanceId : 11565373)
05-01 16:20:50.882  4308  4839 D ActivityTaskManager: Skipping, invisible task: Task{5ad6f28 #5 type=undefined I=com.android.launcher/.Launcher}
05-01 16:20:50.882  4308  4839 D OplusSplitScreenManagerService: com.android.settings unSupportsSplitScreen by blockList or ForbidActivityList
05-01 16:20:50.882  4308  4839 D OplusSplitScreenManagerService: com.android.settings unSupportsSplitScreen by blockList or ForbidActivityList
05-01 16:20:50.882  4308  4839 D OplusSplitScreenManagerService: com.android.settings unSupportsSplitScreen by blockList or ForbidActivityList
05-01 16:20:50.884  4308  4839 D ActivityTaskManager: pre-Filtered:com.ss.android.ugc.aweme # com.okinc.okex.gp # nu.gpu.nagram # com.android.chrome # com.twitter.android # com.android.settings # com.android.settings # com.android.mms # com.coloros.gallery3d # com.autonavi.minimap # com.coinglass.android # com.android.phone # com.android.vending # com.github.nrfr # moe.shizuku.privileged.api # com.heytap.quicksearchbox # com.alibaba.android.rimet # com.heytap.speechassist # tv.danmaku.bili # com.google.android.googlequicksearchbox # com.v2ray.ang # com.heytap.mydevices # com.phoenix.read # com.tencent.androidqqmail # com.taobao.idlefish # com.coloros.calculator # com.android.chrome # com.oplus.camera # com.android.contacts # com.coloros.calendar # io.farben.CDEC260 # com.android.chrome # com.ichi2.anki # app.revanced.android.youtube # app.revanced.android.gms # com.zhiliaoapp.musically # com.android.chrome # com.android.chrome # com.larus.nova # youqu.android.todesk # com.android.chrome # idm.internet.download.manager.plus # com.heytap.market # 
05-01 16:20:50.884  4308  4839 D ActivityTaskManager: after skip size 43
05-01 16:20:50.891  4308  4946 I VibrationEffectConvertor: onInputMethodListUpdated received, info.size = 6
05-01 16:20:50.891  4308  4946 I VibrationEffectConvertor: userid = 0, packageName = com.kunzisoft.keepass.free
05-01 16:20:50.891  4308  4946 I VibrationEffectConvertor: userid = 0, packageName = youqu.android.todesk
05-01 16:20:50.891  4308  4946 I VibrationEffectConvertor: userid = 0, packageName = com.sohu.inputmethod.sogouoem
05-01 16:20:50.891  4308  4946 I VibrationEffectConvertor: userid = 0, packageName = com.google.android.inputmethod.latin
05-01 16:20:50.891  4308  4946 I VibrationEffectConvertor: userid = 0, packageName = com.baidu.input_oppo
05-01 16:20:50.891  4308  4946 I VibrationEffectConvertor: userid = 0, packageName = com.oplus.securitykeyboard
05-01 16:20:50.895  4308  4551 W UserAwareMgr: event can not be released, id: 2020, count: 2, releasePid: 5453
05-01 16:20:50.904  4308  4839 I MediaSessionStack: removeSession | record: de.on100.help_to_learn_app/media-session/815 (userId=0)
05-01 16:20:50.905  4308  4905 I ActivityManager: Death received, pid = 0, processName = de.on100.help_to_learn_app for thread android.os.BinderProxy@30d9ca8
05-01 16:20:50.905  4308  6051 W WindowManager: Cannot find window which accessibility connection is added to
05-01 16:20:50.905  4308  8537 V ActivityManager: Got obituary of 10826:de.on100.help_to_learn_app
05-01 16:20:50.905  4308  4532 W ActivityManager: setHasOverlayUi called on unknown pid: 10826
05-01 16:20:50.906  4308  4308 I OplusMediaControlService: onActiveSessionsChanged begin
05-01 16:20:50.906  4308  4308 I OplusMediaControlService: onEventFromMediaControllerList controller size = 0
05-01 16:20:50.906  4308  4308 I OplusMediaControlService: updateControllerMap begin
05-01 16:20:50.906  4308  4308 I OplusMediaControlService: updataPlayStateMap begin
05-01 16:20:50.906  4308  4308 I OplusMediaControlService: updateMetadataMap begin
05-01 16:20:50.906  4308  4308 I OplusMediaControlService: updatePlayerInfoList event = com.oplus.media.OplusMediaEvent@62e8986
05-01 16:20:50.906  4308  4308 I OplusMediaControlService: sendOnEventMessage begin, eventType: 6, observer: android.os.BinderProxy@fa141cd
05-01 16:20:50.906  4308  4308 I OplusMediaControlService: on event EventType: 6
05-01 16:20:50.909  4308  4452 I OplusMediaControlService: unregisterEventObserver start, observer: android.os.BinderProxy@fa141cd, callerUid: 10221
05-01 16:20:50.909  4308  4452 I OplusMediaControlService: unregisterEventObserver successfully.
05-01 16:20:50.911  4308  8641 I OplusMediaControlService: registerEventObserver start, observer: android.os.BinderProxy@fa141cd, callerUid: 10221
05-01 16:20:51.327  4308  4532 W AccessibilityWindowsPopulator: Windows change within in 2 frames continuously over 500 ms and notify windows changed immediately
05-01 16:20:51.340  4308  4532 I AccessibilityWindowsPopulator: getInsensibleFlag flag = 0 ,task = Task{5ad6f28 #5 type=undefined I=com.android.launcher/.Launcher}
05-01 16:20:51.485  5453  5453 D AppWidgetHostView: inflateAsync(rvToApply), appWidgetId: 2
05-01 16:20:51.487  4308  8418 I AccessibilityWindowsPopulator: getInsensibleFlag flag = 0 ,task = Task{5ad6f28 #5 type=undefined I=com.android.launcher/.Launcher}
05-01 16:20:51.493  4308  8418 I AccessibilityWindowsPopulator: getInsensibleFlag flag = 0 ,task = Task{5ad6f28 #5 type=undefined I=com.android.launcher/.Launcher}
05-01 16:20:51.587  4308  4551 W UserAwareMgr: event can not be released, id: 1010, count: 4252, releasePid: 4308
05-01 16:20:51.593  4308  4551 W UserAwareMgr: event can not be released, id: 1010, count: 4252, releasePid: 4308
05-01 16:20:51.792  4308  4532 W AccessibilityWindowsPopulator: Windows change within in 2 frames continuously over 500 ms and notify windows changed immediately
05-01 16:20:51.793  4308  4532 I AccessibilityWindowsPopulator: getInsensibleFlag flag = 0 ,task = Task{5ad6f28 #5 type=undefined I=com.android.launcher/.Launcher}
05-01 16:20:51.824  4308  4534 D OplusWallpaperSurfaceAnimation: resetEnable curState: STARTED
05-01 16:20:51.825  4308  4534 D OplusWallpaperAnimationManager: onAnimationEnd
05-01 16:20:51.825  4308  4534 D OplusWallpaperAnimationManager: setSkipUpdateWallpaperPosition skip: false, wallpaper: Window{48d0d7c u0 false com.android.systemui.wallpapers.ImageWallpaper}
05-01 16:20:51.825  4308  4534 D OplusWallpaperSurfaceAnimation: setAnimationState curState: IDLE
05-01 16:20:51.876  4308  4532 I AccessibilityWindowsPopulator: getInsensibleFlag flag = 0 ,task = Task{5ad6f28 #5 type=undefined I=com.android.launcher/.Launcher}
05-01 16:20:52.598  4308  4594 D OplusFeatureHDREnhanceBrightness: checkIsPlayingHDR isPlayingHDR=0 rotation=0 whiteApp=false battery=89
05-01 16:20:52.772  4308  4772 I OplusStatusBarManagerServiceEnhance:  getTopIsFullscreen mTopIsFullscreen: false
05-01 16:20:52.772  4308  4772 W ActivityManager: Permission Denial: getTopApplicationInfo from pid=7986, uid=10327 requires oplus.permission.OPLUS_COMPONENT_SAFE
05-01 16:20:52.773  4308  4308 D NotificationService--OplusNotificationManagerServiceExtImpl: isForwardToAssistants: true, case : Is local notification
05-01 16:20:52.773  4308  4308 D NotificationService: This application enqueue notifications is need postDelayed mcsAssistantDelayTime: 50
05-01 16:20:54.107  4308  4896 V AlarmManager: sending alarm Alarm{1ef2dd1 type 3 origWhen 374669000 whenElapsed 374669000 android} uid 1000 whenElapsed 374669000 windowLength 0 maxWhenElapsed 374669000 repeatInterval 0 action null component null tag StatsCompanionService.periodic flags 0x9 procName system_server
05-01 16:20:55.418  4308  4772 I ActivityManager: Force stopping de.on100.help_to_learn_app appid=10434 user=0: from pid 11633
05-01 16:20:55.420  4308  4772 D TaskFragmentExtImpl: shouldDeferResumeUntilRecentsAnimFinished prev=null, next=ActivityRecord{31c5b0e u0 com.android.launcher/.Launcher t5}, task=Task{5ad6f28 #5 type=undefined I=com.android.launcher/.Launcher}
05-01 16:20:55.431  4308  4772 I AppsFilter: interaction: PackageSetting{549469d com.android.microdroid.empty_payload/10268} -> PackageSetting{bb4e95f de.on100.help_to_learn_app/10434} BLOCKED
05-01 16:20:55.441  4308  4772 I AppsFilter: interaction: PackageSetting{7f8af99 com.github.nrfr/10417} -> PackageSetting{bb4e95f de.on100.help_to_learn_app/10434} BLOCKED
05-01 16:20:55.443  4308  4772 I AppsFilter: interaction: PackageSetting{350263f com.oplus.locationproxy/10176} -> PackageSetting{bb4e95f de.on100.help_to_learn_app/10434} BLOCKED
05-01 16:20:55.445  4308  4772 I AppsFilter: interaction: PackageSetting{881ab0c com.android.certinstaller/10232} -> PackageSetting{bb4e95f de.on100.help_to_learn_app/10434} BLOCKED
05-01 16:20:55.450  4308  4772 I AppsFilter: interaction: PackageSetting{788766a com.oplus.location/10251} -> PackageSetting{bb4e95f de.on100.help_to_learn_app/10434} BLOCKED
05-01 16:20:55.452  4308  4772 W ActivityManager: Invalid packageName: de.on100.help_to_learn_app
05-01 16:20:55.452  4308  4772 W ActivityManager: Invalid packageName: de.on100.help_to_learn_app
05-01 16:20:55.463  4308  4946 I VibrationEffectConvertor: onInputMethodListUpdated received, info.size = 6
05-01 16:20:55.464  4308  4946 I VibrationEffectConvertor: userid = 0, packageName = com.kunzisoft.keepass.free
05-01 16:20:55.464  4308  4946 I VibrationEffectConvertor: userid = 0, packageName = youqu.android.todesk
05-01 16:20:55.464  4308  4946 I VibrationEffectConvertor: userid = 0, packageName = com.sohu.inputmethod.sogouoem
05-01 16:20:55.464  4308  4946 I VibrationEffectConvertor: userid = 0, packageName = com.google.android.inputmethod.latin
05-01 16:20:55.464  4308  4946 I VibrationEffectConvertor: userid = 0, packageName = com.baidu.input_oppo
05-01 16:20:55.464  4308  4946 I VibrationEffectConvertor: userid = 0, packageName = com.oplus.securitykeyboard
05-01 16:20:55.520  4308  4772 E OplusCustomizePackageManagerService: getAdbInstallUninstallDisabled start
05-01 16:20:55.794  4308  6391 I OplusStatusBarManagerServiceEnhance:  getTopIsFullscreen mTopIsFullscreen: false
05-01 16:20:55.794  4308  6391 W ActivityManager: Permission Denial: getTopApplicationInfo from pid=7986, uid=10327 requires oplus.permission.OPLUS_COMPONENT_SAFE
05-01 16:20:55.795  4308  4308 D NotificationService--OplusNotificationManagerServiceExtImpl: isForwardToAssistants: true, case : Is local notification
05-01 16:20:55.795  4308  4308 D NotificationService: This application enqueue notifications is need postDelayed mcsAssistantDelayTime: 50
05-01 16:20:57.794  4308  6391 D ActivityManager: Async freezing 10294 com.coloros.alarmclock:clockWidget
05-01 16:20:58.480  4308  4772 D PackageInstallerSessionExtImpl: no pre: undesired name
05-01 16:20:58.482  4308  4772 D OplusInstallAccelerateManager: startAccelerate()
05-01 16:20:58.482  4308  4772 D OplusInstallAccelerateManager: operateCpuBouncingIfNeeded()
05-01 16:20:58.482  4308  4772 D OplusInstallAccelerateManager: originatingPackageName = unknown
05-01 16:20:58.482  4308  4772 D OplusInstallAccelerateManager: initiatingPackageName = com.android.shell
05-01 16:20:58.482  4308  4772 D OplusInstallAccelerateManager: installerPackageName = unknown
05-01 16:20:58.482  4308  4772 D OplusInstallAccelerateManager: disableCpuBouncing()
05-01 16:20:58.501  4308  4746 D PackageInstallerSessionExtImpl: not get pre-parsed ret
05-01 16:20:58.595  4308  4746 D PackageInstallerSessionExtImpl: hasPreExtract: false
05-01 16:20:58.605  4308  4945 D ParsingPackageUtilsExtImpl: adjustXmlValidator skip verify tag packageName: de.on100.help_to_learn_app , bootCompleted: true
05-01 16:20:58.612  4308  4945 W RuleEvaluation: Integrity rule files are not available.
05-01 16:20:58.613  4308  4619 I PackageManager: Integrity check passed for file:///data/app/vmdl24529061.tmp
05-01 16:20:58.614  4308  4746 D OplusPackageInstallInterceptManager: installStage send adb install pkg:de.on100.help_to_learn_app   path: /data/app/vmdl24529061.tmp/base.apk installFlags:4194422
05-01 16:20:58.614  4308  4746 D OplusPackageInstallInterceptManager: installStage send adb replace install, silent
05-01 16:20:58.614  4308  4746 D PackageManager: installStage de.on100.help_to_learn_app, dir=/data/app/vmdl24529061.tmp, installerPackageName=null, installerUid=2000, full=false
05-01 16:20:58.614  4308  4746 D PackageManager: installStage de.on100.help_to_learn_app0
05-01 16:20:58.616  4308  4619 D PackageManager: installStage use for0
05-01 16:20:58.618  4308  4619 D ParsingPackageUtilsExtImpl: adjustXmlValidator skip verify tag packageName: de.on100.help_to_learn_app , bootCompleted: true
05-01 16:20:58.620  4308  4619 W OplusCustomizePmsFeature: getCustomDisallowInstallListFromPolicy disallowInstallList: []
05-01 16:20:58.627  4308  4619 I PackageManager: Update package de.on100.help_to_learn_app code path from /data/app/~~K0NDDjrUDJDV-fjjwzobvw==/de.on100.help_to_learn_app-Np5HryR9kqwVB9qfQiWRug== to /data/app/~~WAi7fOAxzFK-WXtSEd0rzQ==/de.on100.help_to_learn_app-2nqWfOUmIBv1BBG5HN5qIA==; Retain data and using new
05-01 16:20:58.627  4308  4557 I ActivityManager: Force stopping de.on100.help_to_learn_app appid=10434 user=-1: installPackageLI
05-01 16:20:58.627  4308  4619 W TangoPackage: Update package from arm64 to arm64
05-01 16:20:58.632  4308  4619 I AppsFilter: interaction: PackageSetting{2547180 com.android.microdroid.empty_payload/10268} -> PackageSetting{c154500 de.on100.help_to_learn_app/10434} BLOCKED
05-01 16:20:58.634  4308  4557 D TaskFragmentExtImpl: shouldDeferResumeUntilRecentsAnimFinished prev=null, next=ActivityRecord{31c5b0e u0 com.android.launcher/.Launcher t5}, task=Task{5ad6f28 #5 type=undefined I=com.android.launcher/.Launcher}
05-01 16:20:58.635  4308  4619 I AppsFilter: interaction: PackageSetting{1a5c4ae com.github.nrfr/10417} -> PackageSetting{c154500 de.on100.help_to_learn_app/10434} BLOCKED
05-01 16:20:58.636  4308  4619 I AppsFilter: interaction: PackageSetting{d0c3b3b com.oplus.locationproxy/10176} -> PackageSetting{c154500 de.on100.help_to_learn_app/10434} BLOCKED
05-01 16:20:58.637  4308  4619 I AppsFilter: interaction: PackageSetting{d7172d3 com.android.certinstaller/10232} -> PackageSetting{c154500 de.on100.help_to_learn_app/10434} BLOCKED
05-01 16:20:58.639  4308  4619 I AppsFilter: interaction: PackageSetting{26deba1 com.oplus.location/10251} -> PackageSetting{c154500 de.on100.help_to_learn_app/10434} BLOCKED
05-01 16:20:58.641  4308  4619 I AppsFilter: interaction: PackageSetting{2547180 com.android.microdroid.empty_payload/10268} -> PackageSetting{c154500 de.on100.help_to_learn_app/10434} BLOCKED
05-01 16:20:58.644  4308  4619 I AppsFilter: interaction: PackageSetting{1a5c4ae com.github.nrfr/10417} -> PackageSetting{c154500 de.on100.help_to_learn_app/10434} BLOCKED
05-01 16:20:58.645  4308  4619 I AppsFilter: interaction: PackageSetting{d0c3b3b com.oplus.locationproxy/10176} -> PackageSetting{c154500 de.on100.help_to_learn_app/10434} BLOCKED
05-01 16:20:58.645  4308  4619 I AppsFilter: interaction: PackageSetting{d7172d3 com.android.certinstaller/10232} -> PackageSetting{c154500 de.on100.help_to_learn_app/10434} BLOCKED
05-01 16:20:58.647  4308  4619 I AppsFilter: interaction: PackageSetting{26deba1 com.oplus.location/10251} -> PackageSetting{c154500 de.on100.help_to_learn_app/10434} BLOCKED
05-01 16:20:58.648  4308  4619 I AppsFilter: interaction: PackageSetting{2547180 com.android.microdroid.empty_payload/10268} -> PackageSetting{c154500 de.on100.help_to_learn_app/10434} BLOCKED
05-01 16:20:58.649  4308  4619 I AppsFilter: interaction: PackageSetting{1a5c4ae com.github.nrfr/10417} -> PackageSetting{c154500 de.on100.help_to_learn_app/10434} BLOCKED
05-01 16:20:58.649  4308  4619 I AppsFilter: interaction: PackageSetting{d0c3b3b com.oplus.locationproxy/10176} -> PackageSetting{c154500 de.on100.help_to_learn_app/10434} BLOCKED
05-01 16:20:58.649  4308  4619 I AppsFilter: interaction: PackageSetting{d7172d3 com.android.certinstaller/10232} -> PackageSetting{c154500 de.on100.help_to_learn_app/10434} BLOCKED
05-01 16:20:58.650  4308  4619 I AppsFilter: interaction: PackageSetting{26deba1 com.oplus.location/10251} -> PackageSetting{c154500 de.on100.help_to_learn_app/10434} BLOCKED
05-01 16:20:58.651  4308  4619 I AppsFilter: interaction: PackageSetting{2547180 com.android.microdroid.empty_payload/10268} -> PackageSetting{f4518e5 de.on100.help_to_learn_app/10434} BLOCKED
05-01 16:20:58.654  4308  4619 I AppsFilter: interaction: PackageSetting{1a5c4ae com.github.nrfr/10417} -> PackageSetting{f4518e5 de.on100.help_to_learn_app/10434} BLOCKED
05-01 16:20:58.655  4308  4619 I AppsFilter: interaction: PackageSetting{d0c3b3b com.oplus.locationproxy/10176} -> PackageSetting{f4518e5 de.on100.help_to_learn_app/10434} BLOCKED
05-01 16:20:58.655  4308  4619 I AppsFilter: interaction: PackageSetting{d7172d3 com.android.certinstaller/10232} -> PackageSetting{f4518e5 de.on100.help_to_learn_app/10434} BLOCKED
05-01 16:20:58.657  4308  4619 I AppsFilter: interaction: PackageSetting{26deba1 com.oplus.location/10251} -> PackageSetting{f4518e5 de.on100.help_to_learn_app/10434} BLOCKED
05-01 16:20:58.659  4308  4619 I AppsFilter: interaction: PackageSetting{2547180 com.android.microdroid.empty_payload/10268} -> PackageSetting{f4518e5 de.on100.help_to_learn_app/10434} BLOCKED
05-01 16:20:58.663  4308  4619 I AppsFilter: interaction: PackageSetting{1a5c4ae com.github.nrfr/10417} -> PackageSetting{f4518e5 de.on100.help_to_learn_app/10434} BLOCKED
05-01 16:20:58.664  4308  4619 I AppsFilter: interaction: PackageSetting{d0c3b3b com.oplus.locationproxy/10176} -> PackageSetting{f4518e5 de.on100.help_to_learn_app/10434} BLOCKED
05-01 16:20:58.664  4308  4619 I AppsFilter: interaction: PackageSetting{d7172d3 com.android.certinstaller/10232} -> PackageSetting{f4518e5 de.on100.help_to_learn_app/10434} BLOCKED
05-01 16:20:58.665  4308  4619 I AppsFilter: interaction: PackageSetting{26deba1 com.oplus.location/10251} -> PackageSetting{f4518e5 de.on100.help_to_learn_app/10434} BLOCKED
05-01 16:20:58.666  4308  4619 I AppsFilter: interaction: PackageSetting{2547180 com.android.microdroid.empty_payload/10268} -> PackageSetting{f4518e5 de.on100.help_to_learn_app/10434} BLOCKED
05-01 16:20:58.667  4308  4619 I AppsFilter: interaction: PackageSetting{1a5c4ae com.github.nrfr/10417} -> PackageSetting{f4518e5 de.on100.help_to_learn_app/10434} BLOCKED
05-01 16:20:58.667  4308  4619 I AppsFilter: interaction: PackageSetting{d0c3b3b com.oplus.locationproxy/10176} -> PackageSetting{f4518e5 de.on100.help_to_learn_app/10434} BLOCKED
05-01 16:20:58.667  4308  4619 I AppsFilter: interaction: PackageSetting{d7172d3 com.android.certinstaller/10232} -> PackageSetting{f4518e5 de.on100.help_to_learn_app/10434} BLOCKED
05-01 16:20:58.667  4308  4619 I AppsFilter: interaction: PackageSetting{26deba1 com.oplus.location/10251} -> PackageSetting{f4518e5 de.on100.help_to_learn_app/10434} BLOCKED
05-01 16:20:58.730  4308  4619 I AppsFilter: interaction: PackageSetting{f4518e5 de.on100.help_to_learn_app/10434} -> PackageSetting{ebfb5b3 com.oplus.nfcengineertest/10243} force queryable
05-01 16:20:58.730  4308  4619 I AppsFilter: interaction: PackageSetting{f4518e5 de.on100.help_to_learn_app/10434} -> PackageSetting{ebfb5b3 com.oplus.nfcengineertest/10243} force queryable
05-01 16:20:58.730  4308  4619 I AppsFilter: interaction: PackageSetting{f4518e5 de.on100.help_to_learn_app/10434} -> PackageSetting{ebfb5b3 com.oplus.nfcengineertest/10243} force queryable
05-01 16:20:58.730  4308  4619 I AppsFilter: interaction: PackageSetting{f4518e5 de.on100.help_to_learn_app/10434} -> PackageSetting{215f24f com.android.cellbroadcastreceiver.overlay.common/10018} force queryable
05-01 16:20:58.730  4308  4619 I AppsFilter: interaction: PackageSetting{f4518e5 de.on100.help_to_learn_app/10434} -> PackageSetting{215f24f com.android.cellbroadcastreceiver.overlay.common/10018} force queryable
05-01 16:20:58.730  4308  4619 I AppsFilter: interaction: PackageSetting{f4518e5 de.on100.help_to_learn_app/10434} -> PackageSetting{215f24f com.android.cellbroadcastreceiver.overlay.common/10018} force queryable
05-01 16:20:58.730  4308  4619 I AppsFilter: interaction: PackageSetting{f4518e5 de.on100.help_to_learn_app/10434} -> PackageSetting{35376b1 com.android.devicelockcontroller/10286} force queryable
05-01 16:20:58.730  4308  4619 I AppsFilter: interaction: PackageSetting{f4518e5 de.on100.help_to_learn_app/10434} -> PackageSetting{35376b1 com.android.devicelockcontroller/10286} force queryable
05-01 16:20:58.730  4308  4619 I AppsFilter: interaction: PackageSetting{f4518e5 de.on100.help_to_learn_app/10434} -> PackageSetting{35376b1 com.android.devicelockcontroller/10286} force queryable
05-01 16:20:58.730  4308  4619 I AppsFilter: interaction: PackageSetting{f4518e5 de.on100.help_to_learn_app/10434} -> PackageSetting{d8a6961 com.android.providers.contacts/10060} force queryable
05-01 16:20:58.730  4308  4619 I AppsFilter: interaction: PackageSetting{f4518e5 de.on100.help_to_learn_app/10434} -> PackageSetting{d8a6961 com.android.providers.contacts/10060} force queryable
05-01 16:20:58.730  4308  4619 I AppsFilter: interaction: PackageSetting{f4518e5 de.on100.help_to_learn_app/10434} -> PackageSetting{d8a6961 com.android.providers.contacts/10060} force queryable
05-01 16:20:58.730  4308  4619 I AppsFilter: interaction: PackageSetting{f4518e5 de.on100.help_to_learn_app/10434} -> PackageSetting{64dd5c3 com.oplus.plugin/10219} force queryable
05-01 16:20:58.730  4308  4619 I AppsFilter: interaction: PackageSetting{f4518e5 de.on100.help_to_learn_app/10434} -> PackageSetting{64dd5c3 com.oplus.plugin/10219} force queryable
05-01 16:20:58.730  4308  4619 I AppsFilter: interaction: PackageSetting{f4518e5 de.on100.help_to_learn_app/10434} -> PackageSetting{64dd5c3 com.oplus.plugin/10219} force queryable
05-01 16:20:58.730  4308  4619 I AppsFilter: interaction: PackageSetting{f4518e5 de.on100.help_to_learn_app/10434} -> PackageSetting{51fd72 com.qualcomm.timeservice/10086} force queryable
05-01 16:20:58.730  4308  4619 I AppsFilter: interaction: PackageSetting{f4518e5 de.on100.help_to_learn_app/10434} -> PackageSetting{51fd72 com.qualcomm.timeservice/10086} force queryable
05-01 16:20:58.730  4308  4619 I AppsFilter: interaction: PackageSetting{f4518e5 de.on100.help_to_learn_app/10434} -> PackageSetting{51fd72 com.qualcomm.timeservice/10086} force queryable
05-01 16:20:58.730  4308  4619 I AppsFilter: interaction: PackageSetting{f4518e5 de.on100.help_to_learn_app/10434} -> PackageSetting{3da4a7d com.android.ondevicepersonalization.services/10283} force queryable
05-01 16:20:58.730  4308  4619 I AppsFilter: interaction: PackageSetting{f4518e5 de.on100.help_to_learn_app/10434} -> PackageSetting{3da4a7d com.android.ondevicepersonalization.services/10283} force queryable
05-01 16:20:58.730  4308  4619 I AppsFilter: interaction: PackageSetting{f4518e5 de.on100.help_to_learn_app/10434} -> PackageSetting{3da4a7d com.android.ondevicepersonalization.services/10283} force queryable
05-01 16:20:58.730  4308  4619 I AppsFilter: interaction: PackageSetting{f4518e5 de.on100.help_to_learn_app/10434} -> PackageSetting{e4cc8d4 com.qualcomm.qti.gpudrivers.pineapple.api34/10087} force queryable
05-01 16:20:58.730  4308  4619 I AppsFilter: interaction: PackageSetting{f4518e5 de.on100.help_to_learn_app/10434} -> PackageSetting{e4cc8d4 com.qualcomm.qti.gpudrivers.pineapple.api34/10087} force queryable
05-01 16:20:58.730  4308  4619 I AppsFilter: interaction: PackageSetting{f4518e5 de.on100.help_to_learn_app/10434} -> PackageSetting{e4cc8d4 com.qualcomm.qti.gpudrivers.pineapple.api34/10087} force queryable
05-01 16:20:58.730  4308  4619 I AppsFilter: interaction: PackageSetting{f4518e5 de.on100.help_to_learn_app/10434} -> PackageSetting{6517e27 com.oplus.nrMode/10214} force queryable
05-01 16:20:58.730  4308  4619 I AppsFilter: interaction: PackageSetting{f4518e5 de.on100.help_to_learn_app/10434} -> PackageSetting{6517e27 com.oplus.nrMode/10214} force queryable
05-01 16:20:58.730  4308  4619 I AppsFilter: interaction: PackageSetting{f4518e5 de.on100.help_to_learn_app/10434} -> PackageSetting{6517e27 com.oplus.nrMode/10214} force queryable
05-01 16:20:58.730  4308  4619 I AppsFilter: interaction: PackageSetting{f4518e5 de.on100.help_to_learn_app/10434} -> PackageSetting{2263b41 com.qti.qcc/10255} force queryable
05-01 16:20:58.730  4308  4619 I AppsFilter: interaction: PackageSetting{f4518e5 de.on100.help_to_learn_app/10434} -> PackageSetting{2263b41 com.qti.qcc/10255} force queryable
05-01 16:20:58.730  4308  4619 I AppsFilter: interaction: PackageSetting{f4518e5 de.on100.help_to_learn_app/10434} -> PackageSetting{2263b41 com.qti.qcc/10255} force queryable
05-01 16:20:58.730  4308  4619 I AppsFilter: interaction: PackageSetting{f4518e5 de.on100.help_to_learn_app/10434} -> PackageSetting{deab228 com.qti.dcf/10228} force queryable
05-01 16:20:58.730  4308  4619 I AppsFilter: interaction: PackageSetting{f4518e5 de.on100.help_to_learn_app/10434} -> PackageSetting{deab228 com.qti.dcf/10228} force queryable
05-01 16:20:58.730  4308  4619 I AppsFilter: interaction: PackageSetting{f4518e5 de.on100.help_to_learn_app/10434} -> PackageSetting{deab228 com.qti.dcf/10228} force queryable
05-01 16:20:58.730  4308  4619 I AppsFilter: interaction: PackageSetting{f4518e5 de.on100.help_to_learn_app/10434} -> PackageSetting{a82a84b com.coloros.gallery3d/10131} force queryable
05-01 16:20:58.730  4308  4619 I AppsFilter: interaction: PackageSetting{f4518e5 de.on100.help_to_learn_app/10434} -> PackageSetting{a82a84b com.coloros.gallery3d/10131} force queryable
05-01 16:20:58.730  4308  4619 I AppsFilter: interaction: PackageSetting{f4518e5 de.on100.help_to_learn_app/10434} -> PackageSetting{a82a84b com.coloros.gallery3d/10131} force queryable
05-01 16:20:58.730  4308  4619 I AppsFilter: interaction: PackageSetting{f4518e5 de.on100.help_to_learn_app/10434} -> PackageSetting{489e7c5 com.oplus.aiwidgets/10155} force queryable
05-01 16:20:58.730  4308  4619 I AppsFilter: interaction: PackageSetting{f4518e5 de.on100.help_to_learn_app/10434} -> PackageSetting{489e7c5 com.oplus.aiwidgets/10155} force queryable
05-01 16:20:58.730  4308  4619 I AppsFilter: interaction: PackageSetting{f4518e5 de.on100.help_to_learn_app/10434} -> PackageSetting{489e7c5 com.oplus.aiwidgets/10155} force queryable
05-01 16:20:58.730  4308  4619 I AppsFilter: interaction: PackageSetting{f4518e5 de.on100.help_to_learn_app/10434} -> PackageSetting{c18b82f com.oplus.matrix/10181} force queryable
05-01 16:20:58.730  4308  4619 I AppsFilter: interaction: PackageSetting{f4518e5 de.on100.help_to_learn_app/10434} -> PackageSetting{c18b82f com.oplus.matrix/10181} force queryable
05-01 16:20:58.730  4308  4619 I AppsFilter: interaction: PackageSetting{f4518e5 de.on100.help_to_learn_app/10434} -> PackageSetting{c18b82f com.oplus.matrix/10181} force queryable
05-01 16:20:58.730  4308  4619 I AppsFilter: interaction: PackageSetting{f4518e5 de.on100.help_to_learn_app/10434} -> PackageSetting{82d1409 com.qualcomm.qti.qms.service.trustzoneaccess/10085} force queryable
05-01 16:20:58.730  4308  4619 I AppsFilter: interaction: PackageSetting{f4518e5 de.on100.help_to_learn_app/10434} -> PackageSetting{82d1409 com.qualcomm.qti.qms.service.trustzoneaccess/10085} force queryable
05-01 16:20:58.730  4308  4619 I AppsFilter: interaction: PackageSetting{f4518e5 de.on100.help_to_learn_app/10434} -> PackageSetting{82d1409 com.qualcomm.qti.qms.service.trustzoneaccess/10085} force queryable
05-01 16:20:58.731  4308  4619 I AppsFilter: interaction: PackageSetting{f4518e5 de.on100.help_to_learn_app/10434} -> PackageSetting{25d110 com.oplus.linker/10127} force queryable
05-01 16:20:58.731  4308  4619 I AppsFilter: interaction: PackageSetting{f4518e5 de.on100.help_to_learn_app/10434} -> PackageSetting{25d110 com.oplus.linker/10127} force queryable
05-01 16:20:58.731  4308  4619 I AppsFilter: interaction: PackageSetting{f4518e5 de.on100.help_to_learn_app/10434} -> PackageSetting{25d110 com.oplus.linker/10127} force queryable
05-01 16:20:58.731  4308  4619 I AppsFilter: interaction: PackageSetting{f4518e5 de.on100.help_to_learn_app/10434} -> PackageSetting{1ae1fc2 com.android.traceur/10083} force queryable
05-01 16:20:58.731  4308  4619 I AppsFilter: interaction: PackageSetting{f4518e5 de.on100.help_to_learn_app/10434} -> PackageSetting{1ae1fc2 com.android.traceur/10083} force queryable
05-01 16:20:58.731  4308  4619 I AppsFilter: interaction: PackageSetting{f4518e5 de.on100.help_to_learn_app/10434} -> PackageSetting{1ae1fc2 com.android.traceur/10083} force queryable
05-01 16:20:58.731  4308  4619 I AppsFilter: interaction: PackageSetting{f4518e5 de.on100.help_to_learn_app/10434} -> PackageSetting{ee6ea0c com.android.permissioncontroller/10290} force queryable
05-01 16:20:58.731  4308  4619 I AppsFilter: interaction: PackageSetting{f4518e5 de.on100.help_to_learn_app/10434} -> PackageSetting{ee6ea0c com.android.permissioncontroller/10290} force queryable
05-01 16:20:58.731  4308  4619 I AppsFilter: interaction: PackageSetting{f4518e5 de.on100.help_to_learn_app/10434} -> PackageSetting{ee6ea0c com.android.permissioncontroller/10290} force queryable
05-01 16:20:58.731  4308  4619 I AppsFilter: interaction: PackageSetting{f4518e5 de.on100.help_to_learn_app/10434} -> PackageSetting{b7306f3 com.android.systemui/10221} force queryable
05-01 16:20:58.731  4308  4619 I AppsFilter: interaction: PackageSetting{f4518e5 de.on100.help_to_learn_app/10434} -> PackageSetting{b7306f3 com.android.systemui/10221} force queryable
05-01 16:20:58.731  4308  4619 I AppsFilter: interaction: PackageSetting{f4518e5 de.on100.help_to_learn_app/10434} -> PackageSetting{b7306f3 com.android.systemui/10221} force queryable
05-01 16:20:58.731  4308  4619 I AppsFilter: interaction: PackageSetting{f4518e5 de.on100.help_to_learn_app/10434} -> PackageSetting{e1bb99d com.qualcomm.qti.xrcb/10230} force queryable
05-01 16:20:58.731  4308  4619 I AppsFilter: interaction: PackageSetting{f4518e5 de.on100.help_to_learn_app/10434} -> PackageSetting{e1bb99d com.qualcomm.qti.xrcb/10230} force queryable
05-01 16:20:58.731  4308  4619 I AppsFilter: interaction: PackageSetting{f4518e5 de.on100.help_to_learn_app/10434} -> PackageSetting{e1bb99d com.qualcomm.qti.xrcb/10230} force queryable
05-01 16:20:58.731  4308  4619 I AppsFilter: interaction: PackageSetting{f4518e5 de.on100.help_to_learn_app/10434} -> PackageSetting{9a8f861 com.oplus.colorx/10146} force queryable
05-01 16:20:58.731  4308  4619 I AppsFilter: interaction: PackageSetting{f4518e5 de.on100.help_to_learn_app/10434} -> PackageSetting{9a8f861 com.oplus.colorx/10146} force queryable
05-01 16:20:58.731  4308  4619 I AppsFilter: interaction: PackageSetting{f4518e5 de.on100.help_to_learn_app/10434} -> PackageSetting{9a8f861 com.oplus.colorx/10146} force queryable
05-01 16:20:58.731  4308  4619 I AppsFilter: interaction: PackageSetting{f4518e5 de.on100.help_to_learn_app/10434} -> PackageSetting{43bafc8 com.oplus.camera/10151} force queryable
05-01 16:20:58.731  4308  4619 I AppsFilter: interaction: PackageSetting{f4518e5 de.on100.help_to_learn_app/10434} -> PackageSetting{43bafc8 com.oplus.camera/10151} force queryable
05-01 16:20:58.731  4308  4619 I AppsFilter: interaction: PackageSetting{f4518e5 de.on100.help_to_learn_app/10434} -> PackageSetting{43bafc8 com.oplus.camera/10151} force queryable
05-01 16:20:58.731  4308  4619 I AppsFilter: interaction: PackageSetting{f4518e5 de.on100.help_to_learn_app/10434} -> PackageSetting{9e8986b com.android.providers.media.module/10292} force queryable
05-01 16:20:58.731  4308  4619 I AppsFilter: interaction: PackageSetting{f4518e5 de.on100.help_to_learn_app/10434} -> PackageSetting{9e8986b com.android.providers.media.module/10292} force queryable
05-01 16:20:58.731  4308  4619 I AppsFilter: interaction: PackageSetting{f4518e5 de.on100.help_to_learn_app/10434} -> PackageSetting{9e8986b com.android.providers.media.module/10292} force queryable
05-01 16:20:58.731  4308  4619 I AppsFilter: interaction: PackageSetting{f4518e5 de.on100.help_to_learn_app/10434} -> PackageSetting{acc2344 com.android.providers.userdictionary/10060} force queryable
05-01 16:20:58.731  4308  4619 I AppsFilter: interaction: PackageSetting{f4518e5 de.on100.help_to_learn_app/10434} -> PackageSetting{acc2344 com.android.providers.userdictionary/10060} force queryable
05-01 16:20:58.731  4308  4619 I AppsFilter: interaction: PackageSetting{f4518e5 de.on100.help_to_learn_app/10434} -> PackageSetting{acc2344 com.android.providers.userdictionary/10060} force queryable
