05-01 16:20:58.734  4308  4619 I AppsFilter: interaction: PackageSetting{f4518e5 de.on100.help_to_learn_app/10434} -> PackageSetting{2e36258 com.android.backupconfirm/10058} force queryable
05-01 16:20:58.734  4308  4619 I AppsFilter: interaction: PackageSetting{f4518e5 de.on100.help_to_learn_app/10434} -> PackageSetting{2e36258 com.android.backupconfirm/10058} force queryable
05-01 16:20:58.734  4308  4619 I AppsFilter: interaction: PackageSetting{f4518e5 de.on100.help_to_learn_app/10434} -> PackageSetting{fb83aee com.android.mtp/10059} force queryable
05-01 16:20:58.734  4308  4619 I AppsFilter: interaction: PackageSetting{f4518e5 de.on100.help_to_learn_app/10434} -> PackageSetting{fb83aee com.android.mtp/10059} force queryable
05-01 16:20:58.734  4308  4619 I AppsFilter: interaction: PackageSetting{f4518e5 de.on100.help_to_learn_app/10434} -> PackageSetting{fb83aee com.android.mtp/10059} force queryable
05-01 16:20:58.734  4308  4619 I AppsFilter: interaction: PackageSetting{f4518e5 de.on100.help_to_learn_app/10434} -> PackageSetting{67bfb6c com.android.egg/10081} force queryable
05-01 16:20:58.734  4308  4619 I AppsFilter: interaction: PackageSetting{f4518e5 de.on100.help_to_learn_app/10434} -> PackageSetting{67bfb6c com.android.egg/10081} force queryable
05-01 16:20:58.734  4308  4619 I AppsFilter: interaction: PackageSetting{f4518e5 de.on100.help_to_learn_app/10434} -> PackageSetting{67bfb6c com.android.egg/10081} force queryable
05-01 16:20:58.734  4308  4619 I AppsFilter: interaction: PackageSetting{f4518e5 de.on100.help_to_learn_app/10434} -> PackageSetting{3b2ade6 com.qualcomm.wfd.service/10225} force queryable
05-01 16:20:58.734  4308  4619 I AppsFilter: interaction: PackageSetting{f4518e5 de.on100.help_to_learn_app/10434} -> PackageSetting{3b2ade6 com.qualcomm.wfd.service/10225} force queryable
05-01 16:20:58.734  4308  4619 I AppsFilter: interaction: PackageSetting{f4518e5 de.on100.help_to_learn_app/10434} -> PackageSetting{3b2ade6 com.qualcomm.wfd.service/10225} force queryable
05-01 16:20:58.734  4308  4619 I AppsFilter: interaction: PackageSetting{f4518e5 de.on100.help_to_learn_app/10434} -> PackageSetting{2e5df28 com.android.contacts/10105} queries component
05-01 16:20:58.734  4308  4619 I AppsFilter: interaction: PackageSetting{f4518e5 de.on100.help_to_learn_app/10434} -> PackageSetting{2e5df28 com.android.contacts/10105} queries component
05-01 16:20:58.734  4308  4619 I AppsFilter: interaction: PackageSetting{f4518e5 de.on100.help_to_learn_app/10434} -> PackageSetting{2e5df28 com.android.contacts/10105} queries component
05-01 16:20:58.734  4308  4619 I AppsFilter: interaction: PackageSetting{f4518e5 de.on100.help_to_learn_app/10434} -> PackageSetting{8ea694b com.oplus.systemui.plugins/10259} force queryable
05-01 16:20:58.734  4308  4619 I AppsFilter: interaction: PackageSetting{f4518e5 de.on100.help_to_learn_app/10434} -> PackageSetting{8ea694b com.oplus.systemui.plugins/10259} force queryable
05-01 16:20:58.734  4308  4619 I AppsFilter: interaction: PackageSetting{f4518e5 de.on100.help_to_learn_app/10434} -> PackageSetting{8ea694b com.oplus.systemui.plugins/10259} force queryable
05-01 16:20:58.734  4308  4619 I AppsFilter: interaction: PackageSetting{f4518e5 de.on100.help_to_learn_app/10434} -> PackageSetting{9a16f33 nextapp.fx/10297} queries component
05-01 16:20:58.734  4308  4619 I AppsFilter: interaction: PackageSetting{f4518e5 de.on100.help_to_learn_app/10434} -> PackageSetting{9a16f33 nextapp.fx/10297} queries component
05-01 16:20:58.734  4308  4619 I AppsFilter: interaction: PackageSetting{f4518e5 de.on100.help_to_learn_app/10434} -> PackageSetting{9a16f33 nextapp.fx/10297} queries component
05-01 16:20:58.734  4308  4619 I AppsFilter: interaction: PackageSetting{f4518e5 de.on100.help_to_learn_app/10434} -> PackageSetting{1756a2 com.qti.qualcomm.datastatusnotification/10141} force queryable
05-01 16:20:58.734  4308  4619 I AppsFilter: interaction: PackageSetting{f4518e5 de.on100.help_to_learn_app/10434} -> PackageSetting{1756a2 com.qti.qualcomm.datastatusnotification/10141} force queryable
05-01 16:20:58.734  4308  4619 I AppsFilter: interaction: PackageSetting{f4518e5 de.on100.help_to_learn_app/10434} -> PackageSetting{1756a2 com.qti.qualcomm.datastatusnotification/10141} force queryable
05-01 16:20:58.734  4308  4619 I AppsFilter: interaction: PackageSetting{f4518e5 de.on100.help_to_learn_app/10434} -> PackageSetting{5fd1d09 com.google.android.marvin.talkback/10154} force queryable
05-01 16:20:58.734  4308  4619 I AppsFilter: interaction: PackageSetting{f4518e5 de.on100.help_to_learn_app/10434} -> PackageSetting{5fd1d09 com.google.android.marvin.talkback/10154} force queryable
05-01 16:20:58.734  4308  4619 I AppsFilter: interaction: PackageSetting{f4518e5 de.on100.help_to_learn_app/10434} -> PackageSetting{5fd1d09 com.google.android.marvin.talkback/10154} force queryable
05-01 16:20:58.734  4308  4619 I AppsFilter: interaction: PackageSetting{f4518e5 de.on100.help_to_learn_app/10434} -> PackageSetting{c7c5e10 com.android.carrierconfig/10211} force queryable
05-01 16:20:58.734  4308  4619 I AppsFilter: interaction: PackageSetting{f4518e5 de.on100.help_to_learn_app/10434} -> PackageSetting{c7c5e10 com.android.carrierconfig/10211} force queryable
05-01 16:20:58.734  4308  4619 I AppsFilter: interaction: PackageSetting{f4518e5 de.on100.help_to_learn_app/10434} -> PackageSetting{c7c5e10 com.android.carrierconfig/10211} force queryable
05-01 16:20:58.734  4308  4619 I AppsFilter: interaction: PackageSetting{f4518e5 de.on100.help_to_learn_app/10434} -> PackageSetting{f0c76f8 com.oplus.framework_bluetooth.overlay/10006} force queryable
05-01 16:20:58.734  4308  4619 I AppsFilter: interaction: PackageSetting{f4518e5 de.on100.help_to_learn_app/10434} -> PackageSetting{f0c76f8 com.oplus.framework_bluetooth.overlay/10006} force queryable
05-01 16:20:58.734  4308  4619 I AppsFilter: interaction: PackageSetting{f4518e5 de.on100.help_to_learn_app/10434} -> PackageSetting{f0c76f8 com.oplus.framework_bluetooth.overlay/10006} force queryable
05-01 16:20:58.734  4308  4619 I AppsFilter: interaction: PackageSetting{f4518e5 de.on100.help_to_learn_app/10434} -> PackageSetting{d7172d3 com.android.certinstaller/10232} force queryable
05-01 16:20:58.734  4308  4619 I AppsFilter: interaction: PackageSetting{f4518e5 de.on100.help_to_learn_app/10434} -> PackageSetting{d7172d3 com.android.certinstaller/10232} force queryable
05-01 16:20:58.734  4308  4619 I AppsFilter: interaction: PackageSetting{f4518e5 de.on100.help_to_learn_app/10434} -> PackageSetting{d7172d3 com.android.certinstaller/10232} force queryable
05-01 16:20:58.735  4308  4619 I AppsFilter: interaction: PackageSetting{f4518e5 de.on100.help_to_learn_app/10434} -> PackageSetting{f6ba4d1 com.microsoft.skydrive/10443} queries component
05-01 16:20:58.735  4308  4619 I AppsFilter: interaction: PackageSetting{f4518e5 de.on100.help_to_learn_app/10434} -> PackageSetting{f6ba4d1 com.microsoft.skydrive/10443} queries component
05-01 16:20:58.735  4308  4619 I AppsFilter: interaction: PackageSetting{f4518e5 de.on100.help_to_learn_app/10434} -> PackageSetting{f6ba4d1 com.microsoft.skydrive/10443} queries component
05-01 16:20:58.735  4308  4619 I AppsFilter: interaction: PackageSetting{f4518e5 de.on100.help_to_learn_app/10434} -> PackageSetting{5e67d1 android.overlay.common/10017} force queryable
05-01 16:20:58.735  4308  4619 I AppsFilter: interaction: PackageSetting{f4518e5 de.on100.help_to_learn_app/10434} -> PackageSetting{5e67d1 android.overlay.common/10017} force queryable
05-01 16:20:58.735  4308  4619 I AppsFilter: interaction: PackageSetting{f4518e5 de.on100.help_to_learn_app/10434} -> PackageSetting{5e67d1 android.overlay.common/10017} force queryable
05-01 16:20:58.735  4308  4619 I AppsFilter: interaction: PackageSetting{f4518e5 de.on100.help_to_learn_app/10434} -> PackageSetting{b4487f8 com.microsoftsdk.crossdeviceservicebroker/10077} force queryable
05-01 16:20:58.735  4308  4619 I AppsFilter: interaction: PackageSetting{f4518e5 de.on100.help_to_learn_app/10434} -> PackageSetting{b4487f8 com.microsoftsdk.crossdeviceservicebroker/10077} force queryable
05-01 16:20:58.735  4308  4619 I AppsFilter: interaction: PackageSetting{f4518e5 de.on100.help_to_learn_app/10434} -> PackageSetting{b4487f8 com.microsoftsdk.crossdeviceservicebroker/10077} force queryable
05-01 16:20:58.735  4308  4619 I AppsFilter: interaction: PackageSetting{f4518e5 de.on100.help_to_learn_app/10434} -> PackageSetting{37ffce0 com.android.pacprocessor/10080} force queryable
05-01 16:20:58.735  4308  4619 I AppsFilter: interaction: PackageSetting{f4518e5 de.on100.help_to_learn_app/10434} -> PackageSetting{37ffce0 com.android.pacprocessor/10080} force queryable
05-01 16:20:58.735  4308  4619 I AppsFilter: interaction: PackageSetting{f4518e5 de.on100.help_to_learn_app/10434} -> PackageSetting{37ffce0 com.android.pacprocessor/10080} force queryable
05-01 16:20:58.735  4308  4619 I AppsFilter: interaction: PackageSetting{f4518e5 de.on100.help_to_learn_app/10434} -> PackageSetting{8f80ae3 com.android.vending/10088} force queryable
05-01 16:20:58.735  4308  4619 I AppsFilter: interaction: PackageSetting{f4518e5 de.on100.help_to_learn_app/10434} -> PackageSetting{8f80ae3 com.android.vending/10088} force queryable
05-01 16:20:58.735  4308  4619 I AppsFilter: interaction: PackageSetting{f4518e5 de.on100.help_to_learn_app/10434} -> PackageSetting{8f80ae3 com.android.vending/10088} force queryable
05-01 16:20:58.735  4308  4619 I AppsFilter: interaction: PackageSetting{f4518e5 de.on100.help_to_learn_app/10434} -> PackageSetting{3b16097 com.android.providers.downloads.ui/10059} force queryable
05-01 16:20:58.735  4308  4619 I AppsFilter: interaction: PackageSetting{f4518e5 de.on100.help_to_learn_app/10434} -> PackageSetting{3b16097 com.android.providers.downloads.ui/10059} force queryable
05-01 16:20:58.735  4308  4619 I AppsFilter: interaction: PackageSetting{f4518e5 de.on100.help_to_learn_app/10434} -> PackageSetting{3b16097 com.android.providers.downloads.ui/10059} force queryable
05-01 16:20:58.735  4308  4619 I AppsFilter: interaction: PackageSetting{f4518e5 de.on100.help_to_learn_app/10434} -> PackageSetting{43c5f16 com.heytap.openid/10121} force queryable
05-01 16:20:58.735  4308  4619 I AppsFilter: interaction: PackageSetting{f4518e5 de.on100.help_to_learn_app/10434} -> PackageSetting{43c5f16 com.heytap.openid/10121} force queryable
05-01 16:20:58.735  4308  4619 I AppsFilter: interaction: PackageSetting{f4518e5 de.on100.help_to_learn_app/10434} -> PackageSetting{43c5f16 com.heytap.openid/10121} force queryable
05-01 16:20:58.735  4308  4619 I AppsFilter: interaction: PackageSetting{f4518e5 de.on100.help_to_learn_app/10434} -> PackageSetting{87a1236 com.android.se.overlay.target/10055} force queryable
05-01 16:20:58.735  4308  4619 I AppsFilter: interaction: PackageSetting{f4518e5 de.on100.help_to_learn_app/10434} -> PackageSetting{87a1236 com.android.se.overlay.target/10055} force queryable
05-01 16:20:58.735  4308  4619 I AppsFilter: interaction: PackageSetting{f4518e5 de.on100.help_to_learn_app/10434} -> PackageSetting{87a1236 com.android.se.overlay.target/10055} force queryable
05-01 16:20:58.735  4308  4619 I AppsFilter: interaction: PackageSetting{f4518e5 de.on100.help_to_learn_app/10434} -> PackageSetting{55c5cc8 com.qualcomm.uimremoteserver/10144} force queryable
05-01 16:20:58.735  4308  4619 I AppsFilter: interaction: PackageSetting{f4518e5 de.on100.help_to_learn_app/10434} -> PackageSetting{55c5cc8 com.qualcomm.uimremoteserver/10144} force queryable
05-01 16:20:58.735  4308  4619 I AppsFilter: interaction: PackageSetting{f4518e5 de.on100.help_to_learn_app/10434} -> PackageSetting{55c5cc8 com.qualcomm.uimremoteserver/10144} force queryable
05-01 16:20:58.735  4308  4619 I AppsFilter: interaction: PackageSetting{f4518e5 de.on100.help_to_learn_app/10434} -> PackageSetting{ddca6ba com.oplus.keyguard.clock.gallery/10240} force queryable
05-01 16:20:58.735  4308  4619 I AppsFilter: interaction: PackageSetting{f4518e5 de.on100.help_to_learn_app/10434} -> PackageSetting{ddca6ba com.oplus.keyguard.clock.gallery/10240} force queryable
05-01 16:20:58.735  4308  4619 I AppsFilter: interaction: PackageSetting{f4518e5 de.on100.help_to_learn_app/10434} -> PackageSetting{ddca6ba com.oplus.keyguard.clock.gallery/10240} force queryable
05-01 16:20:58.735  4308  4619 I AppsFilter: interaction: PackageSetting{f4518e5 de.on100.help_to_learn_app/10434} -> PackageSetting{7bd2edc com.oplus.exserviceui/10246} force queryable
05-01 16:20:58.735  4308  4619 I AppsFilter: interaction: PackageSetting{f4518e5 de.on100.help_to_learn_app/10434} -> PackageSetting{7bd2edc com.oplus.exserviceui/10246} force queryable
05-01 16:20:58.735  4308  4619 I AppsFilter: interaction: PackageSetting{f4518e5 de.on100.help_to_learn_app/10434} -> PackageSetting{7bd2edc com.oplus.exserviceui/10246} force queryable
05-01 16:20:58.735  4308  4619 I AppsFilter: interaction: PackageSetting{f4518e5 de.on100.help_to_learn_app/10434} -> PackageSetting{e785c31 vendor.qti.iwlan/10084} force queryable
05-01 16:20:58.735  4308  4619 I AppsFilter: interaction: PackageSetting{f4518e5 de.on100.help_to_learn_app/10434} -> PackageSetting{e785c31 vendor.qti.iwlan/10084} force queryable
05-01 16:20:58.735  4308  4619 I AppsFilter: interaction: PackageSetting{f4518e5 de.on100.help_to_learn_app/10434} -> PackageSetting{e785c31 vendor.qti.iwlan/10084} force queryable
05-01 16:20:58.735  4308  4619 I AppsFilter: interaction: PackageSetting{f4518e5 de.on100.help_to_learn_app/10434} -> PackageSetting{7e2cd62 com.oplus.vdc/10224} force queryable
05-01 16:20:58.735  4308  4619 I AppsFilter: interaction: PackageSetting{f4518e5 de.on100.help_to_learn_app/10434} -> PackageSetting{7e2cd62 com.oplus.vdc/10224} force queryable
05-01 16:20:58.735  4308  4619 I AppsFilter: interaction: PackageSetting{f4518e5 de.on100.help_to_learn_app/10434} -> PackageSetting{7e2cd62 com.oplus.vdc/10224} force queryable
05-01 16:20:58.735  4308  4619 I AppsFilter: interaction: PackageSetting{f4518e5 de.on100.help_to_learn_app/10434} -> PackageSetting{88bf457 com.oplus.ota/10244} force queryable
05-01 16:20:58.735  4308  4619 I AppsFilter: interaction: PackageSetting{f4518e5 de.on100.help_to_learn_app/10434} -> PackageSetting{88bf457 com.oplus.ota/10244} force queryable
05-01 16:20:58.735  4308  4619 I AppsFilter: interaction: PackageSetting{f4518e5 de.on100.help_to_learn_app/10434} -> PackageSetting{88bf457 com.oplus.ota/10244} force queryable
05-01 16:20:58.735  4308  4619 I AppsFilter: interaction: PackageSetting{f4518e5 de.on100.help_to_learn_app/10434} -> PackageSetting{9d9e9d6 com.oplus.eid/10234} force queryable
05-01 16:20:58.735  4308  4619 I AppsFilter: interaction: PackageSetting{f4518e5 de.on100.help_to_learn_app/10434} -> PackageSetting{9d9e9d6 com.oplus.eid/10234} force queryable
05-01 16:20:58.735  4308  4619 I AppsFilter: interaction: PackageSetting{f4518e5 de.on100.help_to_learn_app/10434} -> PackageSetting{9d9e9d6 com.oplus.eid/10234} force queryable
05-01 16:20:58.735  4308  4619 I AppsFilter: interaction: PackageSetting{f4518e5 de.on100.help_to_learn_app/10434} -> PackageSetting{94a6537 android.frameworkres.overlay.display.product/10045} force queryable
05-01 16:20:58.735  4308  4619 I AppsFilter: interaction: PackageSetting{f4518e5 de.on100.help_to_learn_app/10434} -> PackageSetting{94a6537 android.frameworkres.overlay.display.product/10045} force queryable
05-01 16:20:58.735  4308  4619 I AppsFilter: interaction: PackageSetting{f4518e5 de.on100.help_to_learn_app/10434} -> PackageSetting{94a6537 android.frameworkres.overlay.display.product/10045} force queryable
05-01 16:20:58.735  4308  4619 I AppsFilter: interaction: PackageSetting{f4518e5 de.on100.help_to_learn_app/10434} -> PackageSetting{f0e0aa4 com.android.bluetooth.oplus.overlay/10004} force queryable
05-01 16:20:58.735  4308  4619 I AppsFilter: interaction: PackageSetting{f4518e5 de.on100.help_to_learn_app/10434} -> PackageSetting{f0e0aa4 com.android.bluetooth.oplus.overlay/10004} force queryable
05-01 16:20:58.735  4308  4619 I AppsFilter: interaction: PackageSetting{f4518e5 de.on100.help_to_learn_app/10434} -> PackageSetting{f0e0aa4 com.android.bluetooth.oplus.overlay/10004} force queryable
05-01 16:20:58.735  4308  4619 I AppsFilter: interaction: PackageSetting{f4518e5 de.on100.help_to_learn_app/10434} -> PackageSetting{fb1b1ec com.qualcomm.qti.telephonyservice/10141} force queryable
05-01 16:20:58.743  4308  4619 D PackageManager: skipInstallInMultiUser de.on100.help_to_learn_app
05-01 16:20:58.882  4308  4619 D OplusPackageAbiHelper: notifyPackageAddOrChange :de.on100.help_to_learn_app primaryabi = arm64-v8a secondabi = null
05-01 16:20:58.888  4308  4611 W PackageSettings: writeFreezeToXml ustate isn't instance of PackageUserStateImpl
05-01 16:20:58.888  4308  4611 W PackageSettings: writeFreezeToXml ustate isn't instance of PackageUserStateImpl
05-01 16:20:58.888  4308  4611 W PackageSettings: writeFreezeToXml ustate isn't instance of PackageUserStateImpl
05-01 16:20:58.888  4308  4611 W PackageSettings: writeFreezeToXml ustate isn't instance of PackageUserStateImpl
05-01 16:20:58.888  4308  4611 W PackageSettings: writeFreezeToXml ustate isn't instance of PackageUserStateImpl
05-01 16:20:58.888  4308  4611 W PackageSettings: writeFreezeToXml ustate isn't instance of PackageUserStateImpl
05-01 16:20:58.888  4308  4611 W PackageSettings: writeFreezeToXml ustate isn't instance of PackageUserStateImpl
05-01 16:20:58.888  4308  4611 W PackageSettings: writeFreezeToXml ustate isn't instance of PackageUserStateImpl
05-01 16:20:58.888  4308  4611 W PackageSettings: writeFreezeToXml ustate isn't instance of PackageUserStateImpl
05-01 16:20:58.888  4308  4611 W PackageSettings: writeFreezeToXml ustate isn't instance of PackageUserStateImpl
05-01 16:20:58.888  4308  4611 W PackageSettings: writeFreezeToXml ustate isn't instance of PackageUserStateImpl
05-01 16:20:58.888  4308  4611 W PackageSettings: writeFreezeToXml ustate isn't instance of PackageUserStateImpl
05-01 16:20:58.889  4308  4611 W PackageSettings: writeFreezeToXml ustate isn't instance of PackageUserStateImpl
05-01 16:20:58.889  4308  4611 W PackageSettings: writeFreezeToXml ustate isn't instance of PackageUserStateImpl
05-01 16:20:58.889  4308  4611 W PackageSettings: writeFreezeToXml ustate isn't instance of PackageUserStateImpl
05-01 16:20:58.889  4308  4611 W PackageSettings: writeFreezeToXml ustate isn't instance of PackageUserStateImpl
05-01 16:20:58.889  4308  4611 W PackageSettings: writeFreezeToXml ustate isn't instance of PackageUserStateImpl
05-01 16:20:58.889  4308  4611 W PackageSettings: writeFreezeToXml ustate isn't instance of PackageUserStateImpl
05-01 16:20:58.889  4308  4611 W PackageSettings: writeFreezeToXml ustate isn't instance of PackageUserStateImpl
05-01 16:20:58.889  4308  4611 W PackageSettings: writeFreezeToXml ustate isn't instance of PackageUserStateImpl
05-01 16:20:58.889  4308  4611 W PackageSettings: writeFreezeToXml ustate isn't instance of PackageUserStateImpl
05-01 16:20:58.889  4308  4611 W PackageSettings: writeFreezeToXml ustate isn't instance of PackageUserStateImpl
05-01 16:20:58.889  4308  4611 W PackageSettings: writeFreezeToXml ustate isn't instance of PackageUserStateImpl
05-01 16:20:58.889  4308  4611 W PackageSettings: writeFreezeToXml ustate isn't instance of PackageUserStateImpl
05-01 16:20:58.889  4308  4611 W PackageSettings: writeFreezeToXml ustate isn't instance of PackageUserStateImpl
05-01 16:20:58.889  4308  4611 W PackageSettings: writeFreezeToXml ustate isn't instance of PackageUserStateImpl
05-01 16:20:58.889  4308  4611 W PackageSettings: writeFreezeToXml ustate isn't instance of PackageUserStateImpl
05-01 16:20:58.889  4308  4611 W PackageSettings: writeFreezeToXml ustate isn't instance of PackageUserStateImpl
05-01 16:20:58.889  4308  4611 W PackageSettings: writeFreezeToXml ustate isn't instance of PackageUserStateImpl
05-01 16:20:58.889  4308  4611 W PackageSettings: writeFreezeToXml ustate isn't instance of PackageUserStateImpl
05-01 16:20:58.889  4308  4611 W PackageSettings: writeFreezeToXml ustate isn't instance of PackageUserStateImpl
05-01 16:20:58.889  4308  4611 W PackageSettings: writeFreezeToXml ustate isn't instance of PackageUserStateImpl
05-01 16:20:58.889  4308  4611 W PackageSettings: writeFreezeToXml ustate isn't instance of PackageUserStateImpl
05-01 16:20:58.889  4308  4611 W PackageSettings: writeFreezeToXml ustate isn't instance of PackageUserStateImpl
05-01 16:20:58.889  4308  4611 W PackageSettings: writeFreezeToXml ustate isn't instance of PackageUserStateImpl
05-01 16:20:58.892  4308  4611 W PackageSettings: writeFreezeToXml ustate isn't instance of PackageUserStateImpl
05-01 16:20:58.892  4308  4611 W PackageSettings: writeFreezeToXml ustate isn't instance of PackageUserStateImpl
05-01 16:20:58.892  4308  4611 W PackageSettings: writeFreezeToXml ustate isn't instance of PackageUserStateImpl
05-01 16:20:58.892  4308  4611 W PackageSettings: writeFreezeToXml ustate isn't instance of PackageUserStateImpl
05-01 16:20:58.892  4308  4611 W PackageSettings: writeFreezeToXml ustate isn't instance of PackageUserStateImpl
05-01 16:20:58.892  4308  4611 W PackageSettings: writeFreezeToXml ustate isn't instance of PackageUserStateImpl
05-01 16:20:58.892  4308  4611 W PackageSettings: writeFreezeToXml ustate isn't instance of PackageUserStateImpl
05-01 16:20:58.892  4308  4611 W PackageSettings: writeFreezeToXml ustate isn't instance of PackageUserStateImpl
05-01 16:20:58.892  4308  4611 W PackageSettings: writeFreezeToXml ustate isn't instance of PackageUserStateImpl
05-01 16:20:58.892  4308  4611 W PackageSettings: writeFreezeToXml ustate isn't instance of PackageUserStateImpl
05-01 16:20:58.892  4308  4611 W PackageSettings: writeFreezeToXml ustate isn't instance of PackageUserStateImpl
05-01 16:20:58.892  4308  4611 W PackageSettings: writeFreezeToXml ustate isn't instance of PackageUserStateImpl
05-01 16:20:58.892  4308  4611 W PackageSettings: writeFreezeToXml ustate isn't instance of PackageUserStateImpl
05-01 16:20:58.892  4308  4611 W PackageSettings: writeFreezeToXml ustate isn't instance of PackageUserStateImpl
05-01 16:20:58.892  4308  4611 W PackageSettings: writeFreezeToXml ustate isn't instance of PackageUserStateImpl
05-01 16:20:58.892  4308  4611 W PackageSettings: writeFreezeToXml ustate isn't instance of PackageUserStateImpl
05-01 16:20:58.892  4308  4611 W PackageSettings: writeFreezeToXml ustate isn't instance of PackageUserStateImpl
05-01 16:20:58.892  4308  4611 W PackageSettings: writeFreezeToXml ustate isn't instance of PackageUserStateImpl
05-01 16:20:58.892  4308  4611 W PackageSettings: writeFreezeToXml ustate isn't instance of PackageUserStateImpl
05-01 16:20:58.892  4308  4611 W PackageSettings: writeFreezeToXml ustate isn't instance of PackageUserStateImpl
05-01 16:20:58.892  4308  4611 W PackageSettings: writeFreezeToXml ustate isn't instance of PackageUserStateImpl
05-01 16:20:58.892  4308  4611 W PackageSettings: writeFreezeToXml ustate isn't instance of PackageUserStateImpl
05-01 16:20:58.892  4308  4611 W PackageSettings: writeFreezeToXml ustate isn't instance of PackageUserStateImpl
05-01 16:20:58.892  4308  4611 W PackageSettings: writeFreezeToXml ustate isn't instance of PackageUserStateImpl
05-01 16:20:58.892  4308  4611 W PackageSettings: writeFreezeToXml ustate isn't instance of PackageUserStateImpl
05-01 16:20:58.892  4308  4611 W PackageSettings: writeFreezeToXml ustate isn't instance of PackageUserStateImpl
05-01 16:20:58.892  4308  4611 W PackageSettings: writeFreezeToXml ustate isn't instance of PackageUserStateImpl
05-01 16:20:58.892  4308  4611 W PackageSettings: writeFreezeToXml ustate isn't instance of PackageUserStateImpl
05-01 16:20:58.892  4308  4611 W PackageSettings: writeFreezeToXml ustate isn't instance of PackageUserStateImpl
05-01 16:20:58.892  4308  4611 W PackageSettings: writeFreezeToXml ustate isn't instance of PackageUserStateImpl
05-01 16:20:58.892  4308  4611 W PackageSettings: writeFreezeToXml ustate isn't instance of PackageUserStateImpl
05-01 16:20:58.892  4308  4611 W PackageSettings: writeFreezeToXml ustate isn't instance of PackageUserStateImpl
05-01 16:20:58.892  4308  4611 W PackageSettings: writeFreezeToXml ustate isn't instance of PackageUserStateImpl
05-01 16:20:58.892  4308  4611 W PackageSettings: writeFreezeToXml ustate isn't instance of PackageUserStateImpl
05-01 16:20:58.892  4308  4611 W PackageSettings: writeFreezeToXml ustate isn't instance of PackageUserStateImpl
05-01 16:20:58.902 11658 11658 E vold    : [cherry] mount func exit: Bad file descriptor
05-01 16:20:58.903 11659 11659 E vold    : [cherry] timer_pid: Bad file descriptor
05-01 16:20:58.905 11657 11657 E vold    : [cherry] mount func exec success: No such file or directory
05-01 16:20:58.927  4308  4619 D OplusDexSceneManager: Starting attach context  for  de.on100.help_to_learn_app reason: install
05-01 16:20:58.927  4308  4619 D OplusDexSceneManager: isTopAppFront ======= com.android.launcher:false
05-01 16:20:58.927  4308  4619 D OplusDexSceneManager: OplusDex Framework didnot works!
05-01 16:20:58.927  4308  4619 W OplusSingleDexoptContainerImpl: oplus checkAndSetBeforeStart success: packageName= de.on100.help_to_learn_app priority= 60 compilerFilter= skip
05-01 16:20:58.974  4308  4619 I AppsFilter: interaction: PackageSetting{549469d com.android.microdroid.empty_payload/10268} -> PackageSetting{dabb951 de.on100.help_to_learn_app/10434} BLOCKED
05-01 16:20:58.976  4308  4619 I AppsFilter: interaction: PackageSetting{7f8af99 com.github.nrfr/10417} -> PackageSetting{dabb951 de.on100.help_to_learn_app/10434} BLOCKED
05-01 16:20:58.977  4308  4619 I AppsFilter: interaction: PackageSetting{350263f com.oplus.locationproxy/10176} -> PackageSetting{dabb951 de.on100.help_to_learn_app/10434} BLOCKED
05-01 16:20:58.977  4308  4619 I AppsFilter: interaction: PackageSetting{881ab0c com.android.certinstaller/10232} -> PackageSetting{dabb951 de.on100.help_to_learn_app/10434} BLOCKED
05-01 16:20:58.978  4308  4619 I AppsFilter: interaction: PackageSetting{788766a com.oplus.location/10251} -> PackageSetting{dabb951 de.on100.help_to_learn_app/10434} BLOCKED
05-01 16:20:58.980  4308  4619 I AppsFilter: interaction: PackageSetting{549469d com.android.microdroid.empty_payload/10268} -> PackageSetting{dabb951 de.on100.help_to_learn_app/10434} BLOCKED
05-01 16:20:58.983  4308  4619 I AppsFilter: interaction: PackageSetting{7f8af99 com.github.nrfr/10417} -> PackageSetting{dabb951 de.on100.help_to_learn_app/10434} BLOCKED
05-01 16:20:58.983  4308  4619 I AppsFilter: interaction: PackageSetting{350263f com.oplus.locationproxy/10176} -> PackageSetting{dabb951 de.on100.help_to_learn_app/10434} BLOCKED
05-01 16:20:58.984  4308  4619 I AppsFilter: interaction: PackageSetting{881ab0c com.android.certinstaller/10232} -> PackageSetting{dabb951 de.on100.help_to_learn_app/10434} BLOCKED
05-01 16:20:58.985  4308  4619 I AppsFilter: interaction: PackageSetting{788766a com.oplus.location/10251} -> PackageSetting{dabb951 de.on100.help_to_learn_app/10434} BLOCKED
05-01 16:20:58.989  4308  4619 D InstallerExtImpl: Avoid to hold lock when rmPackageDir
05-01 16:20:58.991  4308  4619 D InstallerExtImpl: Avoid to hold lock when rmPackageDir
05-01 16:20:58.995  4308  5964 I NativeFreezeManager: getCPULoad cpu Loading: 48
05-01 16:20:59.003  4308  4619 D UserUninstallRecorder: not care de.on100.help_to_learn_app installed.
05-01 16:20:59.005  4308  4619 I ActivityManager: Force stopping de.on100.help_to_learn_app appid=10434 user=0: pkg removed
05-01 16:20:59.007  4308  4619 D TaskFragmentExtImpl: shouldDeferResumeUntilRecentsAnimFinished prev=null, next=ActivityRecord{31c5b0e u0 com.android.launcher/.Launcher t5}, task=Task{5ad6f28 #5 type=undefined I=com.android.launcher/.Launcher}
05-01 16:20:59.150  4308  4619 I ActivityManager: Force stopping de.on100.help_to_learn_app appid=10434 user=0: pkg removed
05-01 16:20:59.172  4308  4619 D TaskFragmentExtImpl: shouldDeferResumeUntilRecentsAnimFinished prev=null, next=ActivityRecord{31c5b0e u0 com.android.launcher/.Launcher t5}, task=Task{5ad6f28 #5 type=undefined I=com.android.launcher/.Launcher}
05-01 16:20:59.207  4308  4619 W ActivityManager: Skipping broadcast of Intent { act=oplus.intent.action.PACKAGE_ADDED dat=package: flg=0x5000030 (has extras) }: user 10 and its parent (if any) are stopped
05-01 16:20:59.208  4308  4619 W ActivityManager: Skipping broadcast of Intent { act=android.intent.action.PACKAGE_ADDED dat=package: flg=0x4000010 (has extras) }: user 10 and its parent (if any) are stopped
05-01 16:20:59.210  4308  4549 V AutofillManagerService: onPackageUpdateStarted(): de.on100.help_to_learn_app
05-01 16:20:59.215  4308  5982 I OPM-activity: onPackageStatusChange isReInstall don't care!
05-01 16:20:59.219  4308  4619 W ActivityManager: Skipping broadcast of Intent { act=android.intent.action.PACKAGE_ADDED dat=package: flg=0x4000010 pkg=com.android.permissioncontroller (has extras) }: user 10 and its parent (if any) are stopped
05-01 16:20:59.221  4308  5050 D ShortcutService: received package broadcast intent: Intent { act=android.intent.action.PACKAGE_REMOVED dat=package: flg=0x4000010 (has extras) }
05-01 16:20:59.223  4308  4558 W ActivityManager: Slow operation: 81ms so far, now at startProcess: done updating battery stats
05-01 16:20:59.223  4308  4558 W ActivityManager: Slow operation: 81ms so far, now at startProcess: building log message
05-01 16:20:59.223  4308  4558 I ActivityManager: Start proc 11663:com.coloros.phonemanager/u0a133 for broadcast {com.coloros.phonemanager/com.oplus.phonemanager.clear.appuninstall.UninstallReceiver}
05-01 16:20:59.223  4308  4558 W ActivityManager: Slow operation: 81ms so far, now at startProcess: starting to update pids map
05-01 16:20:59.223  4308  4529 D LauncherAppsService: onPackageAdded, packageName: de.on100.help_to_learn_app/UserHandle{10} uid: 1010434 notify to: com.android.launcher
05-01 16:20:59.228  4308  4558 W ActivityManager: Slow operation: 86ms so far, now at startProcess: done updating pids map
05-01 16:20:59.228  4308  4946 I VibrationEffectConvertor: onInputMethodListUpdated received, info.size = 6
05-01 16:20:59.228  4308  4946 I VibrationEffectConvertor: userid = 0, packageName = com.kunzisoft.keepass.free
05-01 16:20:59.228  4308  4946 I VibrationEffectConvertor: userid = 0, packageName = youqu.android.todesk
05-01 16:20:59.228  4308  4946 I VibrationEffectConvertor: userid = 0, packageName = com.sohu.inputmethod.sogouoem
05-01 16:20:59.228  4308  4946 I VibrationEffectConvertor: userid = 0, packageName = com.google.android.inputmethod.latin
05-01 16:20:59.228  4308  4946 I VibrationEffectConvertor: userid = 0, packageName = com.baidu.input_oppo
05-01 16:20:59.228  4308  4946 I VibrationEffectConvertor: userid = 0, packageName = com.oplus.securitykeyboard
05-01 16:20:59.233  4308  4529 D LauncherAppsService: User UserHandle{10}can not access profile, the package is: de.on100.help_to_learn_app
05-01 16:20:59.237  4308  4308 D DeviceIdleHelper: pacakge removed: name=de.on100.help_to_learn_app not in PowerSaveWhitelist
05-01 16:20:59.237  4308  4308 D MultiApp-DataService: handlePackageChange: android.intent.action.PACKAGE_REMOVED for: de.on100.help_to_learn_app
05-01 16:20:59.256  4308  4529 D LauncherAppsService: onPackageAdded, packageName: de.on100.help_to_learn_app/UserHandle{10} uid: 1010434 notify to: com.android.systemui
05-01 16:20:59.256  4308  4529 D LauncherAppsService: User UserHandle{10}can not access profile, the package is: de.on100.help_to_learn_app
05-01 16:20:59.257  4308  4529 W PackageManager: Failed registering loading progress callback. Package is fully loaded.
05-01 16:20:59.262  4308  4999 D CompatChangeReporter: Compat change id reported: 297989574; UID 1000; state: ENABLED
05-01 16:20:59.264  4308  4946 I VibrationEffectConvertor: onInputMethodListUpdated received, info.size = 6
05-01 16:20:59.264  4308  4946 I VibrationEffectConvertor: userid = 0, packageName = com.kunzisoft.keepass.free
05-01 16:20:59.264  4308  4946 I VibrationEffectConvertor: userid = 0, packageName = youqu.android.todesk
05-01 16:20:59.264  4308  4946 I VibrationEffectConvertor: userid = 0, packageName = com.sohu.inputmethod.sogouoem
05-01 16:20:59.264  4308  4946 I VibrationEffectConvertor: userid = 0, packageName = com.google.android.inputmethod.latin
05-01 16:20:59.264  4308  4946 I VibrationEffectConvertor: userid = 0, packageName = com.baidu.input_oppo
05-01 16:20:59.264  4308  4946 I VibrationEffectConvertor: userid = 0, packageName = com.oplus.securitykeyboard
05-01 16:20:59.267  4308  4961 W PackageConfigPersister: App-specific configuration not found for packageName: de.on100.help_to_learn_app and userId: 0
05-01 16:20:59.268  4308  8641 D ActivityTaskManagerServiceExtImpl: preBindApplication record is null
05-01 16:20:59.269  4308  8641 D VRR [OPlusExternalRefreshRateManager]: isPkgTfcEnable: pkgName = com.coloros.phonemanager, enable = false
05-01 16:20:59.269  4308  8641 D VRR [OPlusExternalRefreshRateManager]: getTfcMinFramerate: pkgName = com.coloros.phonemanager, min framerate = 0
05-01 16:20:59.280  4308  4594 D OplusSmartBrightnessController: CtsTest = false
05-01 16:20:59.280  4308  4594 D OplusDisplayBrightnessBroadcastReceiver: onReceive action = android.intent.action.PACKAGE_REMOVED , listeners = [com.android.server.display.OplusSmartBrightnessController$SmartBroadcastReceiver@58f5826]
05-01 16:20:59.285  4308  5536 D OplusMediaControlService: dispatch getHistoryMediaPlayerInfoList
05-01 16:20:59.287  4308  5536 D OplusMediaControlService: InHistoryPlayInfoWhiteList: com.heytap.music, 0
05-01 16:20:59.288  4308  5536 D OplusMediaControlService: InHistoryPlayInfoWhiteList: com.luna.music, 0
05-01 16:20:59.288  4308  5536 I OplusMediaControlService: getHistoryMediaPlayerInfoList historyInfoList size: 2
05-01 16:20:59.290 23882 23924 W ContextImpl: Calling a method in the system process without a qualified user: android.app.ContextImpl.bindService:2081 android.content.ContextWrapper.bindService:873 jq.c.a:51 jq.b.a:29 bo.b.f:51 
05-01 16:20:59.299  4308  4549 W VoiceInteractionManager: no available voice recognition services found for user 10
05-01 16:20:59.307  4308  4532 I AccessibilityWindowsPopulator: getInsensibleFlag flag = 0 ,task = Task{5ad6f28 #5 type=undefined I=com.android.launcher/.Launcher}
05-01 16:20:59.309  4308  5050 D ShortcutService: received package broadcast intent: Intent { act=android.intent.action.PACKAGE_ADDED dat=package: flg=0x4000010 (has extras) }
05-01 16:20:59.309  4308  5050 D ShortcutService: replacing package: de.on100.help_to_learn_app userId0
05-01 16:20:59.309  4308  5050 D ShortcutService: handlePackageUpdateFinished: de.on100.help_to_learn_app user=0
05-01 16:20:59.309  4308  5050 D ShortcutService: rescanPackageIfNeeded 0@de.on100.help_to_learn_app, forceRescan=true , isNewApp=true
05-01 16:20:59.310  4308  4558 W ActivityManager: Slow operation: 76ms so far, now at startProcess: done updating battery stats
05-01 16:20:59.310  4308  4558 W ActivityManager: Slow operation: 76ms so far, now at startProcess: building log message
05-01 16:20:59.310  4308  4558 I ActivityManager: Start proc 11685:com.android.keychain/1000 for service {com.android.keychain/com.android.keychain.KeyChainService}
05-01 16:20:59.310  4308  4558 W ActivityManager: Slow operation: 76ms so far, now at startProcess: starting to update pids map
05-01 16:20:59.310  4308  4558 W ActivityManager: Slow operation: 76ms so far, now at startProcess: done updating pids map
05-01 16:20:59.310  4308  5050 D ShortcutService: Package de.on100.help_to_learn_app has 0 manifest shortcut(s), and 0 share target(s)
05-01 16:20:59.317  4308  4308 D OplusCustomizeService: pkgName = de.on100.help_to_learn_app
05-01 16:20:59.317  4308  4308 D OplusCustomizeService: Add packages name is :de.on100.help_to_learn_app;dir:/data/app/~~WAi7fOAxzFK-WXtSEd0rzQ==/de.on100.help_to_learn_app-2nqWfOUmIBv1BBG5HN5qIA==/base.apk
05-01 16:20:59.320  4308  4308 D MultiApp-DataService: handlePackageChange: android.intent.action.PACKAGE_ADDED for: de.on100.help_to_learn_app
05-01 16:20:59.322  4308  4549 W ActivityManager: Skipping broadcast of Intent { act=android.search.action.SEARCHABLES_CHANGED flg=0x24000010 }: user 10 and its parent (if any) are stopped
05-01 16:20:59.327  4308  4594 D OplusSmartBrightnessController: CtsTest = false
05-01 16:20:59.328  4308  4594 D OplusDisplayBrightnessBroadcastReceiver: onReceive action = android.intent.action.PACKAGE_ADDED , listeners = [com.android.server.display.OplusSmartBrightnessController$SmartBroadcastReceiver@58f5826]
05-01 16:20:59.328  4308  8641 D ActivityManager: Cancel freezing 10769 com.oplus.notificationmanager
05-01 16:20:59.334  4308  6051 W ActivityManager: Removing FLAG_RECEIVER_FROM_SHELL because caller is UID 1000
05-01 16:20:59.335  4308  5164 D CompatChangeReporter: Compat change id reported: 151861875; UID 10290; state: ENABLED
05-01 16:20:59.341  4308  6051 W ActivityManager: Removing FLAG_RECEIVER_FROM_SHELL because caller is UID 1000
05-01 16:20:59.344  4308  4619 W ActivityManager: Skipping broadcast of Intent { act=android.intent.action.PACKAGE_ADDED dat=package: flg=0x5000010 pkg=com.android.packageinstaller (has extras) }: user 10 and its parent (if any) are stopped
05-01 16:20:59.348 15367 15367 D ActivityThread: Package [de.on100.help_to_learn_app] reported as REPLACED, but missing application info. Assuming REMOVED.
05-01 16:20:59.349 28282 28282 D ActivityThread: Package [de.on100.help_to_learn_app] reported as REPLACED, but missing application info. Assuming REMOVED.
05-01 16:20:59.350  7984  7984 D ActivityThread: Package [de.on100.help_to_learn_app] reported as REPLACED, but missing application info. Assuming REMOVED.
05-01 16:20:59.352 24331 24331 D ActivityThread: Package [de.on100.help_to_learn_app] reported as REPLACED, but missing application info. Assuming REMOVED.
05-01 16:20:59.353 10056 10056 D ActivityThread: Package [de.on100.help_to_learn_app] reported as REPLACED, but missing application info. Assuming REMOVED.
05-01 16:20:59.353 10291 10291 D ActivityThread: Package [de.on100.help_to_learn_app] reported as REPLACED, but missing application info. Assuming REMOVED.
05-01 16:20:59.353  4308  4308 V BackupManagerConstants: getFullBackupIntervalMilliseconds(...) returns 86400000
05-01 16:20:59.353  4308  4308 V BackupManagerConstants: getFullBackupRequiredNetworkType(...) returns 2
05-01 16:20:59.353  4308  4308 V BackupManagerConstants: getFullBackupRequireCharging(...) returns true
05-01 16:20:59.354 28662 28662 D ActivityThread: Package [de.on100.help_to_learn_app] reported as REPLACED, but missing application info. Assuming REMOVED.
05-01 16:20:59.355  9714  9714 D ActivityThread: Package [de.on100.help_to_learn_app] reported as REPLACED, but missing application info. Assuming REMOVED.
05-01 16:20:59.355 19218 19218 D ActivityThread: Package [de.on100.help_to_learn_app] reported as REPLACED, but missing application info. Assuming REMOVED.
05-01 16:20:59.356  4308  4308 D CompatChangeReporter: Compat change id reported: 311402873; UID 1000; state: ENABLED
05-01 16:20:59.356  8829  8829 D ActivityThread: Package [de.on100.help_to_learn_app] reported as REPLACED, but missing application info. Assuming REMOVED.
05-01 16:20:59.357  4308  4308 D CompatChangeReporter: Compat change id reported: 323349338; UID 1000; state: ENABLED
05-01 16:20:59.357  6179  6179 D ActivityThread: Package [de.on100.help_to_learn_app] reported as REPLACED, but missing application info. Assuming REMOVED.
05-01 16:20:59.359 10193 10193 D ActivityThread: Package [de.on100.help_to_learn_app] reported as REPLACED, but missing application info. Assuming REMOVED.
05-01 16:20:59.359  8806  8806 D ActivityThread: Package [de.on100.help_to_learn_app] reported as REPLACED, but missing application info. Assuming REMOVED.
05-01 16:20:59.360  5852  5852 D ActivityThread: Package [de.on100.help_to_learn_app] reported as REPLACED, but missing application info. Assuming REMOVED.
05-01 16:20:59.361  5453  5453 D ActivityThread: Package [de.on100.help_to_learn_app] reported as REPLACED, but missing application info. Assuming REMOVED.
05-01 16:20:59.361  5866  5866 D ActivityThread: Package [de.on100.help_to_learn_app] reported as REPLACED, but missing application info. Assuming REMOVED.
05-01 16:20:59.361  8500  8500 D ActivityThread: Package [de.on100.help_to_learn_app] reported as REPLACED, but missing application info. Assuming REMOVED.
05-01 16:20:59.362  5453  5453 D ActivityThread: Package [de.on100.help_to_learn_app] reported as REPLACED, but missing application info. Assuming REMOVED.
05-01 16:20:59.362  5717  5717 D ActivityThread: Package [de.on100.help_to_learn_app] reported as REPLACED, but missing application info. Assuming REMOVED.
05-01 16:20:59.362 13618 13618 D ActivityThread: Package [de.on100.help_to_learn_app] reported as REPLACED, but missing application info. Assuming REMOVED.
05-01 16:20:59.362  8806  8806 D ActivityThread: Package [de.on100.help_to_learn_app] reported as REPLACED, but missing application info. Assuming REMOVED.
05-01 16:20:59.363 18432 18432 D ActivityThread: Package [de.on100.help_to_learn_app] reported as REPLACED, but missing application info. Assuming REMOVED.
05-01 16:20:59.363 22995 22995 D ActivityThread: Package [de.on100.help_to_learn_app] reported as REPLACED, but missing application info. Assuming REMOVED.
05-01 16:20:59.364  9639  9639 D ActivityThread: Package [de.on100.help_to_learn_app] reported as REPLACED, but missing application info. Assuming REMOVED.
05-01 16:20:59.364  9356  9356 D ActivityThread: Package [de.on100.help_to_learn_app] reported as REPLACED, but missing application info. Assuming REMOVED.
05-01 16:20:59.364  5860  5860 D ActivityThread: Package [de.on100.help_to_learn_app] reported as REPLACED, but missing application info. Assuming REMOVED.
05-01 16:20:59.364  5903  5903 D ActivityThread: Package [de.on100.help_to_learn_app] reported as REPLACED, but missing application info. Assuming REMOVED.
05-01 16:20:59.365 30057 30057 D ActivityThread: Package [de.on100.help_to_learn_app] reported as REPLACED, but missing application info. Assuming REMOVED.
05-01 16:20:59.365  9698  9698 D ActivityThread: Package [de.on100.help_to_learn_app] reported as REPLACED, but missing application info. Assuming REMOVED.
05-01 16:20:59.365  8598  8598 D ActivityThread: Package [de.on100.help_to_learn_app] reported as REPLACED, but missing application info. Assuming REMOVED.
05-01 16:20:59.366 25793 25793 D ActivityThread: Package [de.on100.help_to_learn_app] reported as REPLACED, but missing application info. Assuming REMOVED.
05-01 16:20:59.367 22995 22995 D ActivityThread: Package [de.on100.help_to_learn_app] reported as REPLACED, but missing application info. Assuming REMOVED.
05-01 16:20:59.355  5887  5887 D ActivityThread: Package [de.on100.help_to_learn_app] reported as REPLACED, but missing application info. Assuming REMOVED.
05-01 16:20:59.367  5892  5892 D ActivityThread: Package [de.on100.help_to_learn_app] reported as REPLACED, but missing application info. Assuming REMOVED.
05-01 16:20:59.367 14821 14821 D ActivityThread: Package [de.on100.help_to_learn_app] reported as REPLACED, but missing application info. Assuming REMOVED.
05-01 16:20:59.367 30636 30636 D ActivityThread: Package [de.on100.help_to_learn_app] reported as REPLACED, but missing application info. Assuming REMOVED.
05-01 16:20:59.367  8942  8942 D ActivityThread: Package [de.on100.help_to_learn_app] reported as REPLACED, but missing application info. Assuming REMOVED.
05-01 16:20:59.368 18600 18600 D ActivityThread: Package [de.on100.help_to_learn_app] reported as REPLACED, but missing application info. Assuming REMOVED.
05-01 16:20:59.368  5291  5291 D ActivityThread: Package [de.on100.help_to_learn_app] reported as REPLACED, but missing application info. Assuming REMOVED.
05-01 16:20:59.368  8832  8832 D ActivityThread: Package [de.on100.help_to_learn_app] reported as REPLACED, but missing application info. Assuming REMOVED.
05-01 16:20:59.369  7911  7911 D ActivityThread: Package [de.on100.help_to_learn_app] reported as REPLACED, but missing application info. Assuming REMOVED.
05-01 16:20:59.368  5922  5922 D ActivityThread: Package [de.on100.help_to_learn_app] reported as REPLACED, but missing application info. Assuming REMOVED.
05-01 16:20:59.368  5734  5734 D ActivityThread: Package [de.on100.help_to_learn_app] reported as REPLACED, but missing application info. Assuming REMOVED.
05-01 16:20:59.369  5626  5626 D ActivityThread: Package [de.on100.help_to_learn_app] reported as REPLACED, but missing application info. Assuming REMOVED.
05-01 16:20:59.370  4308  4308 W AlarmManager: Package de.on100.help_to_learn_app, uid 10434 lost permission to set exact alarms!
05-01 16:20:59.370  5629  5629 D ActivityThread: Package [de.on100.help_to_learn_app] reported as REPLACED, but missing application info. Assuming REMOVED.
05-01 16:20:59.370 30060 30060 D ActivityThread: Package [de.on100.help_to_learn_app] reported as REPLACED, but missing application info. Assuming REMOVED.
05-01 16:20:59.371  4308  4308 D ActivityThread: Package [de.on100.help_to_learn_app] reported as REPLACED, but missing application info. Assuming REMOVED.
05-01 16:20:59.372 10469 10469 D ActivityThread: Package [de.on100.help_to_learn_app] reported as REPLACED, but missing application info. Assuming REMOVED.
05-01 16:20:59.372 31177 31177 D ActivityThread: Package [de.on100.help_to_learn_app] reported as REPLACED, but missing application info. Assuming REMOVED.
05-01 16:20:59.372  8568  8568 D ActivityThread: Package [de.on100.help_to_learn_app] reported as REPLACED, but missing application info. Assuming REMOVED.
05-01 16:20:59.373 24328 24328 D ActivityThread: Package [de.on100.help_to_learn_app] reported as REPLACED, but missing application info. Assuming REMOVED.
05-01 16:20:59.373  1092  1092 D ActivityThread: Package [de.on100.help_to_learn_app] reported as REPLACED, but missing application info. Assuming REMOVED.
05-01 16:20:59.373  5334  5334 D ActivityThread: Package [de.on100.help_to_learn_app] reported as REPLACED, but missing application info. Assuming REMOVED.
05-01 16:20:59.373  9843  9843 D ActivityThread: Package [de.on100.help_to_learn_app] reported as REPLACED, but missing application info. Assuming REMOVED.
05-01 16:20:59.373  8891  8891 D ActivityThread: Package [de.on100.help_to_learn_app] reported as REPLACED, but missing application info. Assuming REMOVED.
05-01 16:20:59.374  9906  9906 D ActivityThread: Package [de.on100.help_to_learn_app] reported as REPLACED, but missing application info. Assuming REMOVED.
05-01 16:20:59.374  5906  5906 D ActivityThread: Package [de.on100.help_to_learn_app] reported as REPLACED, but missing application info. Assuming REMOVED.
05-01 16:20:59.375 25856 25856 D ActivityThread: Package [de.on100.help_to_learn_app] reported as REPLACED, but missing application info. Assuming REMOVED.
05-01 16:20:59.375  4308  4549 V AutofillManagerService: onPackageUpdateFinished(): de.on100.help_to_learn_app
05-01 16:20:59.376  8500  8500 D ActivityThread: Package [de.on100.help_to_learn_app] reported as REPLACED, but missing application info. Assuming REMOVED.
05-01 16:20:59.363  7986  7986 D ActivityThread: Package [de.on100.help_to_learn_app] reported as REPLACED, but missing application info. Assuming REMOVED.
05-01 16:20:59.377 24349 24349 D ActivityThread: Package [de.on100.help_to_learn_app] reported as REPLACED, but missing application info. Assuming REMOVED.
05-01 16:20:59.377  5844  5844 D ActivityThread: Package [de.on100.help_to_learn_app] reported as REPLACED, but missing application info. Assuming REMOVED.
05-01 16:20:59.378  8691  8691 D ActivityThread: Package [de.on100.help_to_learn_app] reported as REPLACED, but missing application info. Assuming REMOVED.
05-01 16:20:59.379  5194  5194 D ActivityThread: Package [de.on100.help_to_learn_app] reported as REPLACED, but missing application info. Assuming REMOVED.
05-01 16:20:59.375  9501  9501 D ActivityThread: Package [de.on100.help_to_learn_app] reported as REPLACED, but missing application info. Assuming REMOVED.
05-01 16:20:59.383 28662 28662 D ActivityThread: Package [de.on100.help_to_learn_app] reported as REPLACED, but missing application info. Assuming REMOVED.
05-01 16:20:59.383 10469 10469 D ActivityThread: Package [de.on100.help_to_learn_app] reported as REPLACED, but missing application info. Assuming REMOVED.
05-01 16:20:59.383 10056 10056 D ActivityThread: Package [de.on100.help_to_learn_app] reported as REPLACED, but missing application info. Assuming REMOVED.
05-01 16:20:59.383 24328 24328 D ActivityThread: Package [de.on100.help_to_learn_app] reported as REPLACED, but missing application info. Assuming REMOVED.
05-01 16:20:59.384  5629  5629 D ActivityThread: Package [de.on100.help_to_learn_app] reported as REPLACED, but missing application info. Assuming REMOVED.
05-01 16:20:59.384 11058 11058 D ActivityThread: Package [de.on100.help_to_learn_app] reported as REPLACED, but missing application info. Assuming REMOVED.
05-01 16:20:59.386 23882 23882 D ActivityThread: Package [de.on100.help_to_learn_app] reported as REPLACED, but missing application info. Assuming REMOVED.
05-01 16:20:59.378  6489  6489 D ActivityThread: Package [de.on100.help_to_learn_app] reported as REPLACED, but missing application info. Assuming REMOVED.
05-01 16:20:59.389  5968  5968 D ActivityThread: Package [de.on100.help_to_learn_app] reported as REPLACED, but missing application info. Assuming REMOVED.
