05-01 16:21:59.483 11814 11814 W VRI[MainActivity]: performTraversals: cancelAndRedraw, mLastPerformTraversalsSkipDrawReasonpredraw_io.flutter.embedding.android.FlutterActivityAndFragmentDelegate$2
05-01 16:21:59.494 11814 11814 W VRI[MainActivity]: performTraversals: cancelAndRedraw, mLastPerformTraversalsSkipDrawReasonpredraw_io.flutter.embedding.android.FlutterActivityAndFragmentDelegate$2
05-01 16:21:59.499  2275  7239 I vendor.qti.bluetooth@1.1-ibs_handler: ProcessIbsCmd: Received IBS_SLEEP_IND: 0xFE
05-01 16:21:59.499  2275  7239 D vendor.qti.bluetooth@1.1-ibs_handler: SerialClockVote: vote for UART CLK OFF
05-01 16:21:59.499  2384  2476 D BatteryChargeControl: bcc get no support from charging protocol
05-01 16:21:59.505 11814 11814 W VRI[MainActivity]: performTraversals: cancelAndRedraw, mLastPerformTraversalsSkipDrawReasonpredraw_io.flutter.embedding.android.FlutterActivityAndFragmentDelegate$2
05-01 16:21:59.516 11814 11814 W VRI[MainActivity]: performTraversals: cancelAndRedraw, mLastPerformTraversalsSkipDrawReasonpredraw_io.flutter.embedding.android.FlutterActivityAndFragmentDelegate$2
05-01 16:21:59.527 11814 11814 W VRI[MainActivity]: performTraversals: cancelAndRedraw, mLastPerformTraversalsSkipDrawReasonpredraw_io.flutter.embedding.android.FlutterActivityAndFragmentDelegate$2
05-01 16:21:59.538 11814 11814 W VRI[MainActivity]: performTraversals: cancelAndRedraw, mLastPerformTraversalsSkipDrawReasonpredraw_io.flutter.embedding.android.FlutterActivityAndFragmentDelegate$2
05-01 16:21:59.549 11814 11814 W VRI[MainActivity]: performTraversals: cancelAndRedraw, mLastPerformTraversalsSkipDrawReasonpredraw_io.flutter.embedding.android.FlutterActivityAndFragmentDelegate$2
05-01 16:21:59.552  2275  7239 I vendor.qti.bluetooth@1.1-ibs_handler: ProcessIbsCmd: Received IBS_WAKE_IND: 0xFD
05-01 16:21:59.552  2275  7239 D vendor.qti.bluetooth@1.1-ibs_handler: SerialClockVote: vote for UART CLK ON
05-01 16:21:59.553  2275  7239 E vendor.qti.bluetooth@1.1-wake_lock: Acquire write to wakelock file failed -1 - Operation not permitted
05-01 16:21:59.553  2275  7239 I vendor.qti.bluetooth@1.1-ibs_handler: ProcessIbsCmd: Writing IBS_WAKE_ACK
05-01 16:21:59.558  7141  7249 I BtGatt.ScanHelper: Skipping client for location deny list
05-01 16:21:59.558  7141  7249 I BtGatt.ScanHelper: Skipping client for location deny list
05-01 16:21:59.561 11814 11814 W VRI[MainActivity]: performTraversals: cancelAndRedraw, mLastPerformTraversalsSkipDrawReasonpredraw_io.flutter.embedding.android.FlutterActivityAndFragmentDelegate$2
05-01 16:21:59.572 11814 11814 W VRI[MainActivity]: performTraversals: cancelAndRedraw, mLastPerformTraversalsSkipDrawReasonpredraw_io.flutter.embedding.android.FlutterActivityAndFragmentDelegate$2
05-01 16:21:59.582 11814 11814 W VRI[MainActivity]: performTraversals: cancelAndRedraw, mLastPerformTraversalsSkipDrawReasonpredraw_io.flutter.embedding.android.FlutterActivityAndFragmentDelegate$2
05-01 16:21:59.593 11814 11814 W VRI[MainActivity]: performTraversals: cancelAndRedraw, mLastPerformTraversalsSkipDrawReasonpredraw_io.flutter.embedding.android.FlutterActivityAndFragmentDelegate$2
05-01 16:21:59.594  2275  7239 I vendor.qti.bluetooth@1.1-ibs_handler: ProcessIbsCmd: Received IBS_SLEEP_IND: 0xFE
05-01 16:21:59.594  2275  7239 D vendor.qti.bluetooth@1.1-ibs_handler: SerialClockVote: vote for UART CLK OFF
05-01 16:21:59.594  2275  7239 E vendor.qti.bluetooth@1.1-wake_lock: Release wake lock not initialized/acquired
05-01 16:21:59.604 11814 11814 W VRI[MainActivity]: performTraversals: cancelAndRedraw, mLastPerformTraversalsSkipDrawReasonpredraw_io.flutter.embedding.android.FlutterActivityAndFragmentDelegate$2
05-01 16:21:59.616 11814 11814 W VRI[MainActivity]: performTraversals: cancelAndRedraw, mLastPerformTraversalsSkipDrawReasonpredraw_io.flutter.embedding.android.FlutterActivityAndFragmentDelegate$2
05-01 16:21:59.627 11814 11814 W VRI[MainActivity]: performTraversals: cancelAndRedraw, mLastPerformTraversalsSkipDrawReasonpredraw_io.flutter.embedding.android.FlutterActivityAndFragmentDelegate$2
05-01 16:21:59.638 11814 11814 W VRI[MainActivity]: performTraversals: cancelAndRedraw, mLastPerformTraversalsSkipDrawReasonpredraw_io.flutter.embedding.android.FlutterActivityAndFragmentDelegate$2
05-01 16:21:59.649 11814 11814 W VRI[MainActivity]: performTraversals: cancelAndRedraw, mLastPerformTraversalsSkipDrawReasonpredraw_io.flutter.embedding.android.FlutterActivityAndFragmentDelegate$2
05-01 16:21:59.661 11814 11814 W VRI[MainActivity]: performTraversals: cancelAndRedraw, mLastPerformTraversalsSkipDrawReasonpredraw_io.flutter.embedding.android.FlutterActivityAndFragmentDelegate$2
05-01 16:21:59.672 11814 11814 W VRI[MainActivity]: performTraversals: cancelAndRedraw, mLastPerformTraversalsSkipDrawReasonpredraw_io.flutter.embedding.android.FlutterActivityAndFragmentDelegate$2
05-01 16:21:59.682 11814 11814 W VRI[MainActivity]: performTraversals: cancelAndRedraw, mLastPerformTraversalsSkipDrawReasonpredraw_io.flutter.embedding.android.FlutterActivityAndFragmentDelegate$2
05-01 16:21:59.689  2384  7104 D charge_time: type=sdp,reserve_soc=3,soc=86,ui_soc=89,current=126,avg=115,not_chg_cnt=0,stable_cnt=7,fcc=5120,fcc_ratio=100,delta=434,debug=0,region=12,ttf=7985(02:13:05),ui_ttf=6972(01:56:12)
05-01 16:21:59.694 11814 11814 W VRI[MainActivity]: performTraversals: cancelAndRedraw, mLastPerformTraversalsSkipDrawReasonpredraw_io.flutter.embedding.android.FlutterActivityAndFragmentDelegate$2
05-01 16:21:59.704 11814 11814 W VRI[MainActivity]: performTraversals: cancelAndRedraw, mLastPerformTraversalsSkipDrawReasonpredraw_io.flutter.embedding.android.FlutterActivityAndFragmentDelegate$2
05-01 16:21:59.716 11814 11814 W VRI[MainActivity]: performTraversals: cancelAndRedraw, mLastPerformTraversalsSkipDrawReasonpredraw_io.flutter.embedding.android.FlutterActivityAndFragmentDelegate$2
05-01 16:21:59.727 11814 11814 W VRI[MainActivity]: performTraversals: cancelAndRedraw, mLastPerformTraversalsSkipDrawReasonpredraw_io.flutter.embedding.android.FlutterActivityAndFragmentDelegate$2
05-01 16:21:59.738 11814 11814 W VRI[MainActivity]: performTraversals: cancelAndRedraw, mLastPerformTraversalsSkipDrawReasonpredraw_io.flutter.embedding.android.FlutterActivityAndFragmentDelegate$2
05-01 16:21:59.744  2275  7185 E vendor.qti.bluetooth@1.1-wake_lock: Release wake lock not initialized/acquired
05-01 16:21:59.750 11814 11814 W VRI[MainActivity]: performTraversals: cancelAndRedraw, mLastPerformTraversalsSkipDrawReasonpredraw_io.flutter.embedding.android.FlutterActivityAndFragmentDelegate$2
05-01 16:21:59.760 11814 11814 W VRI[MainActivity]: performTraversals: cancelAndRedraw, mLastPerformTraversalsSkipDrawReasonpredraw_io.flutter.embedding.android.FlutterActivityAndFragmentDelegate$2
05-01 16:21:59.771 11814 11814 W VRI[MainActivity]: performTraversals: cancelAndRedraw, mLastPerformTraversalsSkipDrawReasonpredraw_io.flutter.embedding.android.FlutterActivityAndFragmentDelegate$2
05-01 16:21:59.782 11814 11814 W VRI[MainActivity]: performTraversals: cancelAndRedraw, mLastPerformTraversalsSkipDrawReasonpredraw_io.flutter.embedding.android.FlutterActivityAndFragmentDelegate$2
05-01 16:21:59.793 11814 11814 W VRI[MainActivity]: performTraversals: cancelAndRedraw, mLastPerformTraversalsSkipDrawReasonpredraw_io.flutter.embedding.android.FlutterActivityAndFragmentDelegate$2
05-01 16:21:59.805 11814 11814 W VRI[MainActivity]: performTraversals: cancelAndRedraw, mLastPerformTraversalsSkipDrawReasonpredraw_io.flutter.embedding.android.FlutterActivityAndFragmentDelegate$2
05-01 16:21:59.815 11814 11814 W VRI[MainActivity]: performTraversals: cancelAndRedraw, mLastPerformTraversalsSkipDrawReasonpredraw_io.flutter.embedding.android.FlutterActivityAndFragmentDelegate$2
05-01 16:21:59.827 11814 11814 W VRI[MainActivity]: performTraversals: cancelAndRedraw, mLastPerformTraversalsSkipDrawReasonpredraw_io.flutter.embedding.android.FlutterActivityAndFragmentDelegate$2
05-01 16:21:59.838 11814 11814 W VRI[MainActivity]: performTraversals: cancelAndRedraw, mLastPerformTraversalsSkipDrawReasonpredraw_io.flutter.embedding.android.FlutterActivityAndFragmentDelegate$2
05-01 16:21:59.849 11814 11814 W VRI[MainActivity]: performTraversals: cancelAndRedraw, mLastPerformTraversalsSkipDrawReasonpredraw_io.flutter.embedding.android.FlutterActivityAndFragmentDelegate$2
05-01 16:21:59.859 11814 11814 W VRI[MainActivity]: performTraversals: cancelAndRedraw, mLastPerformTraversalsSkipDrawReasonpredraw_io.flutter.embedding.android.FlutterActivityAndFragmentDelegate$2
05-01 16:21:59.871 11814 11814 W VRI[MainActivity]: performTraversals: cancelAndRedraw, mLastPerformTraversalsSkipDrawReasonpredraw_io.flutter.embedding.android.FlutterActivityAndFragmentDelegate$2
05-01 16:21:59.882 11814 11814 W VRI[MainActivity]: performTraversals: cancelAndRedraw, mLastPerformTraversalsSkipDrawReasonpredraw_io.flutter.embedding.android.FlutterActivityAndFragmentDelegate$2
05-01 16:21:59.893 11814 11814 W VRI[MainActivity]: performTraversals: cancelAndRedraw, mLastPerformTraversalsSkipDrawReasonpredraw_io.flutter.embedding.android.FlutterActivityAndFragmentDelegate$2
05-01 16:21:59.893  2286 27866 E sensors-hal: handle_sns_std_sensor_event:151, oplus_wise_light: lux 1997, data_c = 66, period 100 ms, brightness:1577, data_cnt:5091
05-01 16:21:59.904 11814 11814 W VRI[MainActivity]: performTraversals: cancelAndRedraw, mLastPerformTraversalsSkipDrawReasonpredraw_io.flutter.embedding.android.FlutterActivityAndFragmentDelegate$2
05-01 16:21:59.915 11814 11814 W VRI[MainActivity]: performTraversals: cancelAndRedraw, mLastPerformTraversalsSkipDrawReasonpredraw_io.flutter.embedding.android.FlutterActivityAndFragmentDelegate$2
05-01 16:21:59.926 11814 11814 W VRI[MainActivity]: performTraversals: cancelAndRedraw, mLastPerformTraversalsSkipDrawReasonpredraw_io.flutter.embedding.android.FlutterActivityAndFragmentDelegate$2
05-01 16:21:59.937 11814 11814 W VRI[MainActivity]: performTraversals: cancelAndRedraw, mLastPerformTraversalsSkipDrawReasonpredraw_io.flutter.embedding.android.FlutterActivityAndFragmentDelegate$2
05-01 16:21:59.948 11814 11814 W VRI[MainActivity]: performTraversals: cancelAndRedraw, mLastPerformTraversalsSkipDrawReasonpredraw_io.flutter.embedding.android.FlutterActivityAndFragmentDelegate$2
05-01 16:21:59.960 11814 11814 W VRI[MainActivity]: performTraversals: cancelAndRedraw, mLastPerformTraversalsSkipDrawReasonpredraw_io.flutter.embedding.android.FlutterActivityAndFragmentDelegate$2
05-01 16:21:59.971 11814 11814 W VRI[MainActivity]: performTraversals: cancelAndRedraw, mLastPerformTraversalsSkipDrawReasonpredraw_io.flutter.embedding.android.FlutterActivityAndFragmentDelegate$2
05-01 16:21:59.982 11814 11814 W VRI[MainActivity]: performTraversals: cancelAndRedraw, mLastPerformTraversalsSkipDrawReasonpredraw_io.flutter.embedding.android.FlutterActivityAndFragmentDelegate$2
05-01 16:21:59.993 11814 11814 W VRI[MainActivity]: performTraversals: cancelAndRedraw, mLastPerformTraversalsSkipDrawReasonpredraw_io.flutter.embedding.android.FlutterActivityAndFragmentDelegate$2
05-01 16:22:00.001  4308  4896 V AlarmManager: sending alarm Alarm{f65edd9 type 3 origWhen 374734894 whenElapsed 374734894 android} uid 1000 whenElapsed 374734894 windowLength 0 maxWhenElapsed 374734894 repeatInterval 0 action null component null tag TIME_TICK flags 0x9 procName system_server
05-01 16:22:00.004 11814 11814 W VRI[MainActivity]: performTraversals: cancelAndRedraw, mLastPerformTraversalsSkipDrawReasonpredraw_io.flutter.embedding.android.FlutterActivityAndFragmentDelegate$2
05-01 16:22:00.015 11814 11814 W VRI[MainActivity]: performTraversals: cancelAndRedraw, mLastPerformTraversalsSkipDrawReasonpredraw_io.flutter.embedding.android.FlutterActivityAndFragmentDelegate$2
05-01 16:22:00.019  5968  5968 D SubsysBroadcastManager: onReceive action:android.intent.action.TIME_TICK
05-01 16:22:00.026  5734  6342 D PhoneScreenOnTime: lastScrOnTime=1777623660081, ScrOnDurationTime=2584422, StatsScrOnSeconds=0, newDuration=59942
05-01 16:22:00.027 11814 11814 W VRI[MainActivity]: performTraversals: cancelAndRedraw, mLastPerformTraversalsSkipDrawReasonpredraw_io.flutter.embedding.android.FlutterActivityAndFragmentDelegate$2
05-01 16:22:00.028  5291  5291 I SystemUi--SystemUi--: Clock-->smallTime: 16:22
05-01 16:22:00.033  5291  5291 I SystemUi--SystemUi--: Clock-->smallTime: 16:22
05-01 16:22:00.036  5734  6342 D PhoneUsageTime: lastChargeTime=1777623660134 LastChargeDurationTime=2694473
05-01 16:22:00.037  4308  4594 D OplusDisplayBrightnessBroadcastReceiver: onReceive action = android.intent.action.TIME_TICK , listeners = [com.android.server.display.ambience.events.event.TimeEvent$TimeChangeReceiver@1e8e624, com.android.server.display.marvels.module.ORBrightnessMarvelsDataCollector$ScreenStateReceiver@7fa9543, com.android.server.display.oplus.eyeprotect.manager.AiCurveManager$RhythmBroadcastReceiver@a21258d]
05-01 16:22:00.037  5291  5291 I SystemUi--SystemUi--: Clock-->smallTime: 16:22
05-01 16:22:00.037 11814 11814 W VRI[MainActivity]: performTraversals: cancelAndRedraw, mLastPerformTraversalsSkipDrawReasonpredraw_io.flutter.embedding.android.FlutterActivityAndFragmentDelegate$2
05-01 16:22:00.039  5291  5291 I SystemUi--SystemUi--: Clock-->smallTime: 16:22
05-01 16:22:00.048 11814 11814 W VRI[MainActivity]: performTraversals: cancelAndRedraw, mLastPerformTraversalsSkipDrawReasonpredraw_io.flutter.embedding.android.FlutterActivityAndFragmentDelegate$2
05-01 16:22:00.053  2317  2380 I [UAH_CLIENT]: UahPlatformResAcquire
05-01 16:22:00.053  2317  2380 I [UAH_CLIENT]: UahEventAcquire, cmdid:-3, pkg:2517 8441, identity:qcom-perfd
05-01 16:22:00.055  2317  2375 E ANDR-PERF-RESOURCEQS: ANDR-PERF-RESOURCEQS: AddAndApply() 125: Resource with major=16, minor=0 not supported
05-01 16:22:00.060 11814 11814 W VRI[MainActivity]: performTraversals: cancelAndRedraw, mLastPerformTraversalsSkipDrawReasonpredraw_io.flutter.embedding.android.FlutterActivityAndFragmentDelegate$2
05-01 16:22:00.070 11814 11814 W VRI[MainActivity]: performTraversals: cancelAndRedraw, mLastPerformTraversalsSkipDrawReasonpredraw_io.flutter.embedding.android.FlutterActivityAndFragmentDelegate$2
05-01 16:22:00.072  2317 12795 I [UAH_CLIENT]: UahRelease, handle:330917
05-01 16:22:00.082 11814 11814 W VRI[MainActivity]: performTraversals: cancelAndRedraw, mLastPerformTraversalsSkipDrawReasonpredraw_io.flutter.embedding.android.FlutterActivityAndFragmentDelegate$2
05-01 16:22:00.093 11814 11814 W VRI[MainActivity]: performTraversals: cancelAndRedraw, mLastPerformTraversalsSkipDrawReasonpredraw_io.flutter.embedding.android.FlutterActivityAndFragmentDelegate$2
05-01 16:22:00.104 11814 11814 W VRI[MainActivity]: performTraversals: cancelAndRedraw, mLastPerformTraversalsSkipDrawReasonpredraw_io.flutter.embedding.android.FlutterActivityAndFragmentDelegate$2
05-01 16:22:00.115 11814 11814 W VRI[MainActivity]: performTraversals: cancelAndRedraw, mLastPerformTraversalsSkipDrawReasonpredraw_io.flutter.embedding.android.FlutterActivityAndFragmentDelegate$2
05-01 16:22:00.126 11814 11814 W VRI[MainActivity]: performTraversals: cancelAndRedraw, mLastPerformTraversalsSkipDrawReasonpredraw_io.flutter.embedding.android.FlutterActivityAndFragmentDelegate$2
05-01 16:22:00.134  2313  2441 I SDM     : DisplayBase::CommitThread: Received idle timeout, panel: cmd, timeout: 70000 us
05-01 16:22:00.135  3843  4133 D QmiClient: qmiServiceEventCallback recv msg id 1099
05-01 16:22:00.135  3843  4133 D QmiVsClient: enter - onQmiServiceEventCallback msgId 1099
05-01 16:22:00.135  3843  4133 D QmiVsClientEvent: QosPeriodReportInd MSG IND data_len 2052
05-01 16:22:00.136  3843  4133 D QmiVsClientEvent: qmiVsClientNotifyQosPeriodReportIndEvent - RADIO_EVENT_QOS_PERIOD_REPORT_NOTIFY_IND
05-01 16:22:00.136  3843  3912 D VsProxy : handleMessage msg is 2420
05-01 16:22:00.136  3843  3912 D VsProxy : handleQosPeriodReportInd for instance 1 data_len 136
05-01 16:22:00.137 11814 11814 W VRI[MainActivity]: performTraversals: cancelAndRedraw, mLastPerformTraversalsSkipDrawReasonpredraw_io.flutter.embedding.android.FlutterActivityAndFragmentDelegate$2
05-01 16:22:00.137  5968 14459 D SubsysRadioIndication[1]: radioQosPeriodReportInd
05-01 16:22:00.138  5968  5968 D NetworkService[1]: handleMessage what:1005
05-01 16:22:00.140  4308  4551 W UserAwareMgr: event can not be released, id: 1010, count: 4247, releasePid: 4308
05-01 16:22:00.149 11814 11814 W VRI[MainActivity]: performTraversals: cancelAndRedraw, mLastPerformTraversalsSkipDrawReasonpredraw_io.flutter.embedding.android.FlutterActivityAndFragmentDelegate$2
05-01 16:22:00.151  2278  2278 D healthd : system healthd: battery l=89 v=4315 t=31.6 h=2 st=2 c=-103 fc=5500000 cc=599 chg=u
05-01 16:22:00.159 11814 11814 W VRI[MainActivity]: performTraversals: cancelAndRedraw, mLastPerformTraversalsSkipDrawReasonpredraw_io.flutter.embedding.android.FlutterActivityAndFragmentDelegate$2
05-01 16:22:00.167  2384  2384 D vendor.oplus.hardware.charger-V6-service: get_ui_charge_icon_type 0 0 0 0 0
05-01 16:22:00.168  2384  2384 D vendor.oplus.hardware.charger-V6-service: oplus_chg_get_cpa_power 2500 charge_online 1 retention_topic 0
05-01 16:22:00.170 11814 11814 W VRI[MainActivity]: performTraversals: cancelAndRedraw, mLastPerformTraversalsSkipDrawReasonpredraw_io.flutter.embedding.android.FlutterActivityAndFragmentDelegate$2
05-01 16:22:00.175  2275  7239 I vendor.qti.bluetooth@1.1-ibs_handler: ProcessIbsCmd: Received IBS_WAKE_IND: 0xFD
05-01 16:22:00.175  2275  7239 D vendor.qti.bluetooth@1.1-ibs_handler: SerialClockVote: vote for UART CLK ON
05-01 16:22:00.175  2275  7239 E vendor.qti.bluetooth@1.1-wake_lock: Acquire write to wakelock file failed -1 - Operation not permitted
05-01 16:22:00.175  2275  7239 I vendor.qti.bluetooth@1.1-ibs_handler: ProcessIbsCmd: Writing IBS_WAKE_ACK
05-01 16:22:00.178  7141  7249 I BtGatt.ScanHelper: Skipping client for location deny list
05-01 16:22:00.178  7141  7249 I BtGatt.ScanHelper: Skipping client for location deny list
05-01 16:22:00.181 11814 11814 W VRI[MainActivity]: performTraversals: cancelAndRedraw, mLastPerformTraversalsSkipDrawReasonpredraw_io.flutter.embedding.android.FlutterActivityAndFragmentDelegate$2
05-01 16:22:00.192 11814 11814 W VRI[MainActivity]: performTraversals: cancelAndRedraw, mLastPerformTraversalsSkipDrawReasonpredraw_io.flutter.embedding.android.FlutterActivityAndFragmentDelegate$2
05-01 16:22:00.204 11814 11814 W VRI[MainActivity]: performTraversals: cancelAndRedraw, mLastPerformTraversalsSkipDrawReasonpredraw_io.flutter.embedding.android.FlutterActivityAndFragmentDelegate$2
05-01 16:22:00.209  5866  6397 D CommonApp-252-10434: transport layer data is invalid
05-01 16:22:00.215 11814 11814 W VRI[MainActivity]: performTraversals: cancelAndRedraw, mLastPerformTraversalsSkipDrawReasonpredraw_io.flutter.embedding.android.FlutterActivityAndFragmentDelegate$2
05-01 16:22:00.217  2275  7239 I vendor.qti.bluetooth@1.1-ibs_handler: ProcessIbsCmd: Received IBS_SLEEP_IND: 0xFE
05-01 16:22:00.217  2275  7239 D vendor.qti.bluetooth@1.1-ibs_handler: SerialClockVote: vote for UART CLK OFF
05-01 16:22:00.220  5866  6397 D CommonApp-251-10434: transport layer data is invalid
05-01 16:22:00.226 11814 11814 W VRI[MainActivity]: performTraversals: cancelAndRedraw, mLastPerformTraversalsSkipDrawReasonpredraw_io.flutter.embedding.android.FlutterActivityAndFragmentDelegate$2
05-01 16:22:00.236 11814 11814 W VRI[MainActivity]: performTraversals: cancelAndRedraw, mLastPerformTraversalsSkipDrawReasonpredraw_io.flutter.embedding.android.FlutterActivityAndFragmentDelegate$2
05-01 16:22:00.248 11814 11814 W VRI[MainActivity]: performTraversals: cancelAndRedraw, mLastPerformTraversalsSkipDrawReasonpredraw_io.flutter.embedding.android.FlutterActivityAndFragmentDelegate$2
05-01 16:22:00.259 11814 11814 W VRI[MainActivity]: performTraversals: cancelAndRedraw, mLastPerformTraversalsSkipDrawReasonpredraw_io.flutter.embedding.android.FlutterActivityAndFragmentDelegate$2
05-01 16:22:00.270 11814 11814 W VRI[MainActivity]: performTraversals: cancelAndRedraw, mLastPerformTraversalsSkipDrawReasonpredraw_io.flutter.embedding.android.FlutterActivityAndFragmentDelegate$2
05-01 16:22:00.281 11814 11814 W VRI[MainActivity]: performTraversals: cancelAndRedraw, mLastPerformTraversalsSkipDrawReasonpredraw_io.flutter.embedding.android.FlutterActivityAndFragmentDelegate$2
05-01 16:22:00.292 11814 11814 W VRI[MainActivity]: performTraversals: cancelAndRedraw, mLastPerformTraversalsSkipDrawReasonpredraw_io.flutter.embedding.android.FlutterActivityAndFragmentDelegate$2
05-01 16:22:00.303 11814 11814 W VRI[MainActivity]: performTraversals: cancelAndRedraw, mLastPerformTraversalsSkipDrawReasonpredraw_io.flutter.embedding.android.FlutterActivityAndFragmentDelegate$2
05-01 16:22:00.314 11814 11814 W VRI[MainActivity]: performTraversals: cancelAndRedraw, mLastPerformTraversalsSkipDrawReasonpredraw_io.flutter.embedding.android.FlutterActivityAndFragmentDelegate$2
05-01 16:22:00.325 11814 11814 W VRI[MainActivity]: performTraversals: cancelAndRedraw, mLastPerformTraversalsSkipDrawReasonpredraw_io.flutter.embedding.android.FlutterActivityAndFragmentDelegate$2
05-01 16:22:00.336 11814 11814 W VRI[MainActivity]: performTraversals: cancelAndRedraw, mLastPerformTraversalsSkipDrawReasonpredraw_io.flutter.embedding.android.FlutterActivityAndFragmentDelegate$2
05-01 16:22:00.348 11814 11814 W VRI[MainActivity]: performTraversals: cancelAndRedraw, mLastPerformTraversalsSkipDrawReasonpredraw_io.flutter.embedding.android.FlutterActivityAndFragmentDelegate$2
05-01 16:22:00.358 11814 11814 W VRI[MainActivity]: performTraversals: cancelAndRedraw, mLastPerformTraversalsSkipDrawReasonpredraw_io.flutter.embedding.android.FlutterActivityAndFragmentDelegate$2
05-01 16:22:00.368  2275  7185 E vendor.qti.bluetooth@1.1-wake_lock: Release wake lock not initialized/acquired
05-01 16:22:00.370 11814 11814 W VRI[MainActivity]: performTraversals: cancelAndRedraw, mLastPerformTraversalsSkipDrawReasonpredraw_io.flutter.embedding.android.FlutterActivityAndFragmentDelegate$2
05-01 16:22:00.381 11814 11814 W VRI[MainActivity]: performTraversals: cancelAndRedraw, mLastPerformTraversalsSkipDrawReasonpredraw_io.flutter.embedding.android.FlutterActivityAndFragmentDelegate$2
05-01 16:22:00.392 11814 11814 W VRI[MainActivity]: performTraversals: cancelAndRedraw, mLastPerformTraversalsSkipDrawReasonpredraw_io.flutter.embedding.android.FlutterActivityAndFragmentDelegate$2
05-01 16:22:00.403 11814 11814 W VRI[MainActivity]: performTraversals: cancelAndRedraw, mLastPerformTraversalsSkipDrawReasonpredraw_io.flutter.embedding.android.FlutterActivityAndFragmentDelegate$2
05-01 16:22:00.414 11814 11814 W VRI[MainActivity]: performTraversals: cancelAndRedraw, mLastPerformTraversalsSkipDrawReasonpredraw_io.flutter.embedding.android.FlutterActivityAndFragmentDelegate$2
05-01 16:22:00.425 11814 11814 W VRI[MainActivity]: performTraversals: cancelAndRedraw, mLastPerformTraversalsSkipDrawReasonpredraw_io.flutter.embedding.android.FlutterActivityAndFragmentDelegate$2
05-01 16:22:00.436 11814 11814 W VRI[MainActivity]: performTraversals: cancelAndRedraw, mLastPerformTraversalsSkipDrawReasonpredraw_io.flutter.embedding.android.FlutterActivityAndFragmentDelegate$2
05-01 16:22:00.447 11814 11814 W VRI[MainActivity]: performTraversals: cancelAndRedraw, mLastPerformTraversalsSkipDrawReasonpredraw_io.flutter.embedding.android.FlutterActivityAndFragmentDelegate$2
05-01 16:22:00.458 11814 11814 W VRI[MainActivity]: performTraversals: cancelAndRedraw, mLastPerformTraversalsSkipDrawReasonpredraw_io.flutter.embedding.android.FlutterActivityAndFragmentDelegate$2
05-01 16:22:00.470 11814 11814 W VRI[MainActivity]: performTraversals: cancelAndRedraw, mLastPerformTraversalsSkipDrawReasonpredraw_io.flutter.embedding.android.FlutterActivityAndFragmentDelegate$2
05-01 16:22:00.482 11814 11814 W VRI[MainActivity]: performTraversals: cancelAndRedraw, mLastPerformTraversalsSkipDrawReasonpredraw_io.flutter.embedding.android.FlutterActivityAndFragmentDelegate$2
05-01 16:22:00.492 11814 11814 W VRI[MainActivity]: performTraversals: cancelAndRedraw, mLastPerformTraversalsSkipDrawReasonpredraw_io.flutter.embedding.android.FlutterActivityAndFragmentDelegate$2
05-01 16:22:00.500  2384  2476 D BatteryChargeControl: bcc get no support from charging protocol
05-01 16:22:00.503 11814 11814 W VRI[MainActivity]: performTraversals: cancelAndRedraw, mLastPerformTraversalsSkipDrawReasonpredraw_io.flutter.embedding.android.FlutterActivityAndFragmentDelegate$2
05-01 16:22:00.514 11814 11814 W VRI[MainActivity]: performTraversals: cancelAndRedraw, mLastPerformTraversalsSkipDrawReasonpredraw_io.flutter.embedding.android.FlutterActivityAndFragmentDelegate$2
05-01 16:22:00.518  5866  6397 D OplusLinkBoostSceneManager: msg:4016
05-01 16:22:00.521  5866  6397 D OplusLinkBoostSceneManager: sceneStateUpdate: 5018,,switch:[false, true, true, true]
05-01 16:22:00.521  5866  6397 D OplusLinkBoostGame: onSceneUpdated: 5018,,switchOn: false
05-01 16:22:00.521  5866  6397 D OplusLinkBoostCommon: onSceneUpdated: 5018,
05-01 16:22:00.525 11814 11814 W VRI[MainActivity]: performTraversals: cancelAndRedraw, mLastPerformTraversalsSkipDrawReasonpredraw_io.flutter.embedding.android.FlutterActivityAndFragmentDelegate$2
05-01 16:22:00.536 11814 11814 W VRI[MainActivity]: performTraversals: cancelAndRedraw, mLastPerformTraversalsSkipDrawReasonpredraw_io.flutter.embedding.android.FlutterActivityAndFragmentDelegate$2
05-01 16:22:00.537  5968  5968 D RadioMessenger: handleMessage Request msgid 2171
05-01 16:22:00.537  5968  5968 D RadioProxyJ: [PHONE0][64134]> cyberSenseConfigPolicy params:[5, 1, 1, 0, 1, 0, 1, 0]
05-01 16:22:00.539  3840  3877 D QmiVsClient: setCyberSenseConfigPolicy - enter
05-01 16:22:00.547 11814 11814 W VRI[MainActivity]: performTraversals: cancelAndRedraw, mLastPerformTraversalsSkipDrawReasonpredraw_io.flutter.embedding.android.FlutterActivityAndFragmentDelegate$2
05-01 16:22:00.553  3840  4127 D QmiClient: qmiServiceEventCallback recv msg id 1089
05-01 16:22:00.553  3840  4127 D QmiVsClient: enter - onQmiServiceEventCallback msgId 1089
05-01 16:22:00.554  3840  4127 D QmiVsClientEvent: CyberSense collect data MSG IND
05-01 16:22:00.554  3840  4127 D QmiVsClientUtils: CyberSense:cybersense_convert_qmi_cell_info_list totcells:[1] 
05-01 16:22:00.554  3840  4127 D QmiVsClientUtils: CyberSense:_convert_qmi_cell_info_list consumed cells:[1] 
05-01 16:22:00.554  3840  4127 D QmiVsClientEvent: qmiVsClientNotifyCyberSenseMsgEvent - RADIO_EVENT_CYBERSENSE_CELL_INFO_IND
05-01 16:22:00.554  3840  3877 D VsProxy : handleMessage msg is 2409
05-01 16:22:00.558 11814 11814 W VRI[MainActivity]: performTraversals: cancelAndRedraw, mLastPerformTraversalsSkipDrawReasonpredraw_io.flutter.embedding.android.FlutterActivityAndFragmentDelegate$2
05-01 16:22:00.560  3840  4127 D QmiVsClient: operator() - enter
05-01 16:22:00.560  3840  3877 D VsProxy : handleMessage msg is 4001
05-01 16:22:00.560  3840  3877 D RadioProxy: setCyberSenseConfigPolicy : response cb for instance 0
05-01 16:22:00.561  5968 14459 D RadioProxyJ: [PHONE0][64134]< cyberSenseConfigPolicyResponse 0
05-01 16:22:00.561  5968  5968 D RadioMessenger: handleMessage Request msgid 162
05-01 16:22:00.569 11814 11814 W VRI[MainActivity]: performTraversals: cancelAndRedraw, mLastPerformTraversalsSkipDrawReasonpredraw_io.flutter.embedding.android.FlutterActivityAndFragmentDelegate$2
05-01 16:22:00.580 11814 11814 W VRI[MainActivity]: performTraversals: cancelAndRedraw, mLastPerformTraversalsSkipDrawReasonpredraw_io.flutter.embedding.android.FlutterActivityAndFragmentDelegate$2
05-01 16:22:00.592 11814 11814 W VRI[MainActivity]: performTraversals: cancelAndRedraw, mLastPerformTraversalsSkipDrawReasonpredraw_io.flutter.embedding.android.FlutterActivityAndFragmentDelegate$2
05-01 16:22:00.602 11814 11814 W VRI[MainActivity]: performTraversals: cancelAndRedraw, mLastPerformTraversalsSkipDrawReasonpredraw_io.flutter.embedding.android.FlutterActivityAndFragmentDelegate$2
05-01 16:22:00.614 11814 11814 W VRI[MainActivity]: performTraversals: cancelAndRedraw, mLastPerformTraversalsSkipDrawReasonpredraw_io.flutter.embedding.android.FlutterActivityAndFragmentDelegate$2
05-01 16:22:00.625 11814 11814 W VRI[MainActivity]: performTraversals: cancelAndRedraw, mLastPerformTraversalsSkipDrawReasonpredraw_io.flutter.embedding.android.FlutterActivityAndFragmentDelegate$2
05-01 16:22:00.636 11814 11814 W VRI[MainActivity]: performTraversals: cancelAndRedraw, mLastPerformTraversalsSkipDrawReasonpredraw_io.flutter.embedding.android.FlutterActivityAndFragmentDelegate$2
05-01 16:22:00.647 11814 11814 W VRI[MainActivity]: performTraversals: cancelAndRedraw, mLastPerformTraversalsSkipDrawReasonpredraw_io.flutter.embedding.android.FlutterActivityAndFragmentDelegate$2
05-01 16:22:00.658 11814 11814 W VRI[MainActivity]: performTraversals: cancelAndRedraw, mLastPerformTraversalsSkipDrawReasonpredraw_io.flutter.embedding.android.FlutterActivityAndFragmentDelegate$2
05-01 16:22:00.669 11814 11814 W VRI[MainActivity]: performTraversals: cancelAndRedraw, mLastPerformTraversalsSkipDrawReasonpredraw_io.flutter.embedding.android.FlutterActivityAndFragmentDelegate$2
05-01 16:22:00.680 11814 11814 W VRI[MainActivity]: performTraversals: cancelAndRedraw, mLastPerformTraversalsSkipDrawReasonpredraw_io.flutter.embedding.android.FlutterActivityAndFragmentDelegate$2
05-01 16:22:00.692 11814 11814 W VRI[MainActivity]: performTraversals: cancelAndRedraw, mLastPerformTraversalsSkipDrawReasonpredraw_io.flutter.embedding.android.FlutterActivityAndFragmentDelegate$2
05-01 16:22:00.694  4308  5960 I OplusHansManager : uid=10327, pkg=com.v2ray.ang cannot transition from R to M, importance=vpn
05-01 16:22:00.700  2384  7104 D charge_time: type=sdp,reserve_soc=3,soc=86,ui_soc=89,current=92,avg=111,not_chg_cnt=0,stable_cnt=7,fcc=5120,fcc_ratio=100,delta=435,debug=0,region=12,ttf=8287(02:18:07),ui_ttf=6971(01:56:11)
05-01 16:22:00.703 11814 11814 W VRI[MainActivity]: performTraversals: cancelAndRedraw, mLastPerformTraversalsSkipDrawReasonpredraw_io.flutter.embedding.android.FlutterActivityAndFragmentDelegate$2
05-01 16:22:00.704  4308  5960 I OplusHansManager : uid=10362, pkg=com.x8bit.bitwarden cannot transition from R to M, importance=accessibility
05-01 16:22:00.714 11814 11814 W VRI[MainActivity]: performTraversals: cancelAndRedraw, mLastPerformTraversalsSkipDrawReasonpredraw_io.flutter.embedding.android.FlutterActivityAndFragmentDelegate$2
05-01 16:22:00.724 11814 11814 W VRI[MainActivity]: performTraversals: cancelAndRedraw, mLastPerformTraversalsSkipDrawReasonpredraw_io.flutter.embedding.android.FlutterActivityAndFragmentDelegate$2
05-01 16:22:00.735 11814 11814 W VRI[MainActivity]: performTraversals: cancelAndRedraw, mLastPerformTraversalsSkipDrawReasonpredraw_io.flutter.embedding.android.FlutterActivityAndFragmentDelegate$2
05-01 16:22:00.747 11814 11814 W VRI[MainActivity]: performTraversals: cancelAndRedraw, mLastPerformTraversalsSkipDrawReasonpredraw_io.flutter.embedding.android.FlutterActivityAndFragmentDelegate$2
05-01 16:22:00.758 11814 11814 W VRI[MainActivity]: performTraversals: cancelAndRedraw, mLastPerformTraversalsSkipDrawReasonpredraw_io.flutter.embedding.android.FlutterActivityAndFragmentDelegate$2
05-01 16:22:00.769 11814 11814 W VRI[MainActivity]: performTraversals: cancelAndRedraw, mLastPerformTraversalsSkipDrawReasonpredraw_io.flutter.embedding.android.FlutterActivityAndFragmentDelegate$2
05-01 16:22:00.780 11814 11814 W VRI[MainActivity]: performTraversals: cancelAndRedraw, mLastPerformTraversalsSkipDrawReasonpredraw_io.flutter.embedding.android.FlutterActivityAndFragmentDelegate$2
05-01 16:22:00.791 11814 11814 W VRI[MainActivity]: performTraversals: cancelAndRedraw, mLastPerformTraversalsSkipDrawReasonpredraw_io.flutter.embedding.android.FlutterActivityAndFragmentDelegate$2
05-01 16:22:00.802 11814 11814 W VRI[MainActivity]: performTraversals: cancelAndRedraw, mLastPerformTraversalsSkipDrawReasonpredraw_io.flutter.embedding.android.FlutterActivityAndFragmentDelegate$2
05-01 16:22:00.813 11814 11814 W VRI[MainActivity]: performTraversals: cancelAndRedraw, mLastPerformTraversalsSkipDrawReasonpredraw_io.flutter.embedding.android.FlutterActivityAndFragmentDelegate$2
05-01 16:22:00.825 11814 11814 W VRI[MainActivity]: performTraversals: cancelAndRedraw, mLastPerformTraversalsSkipDrawReasonpredraw_io.flutter.embedding.android.FlutterActivityAndFragmentDelegate$2
05-01 16:22:00.836 11814 11814 W VRI[MainActivity]: performTraversals: cancelAndRedraw, mLastPerformTraversalsSkipDrawReasonpredraw_io.flutter.embedding.android.FlutterActivityAndFragmentDelegate$2
05-01 16:22:00.846 11814 11814 W VRI[MainActivity]: performTraversals: cancelAndRedraw, mLastPerformTraversalsSkipDrawReasonpredraw_io.flutter.embedding.android.FlutterActivityAndFragmentDelegate$2
05-01 16:22:00.858 11814 11814 W VRI[MainActivity]: performTraversals: cancelAndRedraw, mLastPerformTraversalsSkipDrawReasonpredraw_io.flutter.embedding.android.FlutterActivityAndFragmentDelegate$2
05-01 16:22:00.869 11814 11814 W VRI[MainActivity]: performTraversals: cancelAndRedraw, mLastPerformTraversalsSkipDrawReasonpredraw_io.flutter.embedding.android.FlutterActivityAndFragmentDelegate$2
05-01 16:22:00.880 11814 11814 W VRI[MainActivity]: performTraversals: cancelAndRedraw, mLastPerformTraversalsSkipDrawReasonpredraw_io.flutter.embedding.android.FlutterActivityAndFragmentDelegate$2
05-01 16:22:00.891 11814 11814 W VRI[MainActivity]: performTraversals: cancelAndRedraw, mLastPerformTraversalsSkipDrawReasonpredraw_io.flutter.embedding.android.FlutterActivityAndFragmentDelegate$2
05-01 16:22:00.902 11814 11814 W VRI[MainActivity]: performTraversals: cancelAndRedraw, mLastPerformTraversalsSkipDrawReasonpredraw_io.flutter.embedding.android.FlutterActivityAndFragmentDelegate$2
05-01 16:22:00.907  2275  7239 I vendor.qti.bluetooth@1.1-ibs_handler: ProcessIbsCmd: Received IBS_WAKE_IND: 0xFD
05-01 16:22:00.908  2275  7239 D vendor.qti.bluetooth@1.1-ibs_handler: SerialClockVote: vote for UART CLK ON
05-01 16:22:00.908  2275  7239 E vendor.qti.bluetooth@1.1-wake_lock: Acquire write to wakelock file failed -1 - Operation not permitted
05-01 16:22:00.908  2275  7239 I vendor.qti.bluetooth@1.1-ibs_handler: ProcessIbsCmd: Writing IBS_WAKE_ACK
05-01 16:22:00.912  7141  7249 I BtGatt.ScanHelper: Skipping client for location deny list
05-01 16:22:00.913  7141  7249 I BtGatt.ScanHelper: Skipping client for location deny list
05-01 16:22:00.913 11814 11814 W VRI[MainActivity]: performTraversals: cancelAndRedraw, mLastPerformTraversalsSkipDrawReasonpredraw_io.flutter.embedding.android.FlutterActivityAndFragmentDelegate$2
05-01 16:22:00.924 11814 11814 W VRI[MainActivity]: performTraversals: cancelAndRedraw, mLastPerformTraversalsSkipDrawReasonpredraw_io.flutter.embedding.android.FlutterActivityAndFragmentDelegate$2
05-01 16:22:00.935 11814 11814 W VRI[MainActivity]: performTraversals: cancelAndRedraw, mLastPerformTraversalsSkipDrawReasonpredraw_io.flutter.embedding.android.FlutterActivityAndFragmentDelegate$2
05-01 16:22:00.946 11814 11814 W VRI[MainActivity]: performTraversals: cancelAndRedraw, mLastPerformTraversalsSkipDrawReasonpredraw_io.flutter.embedding.android.FlutterActivityAndFragmentDelegate$2
05-01 16:22:00.949  2275  7239 I vendor.qti.bluetooth@1.1-ibs_handler: ProcessIbsCmd: Received IBS_SLEEP_IND: 0xFE
05-01 16:22:00.949  2275  7239 D vendor.qti.bluetooth@1.1-ibs_handler: SerialClockVote: vote for UART CLK OFF
05-01 16:22:00.957 11814 11814 W VRI[MainActivity]: performTraversals: cancelAndRedraw, mLastPerformTraversalsSkipDrawReasonpredraw_io.flutter.embedding.android.FlutterActivityAndFragmentDelegate$2
05-01 16:22:00.969 11814 11814 W VRI[MainActivity]: performTraversals: cancelAndRedraw, mLastPerformTraversalsSkipDrawReasonpredraw_io.flutter.embedding.android.FlutterActivityAndFragmentDelegate$2
05-01 16:22:00.980 11814 11814 W VRI[MainActivity]: performTraversals: cancelAndRedraw, mLastPerformTraversalsSkipDrawReasonpredraw_io.flutter.embedding.android.FlutterActivityAndFragmentDelegate$2
05-01 16:22:00.990 11814 11814 W VRI[MainActivity]: performTraversals: cancelAndRedraw, mLastPerformTraversalsSkipDrawReasonpredraw_io.flutter.embedding.android.FlutterActivityAndFragmentDelegate$2
05-01 16:22:00.998  2275  7239 I vendor.qti.bluetooth@1.1-ibs_handler: ProcessIbsCmd: Received IBS_WAKE_IND: 0xFD
05-01 16:22:00.998  2275  7239 D vendor.qti.bluetooth@1.1-ibs_handler: SerialClockVote: vote for UART CLK ON
05-01 16:22:00.998  2275  7239 E vendor.qti.bluetooth@1.1-wake_lock: Acquire write to wakelock file failed -1 - Operation not permitted
05-01 16:22:00.998  2275  7239 I vendor.qti.bluetooth@1.1-ibs_handler: ProcessIbsCmd: Writing IBS_WAKE_ACK
05-01 16:22:01.002  7141  7249 I BtGatt.ScanHelper: Skipping client for location deny list
05-01 16:22:01.002 11814 11814 W VRI[MainActivity]: performTraversals: cancelAndRedraw, mLastPerformTraversalsSkipDrawReasonpredraw_io.flutter.embedding.android.FlutterActivityAndFragmentDelegate$2
05-01 16:22:01.002  7141  7249 I BtGatt.ScanHelper: Skipping client for location deny list
05-01 16:22:01.013 11814 11814 W VRI[MainActivity]: performTraversals: cancelAndRedraw, mLastPerformTraversalsSkipDrawReasonpredraw_io.flutter.embedding.android.FlutterActivityAndFragmentDelegate$2
05-01 16:22:01.023 11814 11814 W VRI[MainActivity]: performTraversals: cancelAndRedraw, mLastPerformTraversalsSkipDrawReasonpredraw_io.flutter.embedding.android.FlutterActivityAndFragmentDelegate$2
05-01 16:22:01.035 11814 11814 W VRI[MainActivity]: performTraversals: cancelAndRedraw, mLastPerformTraversalsSkipDrawReasonpredraw_io.flutter.embedding.android.FlutterActivityAndFragmentDelegate$2
05-01 16:22:01.040  2275  7239 I vendor.qti.bluetooth@1.1-ibs_handler: ProcessIbsCmd: Received IBS_SLEEP_IND: 0xFE
05-01 16:22:01.040  2275  7239 D vendor.qti.bluetooth@1.1-ibs_handler: SerialClockVote: vote for UART CLK OFF
05-01 16:22:01.040  2275  7239 E vendor.qti.bluetooth@1.1-wake_lock: Release wake lock not initialized/acquired
05-01 16:22:01.046 11814 11814 W VRI[MainActivity]: performTraversals: cancelAndRedraw, mLastPerformTraversalsSkipDrawReasonpredraw_io.flutter.embedding.android.FlutterActivityAndFragmentDelegate$2
05-01 16:22:01.057 11814 11814 W VRI[MainActivity]: performTraversals: cancelAndRedraw, mLastPerformTraversalsSkipDrawReasonpredraw_io.flutter.embedding.android.FlutterActivityAndFragmentDelegate$2
05-01 16:22:01.068 11814 11814 W VRI[MainActivity]: performTraversals: cancelAndRedraw, mLastPerformTraversalsSkipDrawReasonpredraw_io.flutter.embedding.android.FlutterActivityAndFragmentDelegate$2
05-01 16:22:01.079 11814 11814 W VRI[MainActivity]: performTraversals: cancelAndRedraw, mLastPerformTraversalsSkipDrawReasonpredraw_io.flutter.embedding.android.FlutterActivityAndFragmentDelegate$2
05-01 16:22:01.084 28282 28282 D BoundBrokerSvc: onUnbind: Intent { act=com.google.android.gms.common.BIND_SHARED_PREFS pkg=com.google.android.gms mCallingUid=10108 }
05-01 16:22:01.090 11814 11814 W VRI[MainActivity]: performTraversals: cancelAndRedraw, mLastPerformTraversalsSkipDrawReasonpredraw_io.flutter.embedding.android.FlutterActivityAndFragmentDelegate$2
05-01 16:22:01.101 11814 11814 W VRI[MainActivity]: performTraversals: cancelAndRedraw, mLastPerformTraversalsSkipDrawReasonpredraw_io.flutter.embedding.android.FlutterActivityAndFragmentDelegate$2
05-01 16:22:01.113 11814 11814 W VRI[MainActivity]: performTraversals: cancelAndRedraw, mLastPerformTraversalsSkipDrawReasonpredraw_io.flutter.embedding.android.FlutterActivityAndFragmentDelegate$2
05-01 16:22:01.124 11814 11814 W VRI[MainActivity]: performTraversals: cancelAndRedraw, mLastPerformTraversalsSkipDrawReasonpredraw_io.flutter.embedding.android.FlutterActivityAndFragmentDelegate$2
05-01 16:22:01.135 11814 11814 W VRI[MainActivity]: performTraversals: cancelAndRedraw, mLastPerformTraversalsSkipDrawReasonpredraw_io.flutter.embedding.android.FlutterActivityAndFragmentDelegate$2
05-01 16:22:01.146 11814 11814 W VRI[MainActivity]: performTraversals: cancelAndRedraw, mLastPerformTraversalsSkipDrawReasonpredraw_io.flutter.embedding.android.FlutterActivityAndFragmentDelegate$2
05-01 16:22:01.157 11814 11814 W VRI[MainActivity]: performTraversals: cancelAndRedraw, mLastPerformTraversalsSkipDrawReasonpredraw_io.flutter.embedding.android.FlutterActivityAndFragmentDelegate$2
05-01 16:22:01.168 11814 11814 W VRI[MainActivity]: performTraversals: cancelAndRedraw, mLastPerformTraversalsSkipDrawReasonpredraw_io.flutter.embedding.android.FlutterActivityAndFragmentDelegate$2
05-01 16:22:01.180 11814 11814 W VRI[MainActivity]: performTraversals: cancelAndRedraw, mLastPerformTraversalsSkipDrawReasonpredraw_io.flutter.embedding.android.FlutterActivityAndFragmentDelegate$2
05-01 16:22:01.190  2275  7185 E vendor.qti.bluetooth@1.1-wake_lock: Release wake lock not initialized/acquired
05-01 16:22:01.190 11814 11814 W VRI[MainActivity]: performTraversals: cancelAndRedraw, mLastPerformTraversalsSkipDrawReasonpredraw_io.flutter.embedding.android.FlutterActivityAndFragmentDelegate$2
05-01 16:22:01.201 11814 11814 W VRI[MainActivity]: performTraversals: cancelAndRedraw, mLastPerformTraversalsSkipDrawReasonpredraw_io.flutter.embedding.android.FlutterActivityAndFragmentDelegate$2
05-01 16:22:01.212 11814 11814 W VRI[MainActivity]: performTraversals: cancelAndRedraw, mLastPerformTraversalsSkipDrawReasonpredraw_io.flutter.embedding.android.FlutterActivityAndFragmentDelegate$2
05-01 16:22:01.224 11814 11814 W VRI[MainActivity]: performTraversals: cancelAndRedraw, mLastPerformTraversalsSkipDrawReasonpredraw_io.flutter.embedding.android.FlutterActivityAndFragmentDelegate$2
05-01 16:22:01.232  5866  6397 D CommonApp-252-10434: transport layer data is invalid
05-01 16:22:01.235 11814 11814 W VRI[MainActivity]: performTraversals: cancelAndRedraw, mLastPerformTraversalsSkipDrawReasonpredraw_io.flutter.embedding.android.FlutterActivityAndFragmentDelegate$2
05-01 16:22:01.239  5866  6397 D CommonApp-251-10434: transport layer data is invalid
05-01 16:22:01.246 11814 11814 W VRI[MainActivity]: performTraversals: cancelAndRedraw, mLastPerformTraversalsSkipDrawReasonpredraw_io.flutter.embedding.android.FlutterActivityAndFragmentDelegate$2
05-01 16:22:01.257 11814 11814 W VRI[MainActivity]: performTraversals: cancelAndRedraw, mLastPerformTraversalsSkipDrawReasonpredraw_io.flutter.embedding.android.FlutterActivityAndFragmentDelegate$2
05-01 16:22:01.268 11814 11814 W VRI[MainActivity]: performTraversals: cancelAndRedraw, mLastPerformTraversalsSkipDrawReasonpredraw_io.flutter.embedding.android.FlutterActivityAndFragmentDelegate$2
05-01 16:22:01.279 11814 11814 W VRI[MainActivity]: performTraversals: cancelAndRedraw, mLastPerformTraversalsSkipDrawReasonpredraw_io.flutter.embedding.android.FlutterActivityAndFragmentDelegate$2
05-01 16:22:01.290 11814 11814 W VRI[MainActivity]: performTraversals: cancelAndRedraw, mLastPerformTraversalsSkipDrawReasonpredraw_io.flutter.embedding.android.FlutterActivityAndFragmentDelegate$2
05-01 16:22:01.301 11814 11814 W VRI[MainActivity]: performTraversals: cancelAndRedraw, mLastPerformTraversalsSkipDrawReasonpredraw_io.flutter.embedding.android.FlutterActivityAndFragmentDelegate$2
05-01 16:22:01.312 11814 11814 W VRI[MainActivity]: performTraversals: cancelAndRedraw, mLastPerformTraversalsSkipDrawReasonpredraw_io.flutter.embedding.android.FlutterActivityAndFragmentDelegate$2
05-01 16:22:01.323 11814 11814 W VRI[MainActivity]: performTraversals: cancelAndRedraw, mLastPerformTraversalsSkipDrawReasonpredraw_io.flutter.embedding.android.FlutterActivityAndFragmentDelegate$2
05-01 16:22:01.334 11814 11814 W VRI[MainActivity]: performTraversals: cancelAndRedraw, mLastPerformTraversalsSkipDrawReasonpredraw_io.flutter.embedding.android.FlutterActivityAndFragmentDelegate$2
05-01 16:22:01.344 30057 30173 I 30057PAS[16002114][f26f602].ResourceTrigger: finishAlign
05-01 16:22:01.345 30057 30507 I 30057PAS[16002114][f26f602].PolicyDispatcher_Travel: dispatchToMultiPolicy: policyResourceArray= {20030=[ResourceTriggerTask{mResourceId=10001}], 20034=[ResourceTriggerTask{mResourceId=10001}]}
05-01 16:22:01.345 11814 11814 W VRI[MainActivity]: performTraversals: cancelAndRedraw, mLastPerformTraversalsSkipDrawReasonpredraw_io.flutter.embedding.android.FlutterActivityAndFragmentDelegate$2
05-01 16:22:01.345 30057 30507 I 30057PAS[16002114][f26f602].PolicyDispatcher_Travel: dispatchMultiplePolicy acquire success result = true
05-01 16:22:01.345 30057 30507 I 30057PAS[16002114][f26f602].PolicyManager: handleDispatchRequest  Thread is pool-26-thread-1
05-01 16:22:01.346 30057 30131 I 30057PAS[16002114][f26f602].HomeAndCompanyPolicy_Travel: handleTriggerEvent: resourceTriggerTasks = [ResourceTriggerTask{mResourceId=10001}]
05-01 16:22:01.346 30057 30131 I 30057PAS[16002114][f26f602].HomeAndCompanyPolicy_Travel: handleEvent: resource = [10001]
05-01 16:22:01.352 30057 30184 I 30057PAS[16002114][f26f602].LocationModeHelper: isLocationServiceEnabled current location mode is 3
05-01 16:22:01.357 11814 11814 W VRI[MainActivity]: performTraversals: cancelAndRedraw, mLastPerformTraversalsSkipDrawReasonpredraw_io.flutter.embedding.android.FlutterActivityAndFragmentDelegate$2
05-01 16:22:01.359 30057 30131 I 30057PAS[16002114][f26f602].HomeAndCompanyPolicy_Travel: handleLocationResource: network
05-01 16:22:01.368 11814 11814 W VRI[MainActivity]: performTraversals: cancelAndRedraw, mLastPerformTraversalsSkipDrawReasonpredraw_io.flutter.embedding.android.FlutterActivityAndFragmentDelegate$2
05-01 16:22:01.368  5291  5381 I SystemUi--Statusbar: OplusNetworkSpeedControllExImpl-->updateNetworkSpeed: isConnected:true,isSwitchOn:true,isSuspend:false
05-01 16:22:01.371 30057 30131 I 30057PAS[16002114][f26f602].HomeAndCompanyPolicy_Travel: HomeScene: statusInfo = SceneStatusInfo{mId=7, mSceneId=101, mSceneStatus=2, et='1777599950618', st='1777607034209', mBusinessId='null'}mWifiName = Xiaomi_*mWifiBssid = null
05-01 16:22:01.371 30057 30131 I 30057PAS[16002114][f26f602].HomeAndCompanyPolicy_Travel: createSceneList: company location is not valid.
05-01 16:22:01.372 30057 30131 I 30057PAS[16002114][f26f602].HomeAndCompanyPolicy_Travel: getSceneStatus() called with: sceneId = 102, status info is null.
05-01 16:22:01.372 30057 30131 I 30057PAS[16002114][f26f602].HomeAndCompanyPolicy_Travel: matchLocationSequence: handle home
05-01 16:22:01.374 30057 30184 I 30057PAS[16002114][f26f602].CityPolicy_Travel: handleCityChangeResource: not in China
05-01 16:22:01.374 30057 30184 E 30057PAS[16002114][f26f602].PolicyManager: acceptHandleResult, hanleResult is null
05-01 16:22:01.375 30057 30184 I 30057PAS[16002114][f26f602].PolicyManager_Travel: finish executePolicy, policyId is 20034, resIds is [ResourceTriggerTask{mResourceId=10001}], spendTime = 29
05-01 16:22:01.376  5291  5381 I SystemUi--Statusbar: OplusNetworkSpeedControllExImpl-->getTotalByte: totalRxBytes:49150910900,totalTxBytes:6056021815,loopbackTxBytes:70282849,loopbackRxBytes:70282849 ,totalBytes:55066367017
05-01 16:22:01.378 11814 11814 W VRI[MainActivity]: performTraversals: cancelAndRedraw, mLastPerformTraversalsSkipDrawReasonpredraw_io.flutter.embedding.android.FlutterActivityAndFragmentDelegate$2
05-01 16:22:01.390 11814 11814 W VRI[MainActivity]: performTraversals: cancelAndRedraw, mLastPerformTraversalsSkipDrawReasonpredraw_io.flutter.embedding.android.FlutterActivityAndFragmentDelegate$2
05-01 16:22:01.396  2317  2380 I [UAH_CLIENT]: UahPlatformResAcquire
05-01 16:22:01.396  2317  2380 I [UAH_CLIENT]: UahEventAcquire, cmdid:-3, pkg:2517 8438, identity:qcom-perfd
05-01 16:22:01.398  2317  2375 E ANDR-PERF-RESOURCEQS: ANDR-PERF-RESOURCEQS: AddAndApply() 125: Resource with major=16, minor=0 not supported
05-01 16:22:01.391  4308  4549 I OplusBinderProxy: pb uid: 10318 pid: 12284 desc: android.database.IContentObserver/2
05-01 16:22:01.400 11814 11814 W VRI[MainActivity]: performTraversals: cancelAndRedraw, mLastPerformTraversalsSkipDrawReasonpredraw_io.flutter.embedding.android.FlutterActivityAndFragmentDelegate$2
05-01 16:22:01.402 30057 30131 I 30057PAS[16002114][f26f602].HomeAndCompanyPolicy_Travel: isWithinCommutingTime: valid leave time.
05-01 16:22:01.403 30057 30131 I 30057PAS[16002114][f26f602].HomeAndCompanyPolicy_Travel: getDistanceFactor: sDistanceFactor = 300
05-01 16:22:01.404 30057 30131 I 30057PAS[16002114][f26f602].HomeAndCompanyPolicy_Travel: getDistanceFactor: new factor = 300
05-01 16:22:01.405 30057 30131 I 30057PAS[16002114][f26f602].HomeAndCompanyPolicy_Travel: init: home factor = 300
05-01 16:22:01.405 30057 30131 I 30057PAS[16002114][f26f602].HomeAndCompanyPolicy_Travel: init: isActiveLocationTask = false, taskSceneId = 0
05-01 16:22:01.412 11814 11814 W VRI[MainActivity]: performTraversals: cancelAndRedraw, mLastPerformTraversalsSkipDrawReasonpredraw_io.flutter.embedding.android.FlutterActivityAndFragmentDelegate$2
05-01 16:22:01.412 30057 30131 I 30057PAS[16002114][f26f602].HomeAndCompanyPolicy_Travel: getNextSceneStatus: locationSequence = 000
05-01 16:22:01.412 30057 30131 I 30057PAS[16002114][f26f602].HomeAndCompanyPolicy_Travel: getNextSceneStatus: is enter sequence.
05-01 16:22:01.413 30057 30131 I 30057PAS[16002114][f26f602].HomeAndCompanyPolicy_Travel: shouldRetryMatchWifi: last fail status = -1
05-01 16:22:01.413 30057 30131 I 30057PAS[16002114][f26f602].HomeAndCompanyPolicy_Travel: matchLocationSequence: currentStatus = 2, home_location selection = 1
05-01 16:22:01.413 30057 30131 I 30057PAS[16002114][f26f602].HomeAndCompanyPolicy_Travel: handleLocationResource: is not match location scene.
05-01 16:22:01.413 30057 30131 I 30057PAS[16002114][f26f602].UserProfileDao: WeakReference have info
05-01 16:22:01.413 30057 30131 I 30057PAS[16002114][f26f602].UserProfileDao: WeakReference have info
