05-01 16:20:59.390 25856 25856 D ActivityThread: Package [de.on100.help_to_learn_app] reported as REPLACED, but missing application info. Assuming REMOVED.
05-01 16:20:59.391 23882 23882 D ActivityThread: Package [de.on100.help_to_learn_app] reported as REPLACED, but missing application info. Assuming REMOVED.
05-01 16:20:59.393  5734  5734 D ActivityThread: Package [de.on100.help_to_learn_app] reported as REPLACED, but missing application info. Assuming REMOVED.
05-01 16:20:59.393  7984  7984 D ActivityThread: Package [de.on100.help_to_learn_app] reported as REPLACED, but missing application info. Assuming REMOVED.
05-01 16:20:59.389 15367 15367 D ActivityThread: Package [de.on100.help_to_learn_app] reported as REPLACED, but missing application info. Assuming REMOVED.
05-01 16:20:59.395 10294 10294 D ActivityThread: Package [de.on100.help_to_learn_app] reported as REPLACED, but missing application info. Assuming REMOVED.
05-01 16:20:59.397  8829  8829 D ActivityThread: Package [de.on100.help_to_learn_app] reported as REPLACED, but missing application info. Assuming REMOVED.
05-01 16:20:59.390  9714  9714 D ActivityThread: Package [de.on100.help_to_learn_app] reported as REPLACED, but missing application info. Assuming REMOVED.
05-01 16:20:59.398  9356  9356 D ActivityThread: Package [de.on100.help_to_learn_app] reported as REPLACED, but missing application info. Assuming REMOVED.
05-01 16:20:59.399  9639  9639 D ActivityThread: Package [de.on100.help_to_learn_app] reported as REPLACED, but missing application info. Assuming REMOVED.
05-01 16:20:59.399 10291 10291 D ActivityThread: Package [de.on100.help_to_learn_app] reported as REPLACED, but missing application info. Assuming REMOVED.
05-01 16:20:59.399 11058 11058 D ActivityThread: Package [de.on100.help_to_learn_app] reported as REPLACED, but missing application info. Assuming REMOVED.
05-01 16:20:59.399  9906  9906 D ActivityThread: Package [de.on100.help_to_learn_app] reported as REPLACED, but missing application info. Assuming REMOVED.
05-01 16:20:59.400  9843  9843 D ActivityThread: Package [de.on100.help_to_learn_app] reported as REPLACED, but missing application info. Assuming REMOVED.
05-01 16:20:59.401  9698  9698 D ActivityThread: Package [de.on100.help_to_learn_app] reported as REPLACED, but missing application info. Assuming REMOVED.
05-01 16:20:59.402  6489  6489 D ActivityThread: Package [de.on100.help_to_learn_app] reported as REPLACED, but missing application info. Assuming REMOVED.
05-01 16:20:59.402 10294 10294 D ActivityThread: Package [de.on100.help_to_learn_app] reported as REPLACED, but missing application info. Assuming REMOVED.
05-01 16:20:59.402 10193 10193 D ActivityThread: Package [de.on100.help_to_learn_app] reported as REPLACED, but missing application info. Assuming REMOVED.
05-01 16:20:59.403  8568  8568 D ActivityThread: Package [de.on100.help_to_learn_app] reported as REPLACED, but missing application info. Assuming REMOVED.
05-01 16:20:59.403  9501  9501 D ActivityThread: Package [de.on100.help_to_learn_app] reported as REPLACED, but missing application info. Assuming REMOVED.
05-01 16:20:59.404 31177 31177 D ActivityThread: Package [de.on100.help_to_learn_app] reported as REPLACED, but missing application info. Assuming REMOVED.
05-01 16:20:59.404  5903  5903 D ActivityThread: Package [de.on100.help_to_learn_app] reported as REPLACED, but missing application info. Assuming REMOVED.
05-01 16:20:59.404  5334  5334 D ActivityThread: Package [de.on100.help_to_learn_app] reported as REPLACED, but missing application info. Assuming REMOVED.
05-01 16:20:59.404 25793 25793 D ActivityThread: Package [de.on100.help_to_learn_app] reported as REPLACED, but missing application info. Assuming REMOVED.
05-01 16:20:59.404  8691  8691 D ActivityThread: Package [de.on100.help_to_learn_app] reported as REPLACED, but missing application info. Assuming REMOVED.
05-01 16:20:59.405 13618 13618 D ActivityThread: Package [de.on100.help_to_learn_app] reported as REPLACED, but missing application info. Assuming REMOVED.
05-01 16:20:59.405  7986  7986 D ActivityThread: Package [de.on100.help_to_learn_app] reported as REPLACED, but missing application info. Assuming REMOVED.
05-01 16:20:59.405  6179  6179 D ActivityThread: Package [de.on100.help_to_learn_app] reported as REPLACED, but missing application info. Assuming REMOVED.
05-01 16:20:59.405  5922  5922 D ActivityThread: Package [de.on100.help_to_learn_app] reported as REPLACED, but missing application info. Assuming REMOVED.
05-01 16:20:59.405  8598  8598 D ActivityThread: Package [de.on100.help_to_learn_app] reported as REPLACED, but missing application info. Assuming REMOVED.
05-01 16:20:59.405  5887  5887 D ActivityThread: Package [de.on100.help_to_learn_app] reported as REPLACED, but missing application info. Assuming REMOVED.
05-01 16:20:59.405  5866  5866 D ActivityThread: Package [de.on100.help_to_learn_app] reported as REPLACED, but missing application info. Assuming REMOVED.
05-01 16:20:59.406 19218 19218 D ActivityThread: Package [de.on100.help_to_learn_app] reported as REPLACED, but missing application info. Assuming REMOVED.
05-01 16:20:59.406  5860  5860 D ActivityThread: Package [de.on100.help_to_learn_app] reported as REPLACED, but missing application info. Assuming REMOVED.
05-01 16:20:59.408  5892  5892 D ActivityThread: Package [de.on100.help_to_learn_app] reported as REPLACED, but missing application info. Assuming REMOVED.
05-01 16:20:59.408 24331 24331 D ActivityThread: Package [de.on100.help_to_learn_app] reported as REPLACED, but missing application info. Assuming REMOVED.
05-01 16:20:59.409 30060 30060 D ActivityThread: Package [de.on100.help_to_learn_app] reported as REPLACED, but missing application info. Assuming REMOVED.
05-01 16:20:59.409  5968  5968 D ActivityThread: Package [de.on100.help_to_learn_app] reported as REPLACED, but missing application info. Assuming REMOVED.
05-01 16:20:59.409  8891  8891 D ActivityThread: Package [de.on100.help_to_learn_app] reported as REPLACED, but missing application info. Assuming REMOVED.
05-01 16:20:59.409  5717  5717 D ActivityThread: Package [de.on100.help_to_learn_app] reported as REPLACED, but missing application info. Assuming REMOVED.
05-01 16:20:59.410  5194  5194 D ActivityThread: Package [de.on100.help_to_learn_app] reported as REPLACED, but missing application info. Assuming REMOVED.
05-01 16:20:59.410  5291  5291 D ActivityThread: Package [de.on100.help_to_learn_app] reported as REPLACED, but missing application info. Assuming REMOVED.
05-01 16:20:59.395  4308  4549 V AutofillManagerService: onPackageModified(): de.on100.help_to_learn_app
05-01 16:20:59.410  4308  4308 D ActivityThread: Package [de.on100.help_to_learn_app] reported as REPLACED, but missing application info. Assuming REMOVED.
05-01 16:20:59.410  1092  1092 D ActivityThread: Package [de.on100.help_to_learn_app] reported as REPLACED, but missing application info. Assuming REMOVED.
05-01 16:20:59.411  4308  8641 D StdIDManager: stdid call:com.heytap.mcs,1000,GUID,10121
05-01 16:20:59.411  5906  5906 D ActivityThread: Package [de.on100.help_to_learn_app] reported as REPLACED, but missing application info. Assuming REMOVED.
05-01 16:20:59.412  5852  5852 D ActivityThread: Package [de.on100.help_to_learn_app] reported as REPLACED, but missing application info. Assuming REMOVED.
05-01 16:20:59.412  5453  5453 D ActivityThread: Package [de.on100.help_to_learn_app] reported as REPLACED, but missing application info. Assuming REMOVED.
05-01 16:20:59.414  8806  8806 D ActivityThread: Package [de.on100.help_to_learn_app] reported as REPLACED, but missing application info. Assuming REMOVED.
05-01 16:20:59.415  8942  8942 D ActivityThread: Package [de.on100.help_to_learn_app] reported as REPLACED, but missing application info. Assuming REMOVED.
05-01 16:20:59.415 30636 30636 D ActivityThread: Package [de.on100.help_to_learn_app] reported as REPLACED, but missing application info. Assuming REMOVED.
05-01 16:20:59.415  5844  5844 D ActivityThread: Package [de.on100.help_to_learn_app] reported as REPLACED, but missing application info. Assuming REMOVED.
05-01 16:20:59.416 18600 18600 D ActivityThread: Package [de.on100.help_to_learn_app] reported as REPLACED, but missing application info. Assuming REMOVED.
05-01 16:20:59.416 31340 31340 D ActivityThread: Package [de.on100.help_to_learn_app] reported as REPLACED, but missing application info. Assuming REMOVED.
05-01 16:20:59.416 13699 13699 D ActivityThread: Package [de.on100.help_to_learn_app] reported as REPLACED, but missing application info. Assuming REMOVED.
05-01 16:20:59.417 13699 13699 D ActivityThread: Package [de.on100.help_to_learn_app] reported as REPLACED, but missing application info. Assuming REMOVED.
05-01 16:20:59.417 15367 15367 D ActivityThread: Package [de.on100.help_to_learn_app] reported as REPLACED, but missing application info. Assuming REMOVED.
05-01 16:20:59.417 14821 14821 D ActivityThread: Package [de.on100.help_to_learn_app] reported as REPLACED, but missing application info. Assuming REMOVED.
05-01 16:20:59.418 18432 18432 D ActivityThread: Package [de.on100.help_to_learn_app] reported as REPLACED, but missing application info. Assuming REMOVED.
05-01 16:20:59.418 13699 13699 D ActivityThread: Package [de.on100.help_to_learn_app] reported as REPLACED, but missing application info. Assuming REMOVED.
05-01 16:20:59.418  5626  5626 D ActivityThread: Package [de.on100.help_to_learn_app] reported as REPLACED, but missing application info. Assuming REMOVED.
05-01 16:20:59.418  8500  8500 D ActivityThread: Package [de.on100.help_to_learn_app] reported as REPLACED, but missing application info. Assuming REMOVED.
05-01 16:20:59.419 31340 31340 D ActivityThread: Package [de.on100.help_to_learn_app] reported as REPLACED, but missing application info. Assuming REMOVED.
05-01 16:20:59.419  6616  6616 D ActivityThread: Package [de.on100.help_to_learn_app] reported as REPLACED, but missing application info. Assuming REMOVED.
05-01 16:20:59.419 28662 28662 D ActivityThread: Package [de.on100.help_to_learn_app] reported as REPLACED, but missing application info. Assuming REMOVED.
05-01 16:20:59.420  6616  6616 D ActivityThread: Package [de.on100.help_to_learn_app] reported as REPLACED, but missing application info. Assuming REMOVED.
05-01 16:20:59.421 23882 23882 D ActivityThread: Package [de.on100.help_to_learn_app] reported as REPLACED, but missing application info. Assuming REMOVED.
05-01 16:20:59.422 10469 10469 D ActivityThread: Package [de.on100.help_to_learn_app] reported as REPLACED, but missing application info. Assuming REMOVED.
05-01 16:20:59.422 11058 11058 D ActivityThread: Package [de.on100.help_to_learn_app] reported as REPLACED, but missing application info. Assuming REMOVED.
05-01 16:20:59.423  8942  8942 D ActivityThread: Package [de.on100.help_to_learn_app] reported as REPLACED, but missing application info. Assuming REMOVED.
05-01 16:20:59.424 10294 10294 D ActivityThread: Package [de.on100.help_to_learn_app] reported as REPLACED, but missing application info. Assuming REMOVED.
05-01 16:20:59.424  7984  7984 D ActivityThread: Package [de.on100.help_to_learn_app] reported as REPLACED, but missing application info. Assuming REMOVED.
05-01 16:20:59.425  5629  5629 D ActivityThread: Package [de.on100.help_to_learn_app] reported as REPLACED, but missing application info. Assuming REMOVED.
05-01 16:20:59.425 25856 25856 D ActivityThread: Package [de.on100.help_to_learn_app] reported as REPLACED, but missing application info. Assuming REMOVED.
05-01 16:20:59.426 30636 30636 D ActivityThread: Package [de.on100.help_to_learn_app] reported as REPLACED, but missing application info. Assuming REMOVED.
05-01 16:20:59.426 18600 18600 D ActivityThread: Package [de.on100.help_to_learn_app] reported as REPLACED, but missing application info. Assuming REMOVED.
05-01 16:20:59.426  5734  5734 D ActivityThread: Package [de.on100.help_to_learn_app] reported as REPLACED, but missing application info. Assuming REMOVED.
05-01 16:20:59.427  9714  9714 D ActivityThread: Package [de.on100.help_to_learn_app] reported as REPLACED, but missing application info. Assuming REMOVED.
05-01 16:20:59.427 10056 10056 D ActivityThread: Package [de.on100.help_to_learn_app] reported as REPLACED, but missing application info. Assuming REMOVED.
05-01 16:20:59.428  1092  1092 D ActivityThread: Package [de.on100.help_to_learn_app] reported as REPLACED, but missing application info. Assuming REMOVED.
05-01 16:20:59.431 10291 10291 D ActivityThread: Package [de.on100.help_to_learn_app] reported as REPLACED, but missing application info. Assuming REMOVED.
05-01 16:20:59.431  9906  9906 D ActivityThread: Package [de.on100.help_to_learn_app] reported as REPLACED, but missing application info. Assuming REMOVED.
05-01 16:20:59.432  9843  9843 D ActivityThread: Package [de.on100.help_to_learn_app] reported as REPLACED, but missing application info. Assuming REMOVED.
05-01 16:20:59.433  9698  9698 D ActivityThread: Package [de.on100.help_to_learn_app] reported as REPLACED, but missing application info. Assuming REMOVED.
05-01 16:20:59.434  6489  6489 D ActivityThread: Package [de.on100.help_to_learn_app] reported as REPLACED, but missing application info. Assuming REMOVED.
05-01 16:20:59.435 28282 28282 D ActivityThread: Package [de.on100.help_to_learn_app] reported as REPLACED, but missing application info. Assuming REMOVED.
05-01 16:20:59.435 31340 31340 D ActivityThread: Package [de.on100.help_to_learn_app] reported as REPLACED, but missing application info. Assuming REMOVED.
05-01 16:20:59.436  4308  4549 W VoiceInteractionManager: no available voice recognition services found for user 0
05-01 16:20:59.436  9501  9501 D ActivityThread: Package [de.on100.help_to_learn_app] reported as REPLACED, but missing application info. Assuming REMOVED.
05-01 16:20:59.437  6179  6179 D ActivityThread: Package [de.on100.help_to_learn_app] reported as REPLACED, but missing application info. Assuming REMOVED.
05-01 16:20:59.438 19218 19218 D ActivityThread: Package [de.on100.help_to_learn_app] reported as REPLACED, but missing application info. Assuming REMOVED.
05-01 16:20:59.438  5903  5903 D ActivityThread: Package [de.on100.help_to_learn_app] reported as REPLACED, but missing application info. Assuming REMOVED.
05-01 16:20:59.438 10193 10193 D ActivityThread: Package [de.on100.help_to_learn_app] reported as REPLACED, but missing application info. Assuming REMOVED.
05-01 16:20:59.439 24328 24328 D ActivityThread: Package [de.on100.help_to_learn_app] reported as REPLACED, but missing application info. Assuming REMOVED.
05-01 16:20:59.439  8691  8691 D ActivityThread: Package [de.on100.help_to_learn_app] reported as REPLACED, but missing application info. Assuming REMOVED.
05-01 16:20:59.439  5334  5334 D ActivityThread: Package [de.on100.help_to_learn_app] reported as REPLACED, but missing application info. Assuming REMOVED.
05-01 16:20:59.439  5291  5291 D ActivityThread: Package [de.on100.help_to_learn_app] reported as REPLACED, but missing application info. Assuming REMOVED.
05-01 16:20:59.439  4308  4308 D ActivityThread: Package [de.on100.help_to_learn_app] reported as REPLACED, but missing application info. Assuming REMOVED.
05-01 16:20:59.440 13618 13618 D ActivityThread: Package [de.on100.help_to_learn_app] reported as REPLACED, but missing application info. Assuming REMOVED.
05-01 16:20:59.440 24331 24331 D ActivityThread: Package [de.on100.help_to_learn_app] reported as REPLACED, but missing application info. Assuming REMOVED.
05-01 16:20:59.440  5866  5866 D ActivityThread: Package [de.on100.help_to_learn_app] reported as REPLACED, but missing application info. Assuming REMOVED.
05-01 16:20:59.441 31177 31177 D ActivityThread: Package [de.on100.help_to_learn_app] reported as REPLACED, but missing application info. Assuming REMOVED.
05-01 16:20:59.441  5194  5194 D ActivityThread: Package [de.on100.help_to_learn_app] reported as REPLACED, but missing application info. Assuming REMOVED.
05-01 16:20:59.441  5968  5968 D ActivityThread: Package [de.on100.help_to_learn_app] reported as REPLACED, but missing application info. Assuming REMOVED.
05-01 16:20:59.441  5860  5860 D ActivityThread: Package [de.on100.help_to_learn_app] reported as REPLACED, but missing application info. Assuming REMOVED.
05-01 16:20:59.441 22995 22995 D ActivityThread: Package [de.on100.help_to_learn_app] reported as REPLACED, but missing application info. Assuming REMOVED.
05-01 16:20:59.441 14821 14821 D ActivityThread: Package [de.on100.help_to_learn_app] reported as REPLACED, but missing application info. Assuming REMOVED.
05-01 16:20:59.441 30060 30060 D ActivityThread: Package [de.on100.help_to_learn_app] reported as REPLACED, but missing application info. Assuming REMOVED.
05-01 16:20:59.442  8891  8891 D ActivityThread: Package [de.on100.help_to_learn_app] reported as REPLACED, but missing application info. Assuming REMOVED.
05-01 16:20:59.442  7986  7986 D ActivityThread: Package [de.on100.help_to_learn_app] reported as REPLACED, but missing application info. Assuming REMOVED.
05-01 16:20:59.443  8598  8598 D ActivityThread: Package [de.on100.help_to_learn_app] reported as REPLACED, but missing application info. Assuming REMOVED.
05-01 16:20:59.443  5906  5906 D ActivityThread: Package [de.on100.help_to_learn_app] reported as REPLACED, but missing application info. Assuming REMOVED.
05-01 16:20:59.444  5844  5844 D ActivityThread: Package [de.on100.help_to_learn_app] reported as REPLACED, but missing application info. Assuming REMOVED.
05-01 16:20:59.444 18432 18432 D ActivityThread: Package [de.on100.help_to_learn_app] reported as REPLACED, but missing application info. Assuming REMOVED.
05-01 16:20:59.444  6616  6616 D ActivityThread: Package [de.on100.help_to_learn_app] reported as REPLACED, but missing application info. Assuming REMOVED.
05-01 16:20:59.445  5887  5887 D ActivityThread: Package [de.on100.help_to_learn_app] reported as REPLACED, but missing application info. Assuming REMOVED.
05-01 16:20:59.445  5626  5626 D ActivityThread: Package [de.on100.help_to_learn_app] reported as REPLACED, but missing application info. Assuming REMOVED.
05-01 16:20:59.445  6038  6719 I iopgp   : PreloadService: TRANSACTION_IOPGP_ON_PACKAGES_CHANGED
05-01 16:20:59.445  6038  6719 I iopgp   : Iopgp: TRANSACTION_IOPGP_ON_PACKAGES_CHANGED  pkg_name = de.on100.help_to_learn_app pkg_version = 1 isDeleted = 0
05-01 16:20:59.446  5892  5892 D ActivityThread: Package [de.on100.help_to_learn_app] reported as REPLACED, but missing application info. Assuming REMOVED.
05-01 16:20:59.442 24349 24349 D ActivityThread: Package [de.on100.help_to_learn_app] reported as REPLACED, but missing application info. Assuming REMOVED.
05-01 16:20:59.448  4308  8641 D StdIDManager: stdid call:com.heytap.mcs,1000,OUID,10121
05-01 16:20:59.449  5852  5852 D ActivityThread: Package [de.on100.help_to_learn_app] reported as REPLACED, but missing application info. Assuming REMOVED.
05-01 16:20:59.451 25910 25910 D ActivityThread: Package [de.on100.help_to_learn_app] reported as REPLACED, but missing application info. Assuming REMOVED.
05-01 16:20:59.452  4308  5999 I Quality : MonitorInfo:system_server,serviceDoneExecuting,ActivityManagerService.java_15495,85
05-01 16:20:59.452  6038  6038 D iopgp   : Same version package de.on100.help_to_learn_app with version 1
05-01 16:20:59.452  6038  6038 D iopgp   : OnPackageChangeEvent:old package version is 1
05-01 16:20:59.453  5717  5717 D ActivityThread: Package [de.on100.help_to_learn_app] reported as REPLACED, but missing application info. Assuming REMOVED.
05-01 16:20:59.454  8568  8568 D ActivityThread: Package [de.on100.help_to_learn_app] reported as REPLACED, but missing application info. Assuming REMOVED.
05-01 16:20:59.454 30057 30057 D ActivityThread: Package [de.on100.help_to_learn_app] reported as REPLACED, but missing application info. Assuming REMOVED.
05-01 16:20:59.454  8829  8829 D ActivityThread: Package [de.on100.help_to_learn_app] reported as REPLACED, but missing application info. Assuming REMOVED.
05-01 16:20:59.455  5922  5922 D ActivityThread: Package [de.on100.help_to_learn_app] reported as REPLACED, but missing application info. Assuming REMOVED.
05-01 16:20:59.456  4308  4558 I Quality : MonitorInfo:system_server,lambda$handleProcessStart$1,ProcessList.java_2337,104
05-01 16:20:59.456  4308  4558 W ActivityManager: Slow operation: 120ms so far, now at startProcess: done updating battery stats
05-01 16:20:59.456  4308  4558 W ActivityManager: Slow operation: 120ms so far, now at startProcess: building log message
05-01 16:20:59.456  4308  4558 I ActivityManager: Start proc 11696:com.android.permissioncontroller/u0a290 for service {com.android.permissioncontroller/com.android.permissioncontroller.permission.service.PermissionControllerServiceImpl}
05-01 16:20:59.456  4308  4558 W ActivityManager: Slow operation: 120ms so far, now at startProcess: starting to update pids map
05-01 16:20:59.456  4308  4558 W ActivityManager: Slow operation: 120ms so far, now at startProcess: done updating pids map
05-01 16:20:59.456 30057 30057 D ActivityThread: Package [de.on100.help_to_learn_app] reported as REPLACED, but missing application info. Assuming REMOVED.
05-01 16:20:59.457  8832  8832 D ActivityThread: Package [de.on100.help_to_learn_app] reported as REPLACED, but missing application info. Assuming REMOVED.
05-01 16:20:59.458  6319  6319 D ActivityThread: Package [de.on100.help_to_learn_app] reported as REPLACED, but missing application info. Assuming REMOVED.
05-01 16:20:59.458  6319  6319 D ActivityThread: Package [de.on100.help_to_learn_app] reported as REPLACED, but missing application info. Assuming REMOVED.
05-01 16:20:59.459  4308 17361 D IntervalStats: Unable to parse usage stats packages: [590]
05-01 16:20:59.459 28282 28282 D ActivityThread: Package [de.on100.help_to_learn_app] reported as REPLACED, but missing application info. Assuming REMOVED.
05-01 16:20:59.460  8832  8832 D ActivityThread: Package [de.on100.help_to_learn_app] reported as REPLACED, but missing application info. Assuming REMOVED.
05-01 16:20:59.461  4308 17361 D IntervalStats: Unable to parse usage stats packages: [591]
05-01 16:20:59.461 25793 25793 D ActivityThread: Package [de.on100.help_to_learn_app] reported as REPLACED, but missing application info. Assuming REMOVED.
05-01 16:20:59.461  6319  6319 D ActivityThread: Package [de.on100.help_to_learn_app] reported as REPLACED, but missing application info. Assuming REMOVED.
05-01 16:20:59.462 24349 24349 D ActivityThread: Package [de.on100.help_to_learn_app] reported as REPLACED, but missing application info. Assuming REMOVED.
05-01 16:20:59.466  7911  7911 D ActivityThread: Package [de.on100.help_to_learn_app] reported as REPLACED, but missing application info. Assuming REMOVED.
05-01 16:20:59.468  4308  5790 V ActivityManager: Has totaly same connectionRecord, just reuse it!
05-01 16:20:59.469  4308  4619 D PackageInstallerSessionExtImpl: recordSotaAppResult stagedSession is null
05-01 16:20:59.469  4308  4619 D PackageInstallerSession: Marking session 24529061 as applied
05-01 16:20:59.469  4308  4619 D InstallerExtImpl: Avoid to hold lock when rmPackageDir
05-01 16:20:59.471  5799  5799 D ActivityThread: Package [de.on100.help_to_learn_app] reported as REPLACED, but missing application info. Assuming REMOVED.
05-01 16:20:59.471  7911  7911 D ActivityThread: Package [de.on100.help_to_learn_app] reported as REPLACED, but missing application info. Assuming REMOVED.
05-01 16:20:59.473  4308  4619 D OplusInstallAccelerateManager: stopAccelerate()
05-01 16:20:59.473  4308  4619 D OplusInstallAccelerateManager: operateCpuBouncingIfNeeded()
05-01 16:20:59.473  4308  4619 D OplusInstallAccelerateManager: originatingPackageName = unknown
05-01 16:20:59.473  4308  4619 D OplusInstallAccelerateManager: initiatingPackageName = com.android.shell
05-01 16:20:59.473  4308  4619 D OplusInstallAccelerateManager: installerPackageName = unknown
05-01 16:20:59.473  4308  4615 D OplusInstallAccelerateManager: handleMessage(1000)
05-01 16:20:59.473  4308  4615 D OplusInstallAccelerateManager: recoveryCpuBouncingIfNeeded(24529061, false)
05-01 16:20:59.473  4308  4615 D OplusInstallAccelerateManager: remove message 24529061
05-01 16:20:59.473  4308  4615 D OplusInstallAccelerateManager: recoveryCpuBouncing()
05-01 16:20:59.473  5799  5799 D ActivityThread: Package [de.on100.help_to_learn_app] reported as REPLACED, but missing application info. Assuming REMOVED.
05-01 16:20:59.474  5799  5799 D ActivityThread: Package [de.on100.help_to_learn_app] reported as REPLACED, but missing application info. Assuming REMOVED.
05-01 16:20:59.474  4308 17361 D UsageStatsService: User[0] type=0 b=1746174059457 e=1777623659457 cb=1777594990653 ce=1777623659455 disk=2059 all=2250
05-01 16:20:59.482  9356  9356 D ActivityThread: Package [de.on100.help_to_learn_app] reported as REPLACED, but missing application info. Assuming REMOVED.
05-01 16:20:59.482  9639  9639 D ActivityThread: Package [de.on100.help_to_learn_app] reported as REPLACED, but missing application info. Assuming REMOVED.
05-01 16:20:59.483  8905  8905 D ActivityThread: Package [de.on100.help_to_learn_app] reported as REPLACED, but missing application info. Assuming REMOVED.
05-01 16:20:59.485  8905  8905 D ActivityThread: Package [de.on100.help_to_learn_app] reported as REPLACED, but missing application info. Assuming REMOVED.
05-01 16:20:59.486 25910 25910 D ActivityThread: Package [de.on100.help_to_learn_app] reported as REPLACED, but missing application info. Assuming REMOVED.
05-01 16:20:59.490  4308  6391 D ActivityTaskManagerServiceExtImpl: preBindApplication record is null
05-01 16:20:59.490  4308  6391 D VRR [OPlusExternalRefreshRateManager]: isPkgTfcEnable: pkgName = com.android.permissioncontroller, enable = false
05-01 16:20:59.490  4308  6391 D VRR [OPlusExternalRefreshRateManager]: getTfcMinFramerate: pkgName = com.android.permissioncontroller, min framerate = 0
05-01 16:20:59.497 25910 25910 D ActivityThread: Package [de.on100.help_to_learn_app] reported as REPLACED, but missing application info. Assuming REMOVED.
05-01 16:20:59.510  8905  8905 D ActivityThread: Package [de.on100.help_to_learn_app] reported as REPLACED, but missing application info. Assuming REMOVED.
05-01 16:20:59.513  4308  8641 D ActivityTaskManagerServiceExtImpl: preBindApplication record is null
05-01 16:20:59.513  4308  8641 D VRR [OPlusExternalRefreshRateManager]: isPkgTfcEnable: pkgName = com.android.keychain, enable = false
05-01 16:20:59.513  4308  8641 D VRR [OPlusExternalRefreshRateManager]: getTfcMinFramerate: pkgName = com.android.keychain, min framerate = 0
05-01 16:20:59.516 10769 10769 D ActivityThread: Package [de.on100.help_to_learn_app] reported as REPLACED, but missing application info. Assuming REMOVED.
05-01 16:20:59.523 10769 10769 D ActivityThread: Package [de.on100.help_to_learn_app] reported as REPLACED, but missing application info. Assuming REMOVED.
05-01 16:20:59.523 10769 10769 D ActivityThread: Package [de.on100.help_to_learn_app] reported as REPLACED, but missing application info. Assuming REMOVED.
05-01 16:20:59.544 10769 10795 W ContextImpl: Calling a method in the system process without a qualified user: android.app.ContextImpl.sendBroadcast:1296 com.oplus.notificationmanager.AppModificationReceiver.notifyAppModified:4 com.oplus.notificationmanager.NotificationBackend.processPackageBroadcast:102 com.oplus.notificationmanager.NotificationBackend.lambda$onReceivedBroadcast$5:12 com.oplus.notificationmanager.NotificationBackend.i:1 
05-01 16:20:59.552  4308 17361 W UsageStatsService: Failed to query usage stats for locked user 10
05-01 16:20:59.561  4308 17361 D UsageStatsService: User[999] type=0 b=1746174059457 e=1777623659457 cb=1777572085769 ce=1777623442153 disk=58 all=62
05-01 16:20:59.600 11696 11696 I Quality : GetResourcesInfo:53616875,/apex/com.android.permission/priv-app/PermissionController@AP3A.240617.008/PermissionController.apk
05-01 16:20:59.602  4308  8418 I ActivityManager: Flag disabled. Ignoring finishAttachApplication from uid: 1000. pid: 11685
05-01 16:20:59.604 11696 11696 D ResourcesManagerExtImpl: applyConfigurationToAppResourcesLocked app.getDisplayId() return callback.displayId:-1
05-01 16:20:59.609  4308  4752 W OplusSelfProtectManager: pkg[com.android.keychain] not in policy list
05-01 16:20:59.655  4308 11660 D OplusOsPackageManager: uploadInstallAppInfos:{installerPkg=null, code=1, abi1=arm64-v8a, abi2=null, update=1, cert=A09AAA136A;, targetSdkVersion=36, source=com.android.shell, app_pkg=de.on100.help_to_learn_app, version=1.0.0, initiatingPkg=com.android.shell, md5=f306055766d9ae2c943c4278cb5683d0}
05-01 16:20:59.690  4308  5908 D CompatChangeReporter: Compat change id reported: 311208629; UID 1000; state: ENABLED
05-01 16:20:59.722  4308  6234 I ActivityManager: Death received, pid = 8534, processName = com.coloros.shortcuts for thread android.os.BinderProxy@9dc8865
05-01 16:20:59.723  4308  5554 I ActivityManager: Process com.coloros.shortcuts (pid 8534) has died: cch+99 CEM 
05-01 16:20:59.727  4308  6391 W PackageManager: package com.android.permissioncontroller uid 10290 pid 11696 call SetEnabledSetting(com.android.permissioncontroller component = com.android.permissioncontroller.role.ui.SpecialAppAccessListActivity, 2, 0)
05-01 16:20:59.734  4308  4530 D DisplayManagerService: Drop pending events for gone uid 10318
05-01 16:20:59.742  4308  5195 D OAppNetControlService: Hans update:[10318=false][0|0] blackList:[10340, 10298, 10357, 10329]
05-01 16:20:59.747  4308  5964 D OplusAlarmAdjustment: unalignAlarmsByUid(), uid=10318, pkgName=com.coloros.shortcuts, actions=null, procs=null, requester=1
05-01 16:20:59.747  4308  4592 D OplusAlarmAdjustMap: removeAlignUid, uid=10318, requester=1
05-01 16:20:59.748  4308  5908 I ActivityManager: Flag disabled. Ignoring finishAttachApplication from uid: 10290. pid: 11696
05-01 16:20:59.822  4308  4772 W ActivityTaskManager: callingPackage for (uid=2000, pid=11791) has no WPC
05-01 16:20:59.824  4308  4772 D WindowManager: NFW_setClientVisible:ActivityRecord{2c268df u0 de.on100.help_to_learn_app/.MainActivity clientVisible:true
05-01 16:20:59.824  4308  4772 D OplusCompatModeManagerService: getRequestedConfigurationOrientation  res:0,req:-1,config.old:0,config.new:0,ActivityRecord{2c268df u0 de.on100.help_to_learn_app/.MainActivity t-1}
05-01 16:20:59.824  4308  4772 D OplusCompatModeManagerService:  onPreActivityRecordConfigurationChanged {0.0 ?mcc??mnc ?localeList ?layoutDir ?swdp ?wdp ?hdp ?density ?lsize ?long ?ldr ?wideColorGamut ?orien ?uimode ?night ?touch ?keyb/?/? ?nav/? winConfig={ mBounds=Rect(0, 0 - 0, 0) mAppBounds=null mMaxBounds=Rect(0, 0 - 0, 0) mDisplayRotation=undefined mWindowingMode=undefined mActivityType=undefined mAlwaysOnTop=undefined mRotation=undefined} ?fontWeightAdjustmentmThemeChanged= 0, mThemeChangedFlags= 0, mFlipFont= 0, mScenario= -1, mAccessibleChanged= 0, mUxIconConfig= 0, mMaterialColor= ffffffffffffffff, mUserId= -1, mFontUserId= -1, mFontVariationSettings= ffffffff, mFoldingAngle = -1.0, mIconPackName= , mDarkModeBackgroundMaxL= -1.0, mDarkModeDialogBgMaxL= -1.0, mDarkModeForegroundMinL= -1.0, mOplusConfigType= 0, mOplusChangedConfigs= 0, OpSans= -1, mBurmeseFontFlag= -1, mFlag= 0, mExtraFlag= 0, mFlexibleActivitySuitable= -1, mPuttDisplayFlag= -1}
05-01 16:20:59.824  4308  4772 D OplusCompatModeManagerService:  disable:true,valid:false,computeReq:0,isGameRatio:false
05-01 16:20:59.824  4308  4772 D OplusCompatModeManagerService:  getOverrideMinAspectRatioForCompatMode: 0.0 getRawOverrideMinAspectRatioForCompatMode: 0.0
05-01 16:20:59.824  4308  4772 D OplusCompatModeManagerService:  ar : ActivityRecord{2c268df u0 de.on100.help_to_learn_app/.MainActivity t-1} displayId:-1 inCompatMode: false
05-01 16:20:59.824  4308  4772 D OplusCompatModeManagerService: isDefaultDisplay true oldRect: Rect(0, 0 - 0, 0) newRect Rect(0, 0 - 0, 0)
05-01 16:20:59.824  4308  4772 D OplusCompatModeManagerService: reloadCompactRatio mParWorldContainer.isEnabledParallelWindow(pkg):false,mParWorldContainer.isDisabledCompactWindow:false,isUIAutoLayout:false, isFullOrientation: false
05-01 16:20:59.825  4308  4772 D FlexibleTaskController: isSupportFlexibleWindow target = de.on100.help_to_learn_app/.MainActivity callPkg = FlexibleTaskController support = true ,caller = 4308
05-01 16:20:59.825  4308  4772 D ActivityStarterExtImpl: do not intercept for realCallingAppIsSystemApp or CallingAppIsSystemApp
05-01 16:20:59.825  4308  4772 D FlexibleWindowManagerService: isIgnoreAppearedAcrossTask:false
05-01 16:20:59.825  4308  4772 D FlexibleWindowManagerService: isIgnoreAppearedAcrossTask:false
05-01 16:20:59.826  4308  4772 D FlexibleTaskController: findSourceTaskForFreeForm: sourceRecord = null ,realCallingPid:11791 ,launchFromZoomMode:false ,prevTopTask:Task{5ad6f28 #5 type=undefined I=com.android.launcher/.Launcher}
05-01 16:20:59.826  4308  4772 D FlexibleTaskController: findSourceTaskForFreeForm: the caller is not a flexible freeform window application and does not have a zoom windowMode startup parameter
05-01 16:20:59.826  4308  4772 D FlexibleTaskController: adjustOptionsForFlexibleTask not allow options follow process task's options, reason:9 ,reusedOptions:null
05-01 16:20:59.826  4308  4772 D FlexibleTaskController: isSupportFlexibleWindow target = de.on100.help_to_learn_app/.MainActivity callPkg = FlexibleTaskController support = true ,caller = 4308
05-01 16:20:59.826  4308  4772 D FlexibleWindowManagerService: no reused task found for ActivityRecord{2c268df u0 de.on100.help_to_learn_app/.MainActivity t-1}
05-01 16:20:59.827  4308  5982 I OPM     : handleActivityStart : ActivityRecord{2c268df u0 de.on100.help_to_learn_app/.MainActivity t-1}
05-01 16:20:59.829  4308  4772 D OplusCompatModeManagerService: getRequestedConfigurationOrientation  res:0,req:-1,config.old:0,config.new:1,ActivityRecord{2c268df u0 de.on100.help_to_learn_app/.MainActivity t12469}
05-01 16:20:59.829  4308  4772 D OplusCompatModeManagerService:  onPreActivityRecordConfigurationChanged {1.0 ??mcc??mnc [en_US] ldltr sw360dp w360dp h805dp 480dpi nrml long hdr widecg port finger -keyb/v/h -nav/h winConfig={ mBounds=Rect(0, 0 - 1080, 2414) mAppBounds=Rect(0, 0 - 1080, 2414) mMaxBounds=Rect(0, 0 - 1080, 2414) mDisplayRotation=ROTATION_0 mWindowingMode=fullscreen mActivityType=standard mAlwaysOnTop=undefined mRotation=ROTATION_0} s.3646 fontWeightAdjustment=0mThemeChanged= 0, mThemeChangedFlags= 0, mFlipFont= 0, mScenario= 0, mAccessibleChanged= -1, mUxIconConfig= 1163078655912968224, mMaterialColor= 0, mUserId= 0, mFontUserId= 0, mFontVariationSettings= 1226, mFoldingAngle = -1.0, mIconPackName= , mDarkModeBackgroundMaxL= 0.0, mDarkModeDialogBgMaxL= 27.0, mDarkModeForegroundMinL= 100.0, mOplusConfigType= 1, mOplusChangedConfigs= 0, OpSans= -1, mBurmeseFontFlag= 2, mFlag= 0, mExtraFlag= 0, mFlexibleActivitySuitable= -1, mPuttDisplayFlag= -1}
05-01 16:20:59.829  4308  4772 D OplusCompatModeManagerService:  disable:true,valid:false,computeReq:0,isGameRatio:false
05-01 16:20:59.829  4308  4772 D OplusCompatModeManagerService:  getOverrideMinAspectRatioForCompatMode: 0.0 getRawOverrideMinAspectRatioForCompatMode: 0.0
05-01 16:20:59.829  4308  4772 D OplusCompatModeManagerService:  ar : ActivityRecord{2c268df u0 de.on100.help_to_learn_app/.MainActivity t12469} displayId:0 inCompatMode: false
05-01 16:20:59.829  4308  4772 D OplusCompatModeManagerService: isDefaultDisplay true oldRect: Rect(0, 0 - 0, 0) newRect Rect(0, 0 - 1080, 2414)
05-01 16:20:59.829  4308  4772 D OplusCompatModeManagerService: reloadCompactRatio mParWorldContainer.isEnabledParallelWindow(pkg):false,mParWorldContainer.isDisabledCompactWindow:false,isUIAutoLayout:false, isFullOrientation: false
05-01 16:20:59.830  4308  4772 D OplusStartingWindowManager: we don't revise window flags for third app
05-01 16:20:59.830  4308  4772 D ActivityTaskManager: validateStartingWindowTheme:  Pkg=de.on100.help_to_learn_app, Translucent=false, Floating=false, ShowWallpaper=false, Disable=false, LaunchSource=4, Prev=null, LaunchedFromPackage=com.android.shell
05-01 16:20:59.830  4308  4772 D OplusAlwaysAliveManager: save launch theme 0x7f0e00a3 for Task{45f118a #12469 type=standard I=de.on100.help_to_learn_app/.MainActivity}, act=com.android.server.wm.OplusAlwaysAliveManager@ff08586
05-01 16:20:59.830  4308  4772 D ActivityTaskManager: addStartingWindow for ActivityRecord{2c268df u0 de.on100.help_to_learn_app/.MainActivity t12469}, mainWin=null, state=INITIALIZING, isKeyguardLocked=false, isKeyguardGoingAway=false
05-01 16:20:59.830  4308  4772 D ActivityTaskManager: getStartingWindowType: , newTask=true, taskSwitch=true, processRunning=false, allowTaskSnapshot=true, activityCreated=false, activityAllDrawn=false, snapshot exist: false
05-01 16:20:59.830  4308  4772 D ActivityRecordExtImpl: handleStartingWindowForCompactWindow origin type:2, adjustType : 2
05-01 16:20:59.831  4308  4772 D TaskFragmentExtImpl: shouldDeferResumeUntilRecentsAnimFinished prev=ActivityRecord{2c268df u0 de.on100.help_to_learn_app/.MainActivity t12469}, next=ActivityRecord{2c268df u0 de.on100.help_to_learn_app/.MainActivity t12469}, task=Task{45f118a #12469 type=standard I=de.on100.help_to_learn_app/.MainActivity}
05-01 16:20:59.832  5291  5376 D PhoneStartingWindowTypeAlgorithm: preferredStartingWindowType newTask=true, taskSwitch=true, processRunning=false, allowTaskSnapshot=true, activityCreated=false, isSolidColorSplashScreen=false, legacySplashScreen=false, activityDrawn=false, windowless=false, topIsHome=false
05-01 16:20:59.832  5291  5376 D OplusShellStartingWindowManager: getReviseStartingWindowType not support, windowInfo is null
05-01 16:20:59.832  4308  4772 D ActivityTaskManager: notifyTaskAdded, task: Task{45f118a #12469 type=standard I=de.on100.help_to_learn_app/.MainActivity} trace:com.android.server.wm.RecentTasks.add:1368 com.android.server.wm.ActivityStarter.startActivityInner:2692 com.android.server.wm.ActivityStarter.startActivityUnchecked:1915 com.android.server.wm.ActivityStarter.executeRequest:1657 java.lang.reflect.Method.invoke:-2 
05-01 16:20:59.835  4308  4772 I ActivityTaskManager: START u0 {act=android.intent.action.MAIN cat=[android.intent.category.LAUNCHER] flg=0x30000000 cmp=de.on100.help_to_learn_app/.MainActivity (has extras) mCallingUid=2000} with LAUNCH_SINGLE_TOP from uid 2000 (BAL_ALLOW_PERMISSION (Background Activity start allowed: START_ACTIVITIES_FROM_BACKGROUND permission granted)) result code=0
05-01 16:20:59.835  5291  5361 V WindowManagerShell: Transition requested (#6099): android.os.BinderProxy@a7f51ba TransitionRequestInfo { type = OPEN, triggerTask = TaskInfo{userId=0 taskId=12469 displayId=0 isRunning=true baseIntent=Intent { act=android.intent.action.MAIN cat=[android.intent.category.LAUNCHER] flg=0x30000000 cmp=de.on100.help_to_learn_app/.MainActivity mCallingUid=2000 } baseActivity=ComponentInfo{de.on100.help_to_learn_app/de.on100.help_to_learn_app.MainActivity} topActivity=ComponentInfo{de.on100.help_to_learn_app/de.on100.help_to_learn_app.MainActivity} origActivity=null realActivity=ComponentInfo{de.on100.help_to_learn_app/de.on100.help_to_learn_app.MainActivity} numActivities=1 lastActiveTime=374674726 supportsSplitScreenMultiWindow=true supportsMultiWindow=true supportsPocketStudioMultiWindow=true isInFlexibleEmbedded = false uid = 10434 pid = 0 resizeMode=1 isResizeable=true minWidth=-1 minHeight=-1 defaultMinSize=220 token=WCT{android.window.IWindowContainerToken$Stub$Proxy@2f8a86b} topActivityType=1 pictureInPictureParams=null shouldDockBigOverlays=false launchIntoPipHostTaskId=-1 lastParentTaskIdBeforePip=-1 displayCutoutSafeInsets=Rect(0, 121 - 0, 0) topActivityInfo=ActivityInfo{4f27fc8 de.on100.help_to_learn_app.MainActivity} launchCookies=[] positionInParent=Point(0, 0) parentTaskId=-1 isFocused=false isVisible=false isVisibleRequested=false isSleeping=false locusId=null displayAreaFeatureId=1 isTopActivityTransparent=false appCompatTaskInfo=AppCompatTaskInfo { topActivityInSizeCompat=false topActivityInOplusCompatMode=false topActivityEligibleForLetterboxEducation= falseisLetterboxEducationEnabled= false isLetterboxDoubleTapEnabled= false topActivityEligibleForUserAspectRatioButton= false topActivityBoundsLetterboxed= false isFromLetterboxDoubleTap= false topActivityLetterboxVerticalPosition= -1 topActivityLetterboxHorizontalPosition= -1 topActivityLetterboxWidth=1080 topActivityLetterboxHeight=2414 isUserFullscreenOverrideEnabled=false isSystemFullscreenOverrideEnabled=false cameraCompatTaskInfo=CameraCompatTaskInfo { cameraCompatControlState=hidden freeformCameraCompatMode=inactive}} topActivityLetterboxInsets=Rect(0, 0 - 0, 0) mOplusExtraBundle = Bundle[mParcelledData.dataSize=1032]}, pipTask = null, remoteTransition = null, displayChange = null, flags = 0, debugId = 6099 }
05-01 16:20:59.837  4308  5908 D TaskFragmentExtImpl: shouldDeferResumeUntilRecentsAnimFinished prev=ActivityRecord{31c5b0e u0 com.android.launcher/.Launcher t5}, next=null, task=Task{5ad6f28 #5 type=undefined I=com.android.launcher/.Launcher}
05-01 16:20:59.837  4308  5908 D TaskFragmentExtImpl: shouldDeferResumeUntilRecentsAnimFinished prev=ActivityRecord{31c5b0e u0 com.android.launcher/.Launcher t5}, next=ActivityRecord{2c268df u0 de.on100.help_to_learn_app/.MainActivity t12469}, task=Task{45f118a #12469 type=standard I=de.on100.help_to_learn_app/.MainActivity}
05-01 16:20:59.838  5291  5376 D OplusShellStartingWindowManager: adjustSuggestedWindowType originType: 1, wi: StartingWindowInfo{taskId=12469 targetActivityInfo=null displayId=0 topActivityType=1 preferredStartingWindowType=8b insetsState=null topWindowLayoutParams=null mainWindowLayoutParams=null splashScreenThemeResId 7f0e00a3, exi: OplusStartingWindowExtendedInfo{mAppToken=android.os.BinderProxy@8c0cf86, mSupportSplashScreenPreview=false, mIsSystemApp=false, mIsExceptionListApp=false, mPreviewBitmap=null, mShouldDrawBackground=false, mForceLightMode=false, mForceNightMode=false, mNotSupportNightMode=false, mForcePreview=false, mForceBigIcon=false, mQuickStartingSurface=null, mForceSolidColorSplash=false}
05-01 16:20:59.838  5291  5376 D OplusShellStartingWindowManager: adjustSuggestedWindowType: skip no-system app and no-exception list app
05-01 16:20:59.839  5291  5377 D ShellStartingWindow: getWindowAttrs SplashScreenWindowAttrs{ mWindowBgResId: 106000f, mWindowBgColor: 0, mWindowBgImage: false, mSplashScreenIcon: false, mBrandingImage: false, mIconBgColor: 0, uiMode: 0}
05-01 16:20:59.840  5291  5377 W ShellStartingWindow: peekWindowBGColor mWindowBgColor:0 mWindowBgResId:17170447 estimatedWindowBGColor:-1
05-01 16:20:59.840  5291  5377 I ShellStartingWindow: makeSplashScreenContentView themeBGColor: ffffffff, isDark: false, last config hash: 2041401343
05-01 16:20:59.841  4308  5908 I AppsFilter: interaction: PackageSetting{caf1065 com.android.microdroid.empty_payload/10268} -> PackageSetting{a6f13a de.on100.help_to_learn_app/10434} BLOCKED
05-01 16:20:59.843  5291  5361 D WindowManagerShell: setLauncherKeepClearAreaHeight: visible=false, height=252
05-01 16:20:59.843  4308  5908 I AppsFilter: interaction: PackageSetting{17091eb com.github.nrfr/10417} -> PackageSetting{a6f13a de.on100.help_to_learn_app/10434} BLOCKED
05-01 16:20:59.844  4308  5908 I AppsFilter: interaction: PackageSetting{25eb48 com.oplus.locationproxy/10176} -> PackageSetting{a6f13a de.on100.help_to_learn_app/10434} BLOCKED
05-01 16:20:59.844  4308  5908 I AppsFilter: interaction: PackageSetting{f854de1 com.android.certinstaller/10232} -> PackageSetting{a6f13a de.on100.help_to_learn_app/10434} BLOCKED
05-01 16:20:59.845  5291  5377 D ShellStartingWindow: inconsize = 480
05-01 16:20:59.846  4308  5908 I AppsFilter: interaction: PackageSetting{cc461c7 com.oplus.location/10251} -> PackageSetting{a6f13a de.on100.help_to_learn_app/10434} BLOCKED
05-01 16:20:59.847  4308  5085 D JobSchedulerServiceExtImpl: updateOsenseRestrictMode for 1 true false
05-01 16:20:59.847  4308  5908 D ActivityTaskManager: setAppVisibility(Token{e8eb3fb ActivityRecord{2c268df u0 de.on100.help_to_learn_app/.MainActivity t12469}}, visible=true): mNextAppTransitionRequests=[], mNextAppTransitionFlags=,mAppTransitionState=APP_STATE_IDLE visible=false mVisibleRequested=false
05-01 16:20:59.847  4308  5908 D ActivityTaskManager: setVisibility(Token{e8eb3fb ActivityRecord{2c268df u0 de.on100.help_to_learn_app/.MainActivity t12469}}, visible=true) defer commitVisibility for transition collecting
05-01 16:20:59.847  4308  5908 D ActivityTaskManager: setAppVisibility(Token{3a6b441 ActivityRecord{31c5b0e u0 com.android.launcher/.Launcher t5}}, visible=false): mNextAppTransitionRequests=[], mNextAppTransitionFlags=,mAppTransitionState=APP_STATE_IDLE visible=true mVisibleRequested=true
05-01 16:20:59.848  4308  5908 D ActivityTaskManager: setVisibility(Token{3a6b441 ActivityRecord{31c5b0e u0 com.android.launcher/.Launcher t5}}, visible=false) defer commitVisibility for transition collecting
05-01 16:20:59.850  4308  5999 D ActivityTaskManager: attachStartingWindow: mStartingData=SplashScreenStartingData{f1cdb60 waitForSyncTransactionCommit=false removeAfterTransaction= 0},mStartingWindow=Window{3d66d92 u0 Splash Screen de.on100.help_to_learn_app}
05-01 16:20:59.850  4308  5999 I WindowManager: addWindow: New client android.os.BinderProxy@127e71d : window=Window{3d66d92 u0 Splash Screen de.on100.help_to_learn_app}
05-01 16:20:59.851  4308  5964 I NativeFreezeManager: Get dex2oat pid more than 3 times
05-01 16:20:59.851  4308  5999 D WindowManager: rotation(ROTATION_0) no changed  displayId = 0, lastOrientation = -1
05-01 16:20:59.851  4308  5964 D NativeFreezeManager: freezeForAppSwitchScene mAppLaunchFzDxEnable enter, mFgAppPkgname de.on100.help_to_learn_app
05-01 16:20:59.853  4308  4532 W ProcessStats: Tracking association SourceState{2aeea39 system/1000 BFgs #518921} whose proc state 4 is better than process ProcessState{1a5f41 li.songe.gkd/10429 pkg=li.songe.gkd} proc state 5 (13 skipped)
05-01 16:20:59.855  4308  5999 I AccessibilityWindowsPopulator: getInsensibleFlag flag = 0 ,task = Task{5ad6f28 #5 type=undefined I=com.android.launcher/.Launcher}
05-01 16:20:59.858  4308  5908 D WindowManagerServiceExtImpl: extractConfigInfoAndRealFlags rotation=0, screenDp=0, residentWS:0, scenario:0, bounds:2414, serverWinBounds:Rect(0, 0 - 1080, 2414), win=Window{3d66d92 u0 Splash Screen de.on100.help_to_learn_app}
05-01 16:20:59.858  4308  5908 V WindowManager: Relayout Window{3d66d92 u0 Splash Screen de.on100.help_to_learn_app}: viewVisibility=0, oldvis=0, req=1080x2414, vsysui=, x=0, y=0
05-01 16:20:59.858  4308  5908 I WindowManager: Window{3d66d92 u0 Splash Screen de.on100.help_to_learn_app} state from NO_SURFACE to DRAW_PENDING; reason: resetDrawState
05-01 16:20:59.861  4308  5908 D WindowManager: NFW_findFocusedWindowIfNeeded:null mCurrentFocus:Window{51419a9 u0 com.android.launcher/com.android.launcher.Launcher}
05-01 16:20:59.861  4308  5908 V WindowManager: Changing focus from Window{51419a9 u0 com.android.launcher/com.android.launcher.Launcher} to null,diplayid=0
05-01 16:20:59.862  5291  5376 W VRI[help_to_learn_app]: updateBlastSurfaceIfNeeded, surfaceSize:Point(1080, 2414), lastSurfaceSize:Point(0, 0), format:-3, blastBufferQueue:null
05-01 16:20:59.888 11663 11663 I Quality : Odex status:up-to-date filter:speed-profile reason:bg-dexopt location:/product/priv-app/PhoneManager/PhoneManager.apk cost:301
05-01 16:20:59.889  5291  5376 W VRI[help_to_learn_app]: handleResized, msg:, frameChanged:false, configChanged:false, displayChanged:false, attachedFrameChanged:false, compatScaleChanged:false, pendingDragResizing=false
05-01 16:20:59.886  4308  4946 I VibrationEffectConvertor: onInputMethodListUpdated received, info.size = 6
05-01 16:20:59.890  4308  6391 D OplusTransitionController: onSyncFinishedDrawing, Window{3d66d92 u0 Splash Screen de.on100.help_to_learn_app}
05-01 16:20:59.890  4308  4946 I VibrationEffectConvertor: userid = 0, packageName = com.kunzisoft.keepass.free
05-01 16:20:59.890  4308  4946 I VibrationEffectConvertor: userid = 0, packageName = youqu.android.todesk
05-01 16:20:59.890  4308  4946 I VibrationEffectConvertor: userid = 0, packageName = com.sohu.inputmethod.sogouoem
05-01 16:20:59.890  4308  4946 I VibrationEffectConvertor: userid = 0, packageName = com.google.android.inputmethod.latin
05-01 16:20:59.890  4308  4946 I VibrationEffectConvertor: userid = 0, packageName = com.baidu.input_oppo
05-01 16:20:59.890  4308  4946 I VibrationEffectConvertor: userid = 0, packageName = com.oplus.securitykeyboard
05-01 16:20:59.890  4308  6391 I WindowManager: finishDrawing skipLayout:false,syncSeqId=0,mPrepareSyncSeqId=0 Window{3d66d92 u0 Splash Screen de.on100.help_to_learn_app} com.android.server.wm.WindowManagerService.finishDrawingWindow:3156 com.android.server.wm.Session.finishDrawing:385 android.view.IWindowSession$Stub.onTransact:824 
05-01 16:20:59.890  4308  6391 I WindowManager: Window{3d66d92 u0 Splash Screen de.on100.help_to_learn_app} state from DRAW_PENDING to COMMIT_DRAW_PENDING; reason: finishDrawingLocked
